Archive member included to satisfy reference by file (symbol)

D:/Coding/environment/embedded-c/STM32CubeIDE_1.13.2/STM32CubeIDE/plugins/com.st.stm32cube.ide.mcu.externaltools.gnu-tools-for-stm32.11.3.rel1.win32_1.1.1.202309131626/tools/bin/../lib/gcc/arm-none-eabi/11.3.1/../../../../arm-none-eabi/lib/thumb/v7e-m+fp/hard\libc_nano.a(libc_a-exit.o)
                              D:/Coding/environment/embedded-c/STM32CubeIDE_1.13.2/STM32CubeIDE/plugins/com.st.stm32cube.ide.mcu.externaltools.gnu-tools-for-stm32.11.3.rel1.win32_1.1.1.202309131626/tools/bin/../lib/gcc/arm-none-eabi/11.3.1/../../../../arm-none-eabi/lib/thumb/v7e-m+fp/hard/crt0.o (exit)
D:/Coding/environment/embedded-c/STM32CubeIDE_1.13.2/STM32CubeIDE/plugins/com.st.stm32cube.ide.mcu.externaltools.gnu-tools-for-stm32.11.3.rel1.win32_1.1.1.202309131626/tools/bin/../lib/gcc/arm-none-eabi/11.3.1/../../../../arm-none-eabi/lib/thumb/v7e-m+fp/hard\libc_nano.a(libc_a-findfp.o)
                              D:/Coding/environment/embedded-c/STM32CubeIDE_1.13.2/STM32CubeIDE/plugins/com.st.stm32cube.ide.mcu.externaltools.gnu-tools-for-stm32.11.3.rel1.win32_1.1.1.202309131626/tools/bin/../lib/gcc/arm-none-eabi/11.3.1/../../../../arm-none-eabi/lib/thumb/v7e-m+fp/hard\libc_nano.a(libc_a-exit.o) (__stdio_exit_handler)
D:/Coding/environment/embedded-c/STM32CubeIDE_1.13.2/STM32CubeIDE/plugins/com.st.stm32cube.ide.mcu.externaltools.gnu-tools-for-stm32.11.3.rel1.win32_1.1.1.202309131626/tools/bin/../lib/gcc/arm-none-eabi/11.3.1/../../../../arm-none-eabi/lib/thumb/v7e-m+fp/hard\libc_nano.a(libc_a-fwalk.o)
                              D:/Coding/environment/embedded-c/STM32CubeIDE_1.13.2/STM32CubeIDE/plugins/com.st.stm32cube.ide.mcu.externaltools.gnu-tools-for-stm32.11.3.rel1.win32_1.1.1.202309131626/tools/bin/../lib/gcc/arm-none-eabi/11.3.1/../../../../arm-none-eabi/lib/thumb/v7e-m+fp/hard\libc_nano.a(libc_a-findfp.o) (_fwalk_sglue)
D:/Coding/environment/embedded-c/STM32CubeIDE_1.13.2/STM32CubeIDE/plugins/com.st.stm32cube.ide.mcu.externaltools.gnu-tools-for-stm32.11.3.rel1.win32_1.1.1.202309131626/tools/bin/../lib/gcc/arm-none-eabi/11.3.1/../../../../arm-none-eabi/lib/thumb/v7e-m+fp/hard\libc_nano.a(libc_a-stdio.o)
                              D:/Coding/environment/embedded-c/STM32CubeIDE_1.13.2/STM32CubeIDE/plugins/com.st.stm32cube.ide.mcu.externaltools.gnu-tools-for-stm32.11.3.rel1.win32_1.1.1.202309131626/tools/bin/../lib/gcc/arm-none-eabi/11.3.1/../../../../arm-none-eabi/lib/thumb/v7e-m+fp/hard\libc_nano.a(libc_a-findfp.o) (__sread)
D:/Coding/environment/embedded-c/STM32CubeIDE_1.13.2/STM32CubeIDE/plugins/com.st.stm32cube.ide.mcu.externaltools.gnu-tools-for-stm32.11.3.rel1.win32_1.1.1.202309131626/tools/bin/../lib/gcc/arm-none-eabi/11.3.1/../../../../arm-none-eabi/lib/thumb/v7e-m+fp/hard\libc_nano.a(libc_a-memset.o)
                              D:/Coding/environment/embedded-c/STM32CubeIDE_1.13.2/STM32CubeIDE/plugins/com.st.stm32cube.ide.mcu.externaltools.gnu-tools-for-stm32.11.3.rel1.win32_1.1.1.202309131626/tools/bin/../lib/gcc/arm-none-eabi/11.3.1/../../../../arm-none-eabi/lib/thumb/v7e-m+fp/hard/crt0.o (memset)
D:/Coding/environment/embedded-c/STM32CubeIDE_1.13.2/STM32CubeIDE/plugins/com.st.stm32cube.ide.mcu.externaltools.gnu-tools-for-stm32.11.3.rel1.win32_1.1.1.202309131626/tools/bin/../lib/gcc/arm-none-eabi/11.3.1/../../../../arm-none-eabi/lib/thumb/v7e-m+fp/hard\libc_nano.a(libc_a-closer.o)
                              D:/Coding/environment/embedded-c/STM32CubeIDE_1.13.2/STM32CubeIDE/plugins/com.st.stm32cube.ide.mcu.externaltools.gnu-tools-for-stm32.11.3.rel1.win32_1.1.1.202309131626/tools/bin/../lib/gcc/arm-none-eabi/11.3.1/../../../../arm-none-eabi/lib/thumb/v7e-m+fp/hard\libc_nano.a(libc_a-stdio.o) (_close_r)
D:/Coding/environment/embedded-c/STM32CubeIDE_1.13.2/STM32CubeIDE/plugins/com.st.stm32cube.ide.mcu.externaltools.gnu-tools-for-stm32.11.3.rel1.win32_1.1.1.202309131626/tools/bin/../lib/gcc/arm-none-eabi/11.3.1/../../../../arm-none-eabi/lib/thumb/v7e-m+fp/hard\libc_nano.a(libc_a-reent.o)
                              D:/Coding/environment/embedded-c/STM32CubeIDE_1.13.2/STM32CubeIDE/plugins/com.st.stm32cube.ide.mcu.externaltools.gnu-tools-for-stm32.11.3.rel1.win32_1.1.1.202309131626/tools/bin/../lib/gcc/arm-none-eabi/11.3.1/../../../../arm-none-eabi/lib/thumb/v7e-m+fp/hard\libc_nano.a(libc_a-closer.o) (errno)
D:/Coding/environment/embedded-c/STM32CubeIDE_1.13.2/STM32CubeIDE/plugins/com.st.stm32cube.ide.mcu.externaltools.gnu-tools-for-stm32.11.3.rel1.win32_1.1.1.202309131626/tools/bin/../lib/gcc/arm-none-eabi/11.3.1/../../../../arm-none-eabi/lib/thumb/v7e-m+fp/hard\libc_nano.a(libc_a-impure.o)
                              D:/Coding/environment/embedded-c/STM32CubeIDE_1.13.2/STM32CubeIDE/plugins/com.st.stm32cube.ide.mcu.externaltools.gnu-tools-for-stm32.11.3.rel1.win32_1.1.1.202309131626/tools/bin/../lib/gcc/arm-none-eabi/11.3.1/../../../../arm-none-eabi/lib/thumb/v7e-m+fp/hard\libc_nano.a(libc_a-reent.o) (_impure_ptr)
[...]
Memory Configuration

Name             Origin             Length             Attributes
RETRAM_interrupts 0x0000000000000000 0x0000000000000600 xrw
SRAM1_text       0x0000000010000000 0x0000000000020000 xrw
SRAM2_data       0x0000000010020000 0x0000000000020000 xrw
SRAM3_ipc_shm    0x0000000010040000 0x0000000000010000 xrw
SRAM4            0x0000000010050000 0x0000000000010000 xrw
*default*        0x0000000000000000 0xffffffffffffffff

Linker script and memory map

LOAD D:/Coding/environment/embedded-c/STM32CubeIDE_1.13.2/STM32CubeIDE/plugins/com.st.stm32cube.ide.mcu.externaltools.gnu-tools-for-stm32.11.3.rel1.win32_1.1.1.202309131626/tools/bin/../lib/gcc/arm-none-eabi/11.3.1/thumb/v7e-m+fp/hard/crti.o
LOAD D:/Coding/environment/embedded-c/STM32CubeIDE_1.13.2/STM32CubeIDE/plugins/com.st.stm32cube.ide.mcu.externaltools.gnu-tools-for-stm32.11.3.rel1.win32_1.1.1.202309131626/tools/bin/../lib/gcc/arm-none-eabi/11.3.1/thumb/v7e-m+fp/hard/crtbegin.o
LOAD D:/Coding/environment/embedded-c/STM32CubeIDE_1.13.2/STM32CubeIDE/plugins/com.st.stm32cube.ide.mcu.externaltools.gnu-tools-for-stm32.11.3.rel1.win32_1.1.1.202309131626/tools/bin/../lib/gcc/arm-none-eabi/11.3.1/../../../../arm-none-eabi/lib/thumb/v7e-m+fp/hard/crt0.o
LOAD ./Common/System/system_stm32mp1xx.o
LOAD ./Core/Src/gpio.o
LOAD ./Core/Src/main.o
LOAD ./Core/Src/stm32mp1xx_hal_msp.o
LOAD ./Core/Src/stm32mp1xx_it.o
LOAD ./Core/Src/syscalls.o
LOAD ./Core/Src/sysmem.o
LOAD ./Core/Startup/startup_stm32mp157dacx.o
LOAD ./DemoDriver/driver_led.o
LOAD ./Drivers/STM32MP1xx_HAL_Driver/stm32mp1xx_hal.o
LOAD ./Drivers/STM32MP1xx_HAL_Driver/stm32mp1xx_hal_cortex.o
LOAD ./Drivers/STM32MP1xx_HAL_Driver/stm32mp1xx_hal_dma.o
LOAD ./Drivers/STM32MP1xx_HAL_Driver/stm32mp1xx_hal_dma_ex.o
LOAD ./Drivers/STM32MP1xx_HAL_Driver/stm32mp1xx_hal_exti.o
LOAD ./Drivers/STM32MP1xx_HAL_Driver/stm32mp1xx_hal_gpio.o
LOAD ./Drivers/STM32MP1xx_HAL_Driver/stm32mp1xx_hal_hsem.o
LOAD ./Drivers/STM32MP1xx_HAL_Driver/stm32mp1xx_hal_mdma.o
LOAD ./Drivers/STM32MP1xx_HAL_Driver/stm32mp1xx_hal_pwr.o
LOAD ./Drivers/STM32MP1xx_HAL_Driver/stm32mp1xx_hal_pwr_ex.o
LOAD ./Drivers/STM32MP1xx_HAL_Driver/stm32mp1xx_hal_rcc.o
LOAD ./Drivers/STM32MP1xx_HAL_Driver/stm32mp1xx_hal_rcc_ex.o
START GROUP
LOAD D:/Coding/environment/embedded-c/STM32CubeIDE_1.13.2/STM32CubeIDE/plugins/com.st.stm32cube.ide.mcu.externaltools.gnu-tools-for-stm32.11.3.rel1.win32_1.1.1.202309131626/tools/bin/../lib/gcc/arm-none-eabi/11.3.1/../../../../arm-none-eabi/lib/thumb/v7e-m+fp/hard\libc_nano.a
LOAD D:/Coding/environment/embedded-c/STM32CubeIDE_1.13.2/STM32CubeIDE/plugins/com.st.stm32cube.ide.mcu.externaltools.gnu-tools-for-stm32.11.3.rel1.win32_1.1.1.202309131626/tools/bin/../lib/gcc/arm-none-eabi/11.3.1/../../../../arm-none-eabi/lib/thumb/v7e-m+fp/hard\libm.a
END GROUP
START GROUP
LOAD D:/Coding/environment/embedded-c/STM32CubeIDE_1.13.2/STM32CubeIDE/plugins/com.st.stm32cube.ide.mcu.externaltools.gnu-tools-for-stm32.11.3.rel1.win32_1.1.1.202309131626/tools/bin/../lib/gcc/arm-none-eabi/11.3.1/thumb/v7e-m+fp/hard\libgcc.a
LOAD D:/Coding/environment/embedded-c/STM32CubeIDE_1.13.2/STM32CubeIDE/plugins/com.st.stm32cube.ide.mcu.externaltools.gnu-tools-for-stm32.11.3.rel1.win32_1.1.1.202309131626/tools/bin/../lib/gcc/arm-none-eabi/11.3.1/../../../../arm-none-eabi/lib/thumb/v7e-m+fp/hard\libc_nano.a
END GROUP
START GROUP
LOAD D:/Coding/environment/embedded-c/STM32CubeIDE_1.13.2/STM32CubeIDE/plugins/com.st.stm32cube.ide.mcu.externaltools.gnu-tools-for-stm32.11.3.rel1.win32_1.1.1.202309131626/tools/bin/../lib/gcc/arm-none-eabi/11.3.1/thumb/v7e-m+fp/hard\libgcc.a
LOAD D:/Coding/environment/embedded-c/STM32CubeIDE_1.13.2/STM32CubeIDE/plugins/com.st.stm32cube.ide.mcu.externaltools.gnu-tools-for-stm32.11.3.rel1.win32_1.1.1.202309131626/tools/bin/../lib/gcc/arm-none-eabi/11.3.1/../../../../arm-none-eabi/lib/thumb/v7e-m+fp/hard\libc_nano.a
LOAD D:/Coding/environment/embedded-c/STM32CubeIDE_1.13.2/STM32CubeIDE/plugins/com.st.stm32cube.ide.mcu.externaltools.gnu-tools-for-stm32.11.3.rel1.win32_1.1.1.202309131626/tools/bin/../lib/gcc/arm-none-eabi/11.3.1/../../../../arm-none-eabi/lib/thumb/v7e-m+fp/hard\libnosys.a
END GROUP
START GROUP
LOAD D:/Coding/environment/embedded-c/STM32CubeIDE_1.13.2/STM32CubeIDE/plugins/com.st.stm32cube.ide.mcu.externaltools.gnu-tools-for-stm32.11.3.rel1.win32_1.1.1.202309131626/tools/bin/../lib/gcc/arm-none-eabi/11.3.1/thumb/v7e-m+fp/hard\libgcc.a
LOAD D:/Coding/environment/embedded-c/STM32CubeIDE_1.13.2/STM32CubeIDE/plugins/com.st.stm32cube.ide.mcu.externaltools.gnu-tools-for-stm32.11.3.rel1.win32_1.1.1.202309131626/tools/bin/../lib/gcc/arm-none-eabi/11.3.1/../../../../arm-none-eabi/lib/thumb/v7e-m+fp/hard\libc_nano.a
LOAD D:/Coding/environment/embedded-c/STM32CubeIDE_1.13.2/STM32CubeIDE/plugins/com.st.stm32cube.ide.mcu.externaltools.gnu-tools-for-stm32.11.3.rel1.win32_1.1.1.202309131626/tools/bin/../lib/gcc/arm-none-eabi/11.3.1/../../../../arm-none-eabi/lib/thumb/v7e-m+fp/hard\libnosys.a
END GROUP
LOAD D:/Coding/environment/embedded-c/STM32CubeIDE_1.13.2/STM32CubeIDE/plugins/com.st.stm32cube.ide.mcu.externaltools.gnu-tools-for-stm32.11.3.rel1.win32_1.1.1.202309131626/tools/bin/../lib/gcc/arm-none-eabi/11.3.1/thumb/v7e-m+fp/hard/crtend.o
LOAD D:/Coding/environment/embedded-c/STM32CubeIDE_1.13.2/STM32CubeIDE/plugins/com.st.stm32cube.ide.mcu.externaltools.gnu-tools-for-stm32.11.3.rel1.win32_1.1.1.202309131626/tools/bin/../lib/gcc/arm-none-eabi/11.3.1/thumb/v7e-m+fp/hard/crtn.o
                0x0000000010040000                _estack = (ORIGIN (SRAM2_data) + LENGTH (SRAM2_data))
                0x0000000000000200                _Min_Heap_Size = 0x200
                0x0000000000000400                _Min_Stack_Size = 0x400
                0x0000000010040000                __OPENAMP_region_start__ = ORIGIN (SRAM3_ipc_shm)
                0x0000000010050000                __OPENAMP_region_end__ = (ORIGIN (SRAM3_ipc_shm) + LENGTH (SRAM3_ipc_shm))

.isr_vector     0x0000000000000000      0x298
                0x0000000000000000                . = ALIGN (0x4)
 *(.isr_vector)
 .isr_vector    0x0000000000000000      0x298 ./Core/Startup/startup_stm32mp157dacx.o
                0x0000000000000000                g_pfnVectors
                0x0000000000000298                . = ALIGN (0x4)

.text           0x0000000010000000     0x27d8
                0x0000000010000000                . = ALIGN (0x4)
 *(.text)
 .text          0x0000000010000000       0x40 D:/Coding/environment/embedded-c/STM32CubeIDE_1.13.2/STM32CubeIDE/plugins/com.st.stm32cube.ide.mcu.externaltools.gnu-tools-for-stm32.11.3.rel1.win32_1.1.1.202309131626/tools/bin/../lib/gcc/arm-none-eabi/11.3.1/thumb/v7e-m+fp/hard/crtbegin.o
 *(.text*)
 .text.SystemInit
                0x0000000010000040       0x4c ./Common/System/system_stm32mp1xx.o
                0x0000000010000040                SystemInit
 .text.MX_GPIO_Init
                0x000000001000008c       0x94 ./Core/Src/gpio.o
                0x000000001000008c                MX_GPIO_Init
 .text.main     0x0000000010000120       0x38 ./Core/Src/main.o
                0x0000000010000120                main
 .text.SystemClock_Config
                0x0000000010000158      0x1c0 ./Core/Src/main.o
                0x0000000010000158                SystemClock_Config
 .text.Error_Handler
                0x0000000010000318        0xa ./Core/Src/main.o
                0x0000000010000318                Error_Handler
 .text.HAL_MspInit
                0x0000000010000322       0x60 ./Core/Src/stm32mp1xx_hal_msp.o
                0x0000000010000322                HAL_MspInit
 .text.NMI_Handler
                0x0000000010000382        0x6 ./Core/Src/stm32mp1xx_it.o
                0x0000000010000382                NMI_Handler
 .text.HardFault_Handler
                0x0000000010000388        0x6 ./Core/Src/stm32mp1xx_it.o
                0x0000000010000388                HardFault_Handler
 .text.MemManage_Handler
                0x000000001000038e        0x6 ./Core/Src/stm32mp1xx_it.o
                0x000000001000038e                MemManage_Handler
 .text.BusFault_Handler
                0x0000000010000394        0x6 ./Core/Src/stm32mp1xx_it.o
                0x0000000010000394                BusFault_Handler
 .text.UsageFault_Handler
                0x000000001000039a        0x6 ./Core/Src/stm32mp1xx_it.o
                0x000000001000039a                UsageFault_Handler
 .text.SVC_Handler
                0x00000000100003a0        0xe ./Core/Src/stm32mp1xx_it.o
                0x00000000100003a0                SVC_Handler
 .text.DebugMon_Handler
                0x00000000100003ae        0xe ./Core/Src/stm32mp1xx_it.o
                0x00000000100003ae                DebugMon_Handler
 .text.PendSV_Handler
                0x00000000100003bc        0xe ./Core/Src/stm32mp1xx_it.o
                0x00000000100003bc                PendSV_Handler
 .text.SysTick_Handler
                0x00000000100003ca        0xc ./Core/Src/stm32mp1xx_it.o
                0x00000000100003ca                SysTick_Handler
 .text.RCC_WAKEUP_IRQHandler
                0x00000000100003d6        0xc ./Core/Src/stm32mp1xx_it.o
                0x00000000100003d6                RCC_WAKEUP_IRQHandler
 .text.Default_Handler
                0x00000000100003e2        0x2 ./Core/Startup/startup_stm32mp157dacx.o
                0x00000000100003e2                EXTI2_IRQHandler
                0x00000000100003e2                TIM8_TRG_COM_IRQHandler
                0x00000000100003e2                TIM8_CC_IRQHandler
                0x00000000100003e2                EXTI5_IRQHandler
                0x00000000100003e2                UART8_IRQHandler
                0x00000000100003e2                SPI4_IRQHandler
                0x00000000100003e2                EXTI13_IRQHandler
                0x00000000100003e2                TIM1_CC_IRQHandler
                0x00000000100003e2                DMA2_Stream5_IRQHandler
                0x00000000100003e2                ETH1_WKUP_IRQHandler
                0x00000000100003e2                TAMP_IRQHandler
                0x00000000100003e2                DMA1_Stream5_IRQHandler
                0x00000000100003e2                TIM6_IRQHandler
                0x00000000100003e2                EXTI12_IRQHandler
                0x00000000100003e2                EXTI3_IRQHandler
                0x00000000100003e2                LPTIM4_IRQHandler
                0x00000000100003e2                EXTI8_IRQHandler
                0x00000000100003e2                LPTIM2_IRQHandler
                0x00000000100003e2                DFSDM1_FLT1_IRQHandler
                0x00000000100003e2                I2C3_ER_IRQHandler
                0x00000000100003e2                DFSDM1_FLT2_IRQHandler
                0x00000000100003e2                I2C5_EV_IRQHandler
                0x00000000100003e2                MDMA_IRQHandler
                0x00000000100003e2                IPCC_TX1_IRQHandler
                0x00000000100003e2                LPTIM3_IRQHandler
                0x00000000100003e2                EXTI0_IRQHandler
                0x00000000100003e2                I2C2_EV_IRQHandler
                0x00000000100003e2                DMA1_Stream2_IRQHandler
                0x00000000100003e2                FPU_IRQHandler
                0x00000000100003e2                USBH_OHCI_IRQHandler
                0x00000000100003e2                FDCAN1_IT1_IRQHandler
                0x00000000100003e2                LTDC_ER_IRQHandler
                0x00000000100003e2                DMA2_Stream2_IRQHandler
                0x00000000100003e2                IPCC_RX0_IRQHandler
                0x00000000100003e2                OTG_IRQHandler
                0x00000000100003e2                SPI1_IRQHandler
                0x00000000100003e2                DCMI_IRQHandler
                0x00000000100003e2                TIM8_UP_IRQHandler
                0x00000000100003e2                DMA2_Stream3_IRQHandler
                0x00000000100003e2                USBH_EHCI_IRQHandler
                0x00000000100003e2                nCTIIRQ2_IRQHandler
                0x00000000100003e2                HASH1_IRQHandler
                0x00000000100003e2                GPU_IRQHandler
                0x00000000100003e2                SAI2_IRQHandler
                0x00000000100003e2                ADC1_IRQHandler
                0x00000000100003e2                RESERVED148_IRQHandler
                0x00000000100003e2                RTC_TIMESTAMP_IRQHandler
                0x00000000100003e2                DFSDM1_FLT3_IRQHandler
                0x00000000100003e2                USART6_IRQHandler
                0x00000000100003e2                EXTI15_IRQHandler
                0x00000000100003e2                TIM17_IRQHandler
                0x00000000100003e2                USART3_IRQHandler
                0x00000000100003e2                EXTI9_IRQHandler
                0x00000000100003e2                LPTIM5_IRQHandler
                0x00000000100003e2                UART5_IRQHandler
                0x00000000100003e2                DMA2_Stream0_IRQHandler
                0x00000000100003e2                TIM4_IRQHandler
                0x00000000100003e2                CRYP2_IRQHandler
                0x00000000100003e2                QUADSPI_IRQHandler
                0x00000000100003e2                I2C1_EV_IRQHandler
                0x00000000100003e2                DMA1_Stream6_IRQHandler
                0x00000000100003e2                RESERVED99_IRQHandler
                0x00000000100003e2                DMAMUX1_OVR_IRQHandler
                0x00000000100003e2                DMA1_Stream1_IRQHandler
                0x00000000100003e2                TIM16_IRQHandler
                0x00000000100003e2                UART4_IRQHandler
                0x00000000100003e2                TIM3_IRQHandler
                0x00000000100003e2                RCC_IRQHandler
                0x00000000100003e2                TIM1_TRG_COM_IRQHandler
                0x00000000100003e2                nCTIIRQ1_IRQHandler
                0x00000000100003e2                Default_Handler
                0x00000000100003e2                IPCC_RX1_IRQHandler
                0x00000000100003e2                CEC_IRQHandler
                0x00000000100003e2                DFSDM1_FLT4_IRQHandler
                0x00000000100003e2                TIM14_IRQHandler
                0x00000000100003e2                I2C5_ER_IRQHandler
                0x00000000100003e2                TIM13_IRQHandler
                0x00000000100003e2                DMA1_Stream7_IRQHandler
                0x00000000100003e2                IPCC_TX0_IRQHandler
                0x00000000100003e2                SPI5_IRQHandler
                0x00000000100003e2                TIM12_IRQHandler
                0x00000000100003e2                TIM7_IRQHandler
                0x00000000100003e2                SDMMC1_IRQHandler
                0x00000000100003e2                TIM5_IRQHandler
                0x00000000100003e2                DMA2_Stream7_IRQHandler
                0x00000000100003e2                TIM15_IRQHandler
                0x00000000100003e2                PVD_AVD_IRQHandler
                0x00000000100003e2                I2C3_EV_IRQHandler
                0x00000000100003e2                SDMMC3_IRQHandler
                0x00000000100003e2                ETH1_IRQHandler
                0x00000000100003e2                LTDC_IRQHandler
                0x00000000100003e2                SAI3_IRQHandler
                0x00000000100003e2                SPDIF_RX_IRQHandler
                0x00000000100003e2                ADC2_IRQHandler
                0x00000000100003e2                SPI2_IRQHandler
                0x00000000100003e2                DFSDM1_FLT5_IRQHandler
                0x00000000100003e2                DMA1_Stream0_IRQHandler
                0x00000000100003e2                EXTI14_IRQHandler
                0x00000000100003e2                EXTI11_IRQHandler
                0x00000000100003e2                CRYP1_IRQHandler
                0x00000000100003e2                RNG2_IRQHandler
                0x00000000100003e2                RNG1_IRQHandler
                0x00000000100003e2                HASH2_IRQHandler
                0x00000000100003e2                EXTI4_IRQHandler
                0x00000000100003e2                ETH1_LPI_IRQHandler
                0x00000000100003e2                FDCAN2_IT1_IRQHandler
                0x00000000100003e2                DSI_IRQHandler
                0x00000000100003e2                TIM1_UP_IRQHandler
                0x00000000100003e2                HSEM_IT2_IRQHandler
                0x00000000100003e2                SPI6_IRQHandler
                0x00000000100003e2                MDIOS_IRQHandler
                0x00000000100003e2                I2C4_EV_IRQHandler
                0x00000000100003e2                FDCAN2_IT0_IRQHandler
                0x00000000100003e2                I2C6_ER_IRQHandler
                0x00000000100003e2                FDCAN1_IT0_IRQHandler
                0x00000000100003e2                TIM2_IRQHandler
                0x00000000100003e2                EXTI7_IRQHandler
                0x00000000100003e2                TIM1_BRK_IRQHandler
                0x00000000100003e2                DAC_IRQHandler
                0x00000000100003e2                EXTI1_IRQHandler
                0x00000000100003e2                SDMMC2_IRQHandler
                0x00000000100003e2                DTS_IRQHandler
                0x00000000100003e2                UART7_IRQHandler
                0x00000000100003e2                USART2_IRQHandler
                0x00000000100003e2                I2C6_EV_IRQHandler
                0x00000000100003e2                DFSDM1_FLT0_IRQHandler
                0x00000000100003e2                SAI4_IRQHandler
                0x00000000100003e2                I2C2_ER_IRQHandler
                0x00000000100003e2                DMA2_Stream1_IRQHandler
                0x00000000100003e2                TIM8_BRK_IRQHandler
                0x00000000100003e2                WWDG1_IRQHandler
                0x00000000100003e2                DMA2_Stream4_IRQHandler
                0x00000000100003e2                USART1_IRQHandler
                0x00000000100003e2                RESERVED143_IRQHandler
                0x00000000100003e2                EXTI10_IRQHandler
                0x00000000100003e2                SPI3_IRQHandler
                0x00000000100003e2                WAKEUP_PIN_IRQHandler
                0x00000000100003e2                DMA1_Stream4_IRQHandler
                0x00000000100003e2                I2C1_ER_IRQHandler
                0x00000000100003e2                FMC_IRQHandler
                0x00000000100003e2                FDCAN_CAL_IRQHandler
                0x00000000100003e2                EXTI6_IRQHandler
                0x00000000100003e2                MPU_SEV_IRQHandler
                0x00000000100003e2                LPTIM1_IRQHandler
                0x00000000100003e2                RTC_WKUP_ALARM_IRQHandler
                0x00000000100003e2                I2C4_ER_IRQHandler
                0x00000000100003e2                DMA2_Stream6_IRQHandler
                0x00000000100003e2                SAI1_IRQHandler
                0x00000000100003e2                DMA1_Stream3_IRQHandler
                0x00000000100003e2                RESERVED4_IRQHandler
 .text.DemoLedInit
                0x00000000100003e4       0x28 ./DemoDriver/driver_led.o
                0x00000000100003e4                DemoLedInit
 .text.LedBlinking
                0x000000001000040c       0x50 ./DemoDriver/driver_led.o
                0x000000001000040c                LedBlinking
 .text.HAL_Init
                0x000000001000045c       0x34 ./Drivers/STM32MP1xx_HAL_Driver/stm32mp1xx_hal.o
                0x000000001000045c                HAL_Init
 .text.HAL_InitTick
                0x0000000010000490       0x6c ./Drivers/STM32MP1xx_HAL_Driver/stm32mp1xx_hal.o
                0x0000000010000490                HAL_InitTick
 .text.HAL_IncTick
                0x00000000100004fc       0x28 ./Drivers/STM32MP1xx_HAL_Driver/stm32mp1xx_hal.o
                0x00000000100004fc                HAL_IncTick
 .text.HAL_GetTick
                0x0000000010000524       0x18 ./Drivers/STM32MP1xx_HAL_Driver/stm32mp1xx_hal.o
                0x0000000010000524                HAL_GetTick
 .text.HAL_Delay
                0x000000001000053c       0x48 ./Drivers/STM32MP1xx_HAL_Driver/stm32mp1xx_hal.o
                0x000000001000053c                HAL_Delay
 .text.__NVIC_SetPriorityGrouping
                0x0000000010000584       0x48 ./Drivers/STM32MP1xx_HAL_Driver/stm32mp1xx_hal_cortex.o
 .text.__NVIC_GetPriorityGrouping
                0x00000000100005cc       0x1c ./Drivers/STM32MP1xx_HAL_Driver/stm32mp1xx_hal_cortex.o
 .text.__NVIC_EnableIRQ
                0x00000000100005e8       0x3c ./Drivers/STM32MP1xx_HAL_Driver/stm32mp1xx_hal_cortex.o
 .text.__NVIC_SetPriority
                0x0000000010000624       0x54 ./Drivers/STM32MP1xx_HAL_Driver/stm32mp1xx_hal_cortex.o
 .text.NVIC_EncodePriority
                0x0000000010000678       0x66 ./Drivers/STM32MP1xx_HAL_Driver/stm32mp1xx_hal_cortex.o
 *fill*         0x00000000100006de        0x2 
 .text.SysTick_Config
                0x00000000100006e0       0x44 ./Drivers/STM32MP1xx_HAL_Driver/stm32mp1xx_hal_cortex.o
 .text.HAL_NVIC_SetPriorityGrouping
                0x0000000010000724       0x16 ./Drivers/STM32MP1xx_HAL_Driver/stm32mp1xx_hal_cortex.o
                0x0000000010000724                HAL_NVIC_SetPriorityGrouping
 .text.HAL_NVIC_SetPriority
                0x000000001000073a       0x38 ./Drivers/STM32MP1xx_HAL_Driver/stm32mp1xx_hal_cortex.o
                0x000000001000073a                HAL_NVIC_SetPriority
 .text.HAL_NVIC_EnableIRQ
                0x0000000010000772       0x1c ./Drivers/STM32MP1xx_HAL_Driver/stm32mp1xx_hal_cortex.o
                0x0000000010000772                HAL_NVIC_EnableIRQ
 .text.HAL_SYSTICK_Config
                0x000000001000078e       0x18 ./Drivers/STM32MP1xx_HAL_Driver/stm32mp1xx_hal_cortex.o
                0x000000001000078e                HAL_SYSTICK_Config
 *fill*         0x00000000100007a6        0x2 
 .text.HAL_GPIO_Init
                0x00000000100007a8      0x354 ./Drivers/STM32MP1xx_HAL_Driver/stm32mp1xx_hal_gpio.o
                0x00000000100007a8                HAL_GPIO_Init
 .text.HAL_GPIO_WritePin
                0x0000000010000afc       0x32 ./Drivers/STM32MP1xx_HAL_Driver/stm32mp1xx_hal_gpio.o
                0x0000000010000afc                HAL_GPIO_WritePin
 *fill*         0x0000000010000b2e        0x2 
 .text.HAL_RCC_OscConfig
                0x0000000010000b30      0x664 ./Drivers/STM32MP1xx_HAL_Driver/stm32mp1xx_hal_rcc.o
                0x0000000010000b30                HAL_RCC_OscConfig
 .text.HAL_RCC_HSEConfig
                0x0000000010001194       0xd6 ./Drivers/STM32MP1xx_HAL_Driver/stm32mp1xx_hal_rcc.o
                0x0000000010001194                HAL_RCC_HSEConfig
 .text.HAL_RCC_LSEConfig
                0x000000001000126a       0xfa ./Drivers/STM32MP1xx_HAL_Driver/stm32mp1xx_hal_rcc.o
                0x000000001000126a                HAL_RCC_LSEConfig
 .text.RCC_PLL1_Config
                0x0000000010001364      0x308 ./Drivers/STM32MP1xx_HAL_Driver/stm32mp1xx_hal_rcc.o
                0x0000000010001364                RCC_PLL1_Config
 .text.HAL_RCC_ClockConfig
                0x000000001000166c      0x224 ./Drivers/STM32MP1xx_HAL_Driver/stm32mp1xx_hal_rcc.o
                0x000000001000166c                HAL_RCC_ClockConfig
 .text.RCC_MPUConfig
                0x0000000010001890       0xec ./Drivers/STM32MP1xx_HAL_Driver/stm32mp1xx_hal_rcc.o
                0x0000000010001890                RCC_MPUConfig
 .text.RCC_AXISSConfig
                0x000000001000197c      0x12e ./Drivers/STM32MP1xx_HAL_Driver/stm32mp1xx_hal_rcc.o
                0x000000001000197c                RCC_AXISSConfig
 *fill*         0x0000000010001aaa        0x2 
 .text.RCC_MCUConfig
                0x0000000010001aac      0x150 ./Drivers/STM32MP1xx_HAL_Driver/stm32mp1xx_hal_rcc.o
                0x0000000010001aac                RCC_MCUConfig
 .text.HAL_RCC_GetPLL3ClockFreq
                0x0000000010001bfc      0x1f4 ./Drivers/STM32MP1xx_HAL_Driver/stm32mp1xx_hal_rcc.o
                0x0000000010001bfc                HAL_RCC_GetPLL3ClockFreq
 .text.HAL_RCC_GetMCUFreq
                0x0000000010001df0       0x36 ./Drivers/STM32MP1xx_HAL_Driver/stm32mp1xx_hal_rcc.o
                0x0000000010001df0                HAL_RCC_GetMCUFreq
 .text.HAL_RCC_GetSystemCoreClockFreq
                0x0000000010001e26        0xe ./Drivers/STM32MP1xx_HAL_Driver/stm32mp1xx_hal_rcc.o
                0x0000000010001e26                HAL_RCC_GetSystemCoreClockFreq
 .text.HAL_RCC_GetMCUSSFreq
                0x0000000010001e34       0x74 ./Drivers/STM32MP1xx_HAL_Driver/stm32mp1xx_hal_rcc.o
                0x0000000010001e34                HAL_RCC_GetMCUSSFreq
 .text.HAL_RCC_WAKEUP_IRQHandler
                0x0000000010001ea8       0x2a ./Drivers/STM32MP1xx_HAL_Driver/stm32mp1xx_hal_rcc.o
                0x0000000010001ea8                HAL_RCC_WAKEUP_IRQHandler
 .text.HAL_RCC_WAKEUP_Callback
                0x0000000010001ed2        0xe ./Drivers/STM32MP1xx_HAL_Driver/stm32mp1xx_hal_rcc.o
                0x0000000010001ed2                HAL_RCC_WAKEUP_Callback
 .text.RCCEx_PLL2_Config
                0x0000000010001ee0      0x304 ./Drivers/STM32MP1xx_HAL_Driver/stm32mp1xx_hal_rcc_ex.o
                0x0000000010001ee0                RCCEx_PLL2_Config
 .text.RCCEx_PLL3_Config
                0x00000000100021e4      0x2d4 ./Drivers/STM32MP1xx_HAL_Driver/stm32mp1xx_hal_rcc_ex.o
                0x00000000100021e4                RCCEx_PLL3_Config
 .text.RCCEx_PLL4_Config
                0x00000000100024b8      0x2b0 ./Drivers/STM32MP1xx_HAL_Driver/stm32mp1xx_hal_rcc_ex.o
                0x00000000100024b8                RCCEx_PLL4_Config
 .text.memset   0x0000000010002768       0x10 D:/Coding/environment/embedded-c/STM32CubeIDE_1.13.2/STM32CubeIDE/plugins/com.st.stm32cube.ide.mcu.externaltools.gnu-tools-for-stm32.11.3.rel1.win32_1.1.1.202309131626/tools/bin/../lib/gcc/arm-none-eabi/11.3.1/../../../../arm-none-eabi/lib/thumb/v7e-m+fp/hard\libc_nano.a(libc_a-memset.o)
                0x0000000010002768                memset
 .text.__libc_init_array
                0x0000000010002778       0x48 D:/Coding/environment/embedded-c/STM32CubeIDE_1.13.2/STM32CubeIDE/plugins/com.st.stm32cube.ide.mcu.externaltools.gnu-tools-for-stm32.11.3.rel1.win32_1.1.1.202309131626/tools/bin/../lib/gcc/arm-none-eabi/11.3.1/../../../../arm-none-eabi/lib/thumb/v7e-m+fp/hard\libc_nano.a(libc_a-init.o)
                0x0000000010002778                __libc_init_array
 *(.glue_7)
 .glue_7        0x00000000100027c0        0x0 linker stubs
 *(.glue_7t)
 .glue_7t       0x00000000100027c0        0x0 linker stubs
 *(.eh_frame)
 .eh_frame      0x00000000100027c0        0x0 D:/Coding/environment/embedded-c/STM32CubeIDE_1.13.2/STM32CubeIDE/plugins/com.st.stm32cube.ide.mcu.externaltools.gnu-tools-for-stm32.11.3.rel1.win32_1.1.1.202309131626/tools/bin/../lib/gcc/arm-none-eabi/11.3.1/thumb/v7e-m+fp/hard/crtbegin.o
 *(.init)
 .init          0x00000000100027c0        0x4 D:/Coding/environment/embedded-c/STM32CubeIDE_1.13.2/STM32CubeIDE/plugins/com.st.stm32cube.ide.mcu.externaltools.gnu-tools-for-stm32.11.3.rel1.win32_1.1.1.202309131626/tools/bin/../lib/gcc/arm-none-eabi/11.3.1/thumb/v7e-m+fp/hard/crti.o
                0x00000000100027c0                _init
 .init          0x00000000100027c4        0x8 D:/Coding/environment/embedded-c/STM32CubeIDE_1.13.2/STM32CubeIDE/plugins/com.st.stm32cube.ide.mcu.externaltools.gnu-tools-for-stm32.11.3.rel1.win32_1.1.1.202309131626/tools/bin/../lib/gcc/arm-none-eabi/11.3.1/thumb/v7e-m+fp/hard/crtn.o
 *(.fini)
 .fini          0x00000000100027cc        0x4 D:/Coding/environment/embedded-c/STM32CubeIDE_1.13.2/STM32CubeIDE/plugins/com.st.stm32cube.ide.mcu.externaltools.gnu-tools-for-stm32.11.3.rel1.win32_1.1.1.202309131626/tools/bin/../lib/gcc/arm-none-eabi/11.3.1/thumb/v7e-m+fp/hard/crti.o
                0x00000000100027cc                _fini
 .fini          0x00000000100027d0        0x8 D:/Coding/environment/embedded-c/STM32CubeIDE_1.13.2/STM32CubeIDE/plugins/com.st.stm32cube.ide.mcu.externaltools.gnu-tools-for-stm32.11.3.rel1.win32_1.1.1.202309131626/tools/bin/../lib/gcc/arm-none-eabi/11.3.1/thumb/v7e-m+fp/hard/crtn.o
                0x00000000100027d8                . = ALIGN (0x4)
                0x00000000100027d8                _etext = .

.vfp11_veneer   0x00000000100027d8        0x0
 .vfp11_veneer  0x00000000100027d8        0x0 linker stubs

.v4_bx          0x00000000100027d8        0x0
 .v4_bx         0x00000000100027d8        0x0 linker stubs

.iplt           0x00000000100027d8        0x0
 .iplt          0x00000000100027d8        0x0 D:/Coding/environment/embedded-c/STM32CubeIDE_1.13.2/STM32CubeIDE/plugins/com.st.stm32cube.ide.mcu.externaltools.gnu-tools-for-stm32.11.3.rel1.win32_1.1.1.202309131626/tools/bin/../lib/gcc/arm-none-eabi/11.3.1/thumb/v7e-m+fp/hard/crtbegin.o

.startup_copro_fw.Reset_Handler
                0x00000000100027d8       0x50
 .startup_copro_fw.Reset_Handler
                0x00000000100027d8       0x50 ./Core/Startup/startup_stm32mp157dacx.o
                0x00000000100027d8                Reset_Handler

.rel.dyn        0x0000000010002828        0x0
 .rel.iplt      0x0000000010002828        0x0 D:/Coding/environment/embedded-c/STM32CubeIDE_1.13.2/STM32CubeIDE/plugins/com.st.stm32cube.ide.mcu.externaltools.gnu-tools-for-stm32.11.3.rel1.win32_1.1.1.202309131626/tools/bin/../lib/gcc/arm-none-eabi/11.3.1/thumb/v7e-m+fp/hard/crtbegin.o

.rodata         0x0000000010002828        0x0
                0x0000000010002828                . = ALIGN (0x4)
 *(.rodata)
 *(.rodata*)
                0x0000000010002828                . = ALIGN (0x4)

.ARM.extab      0x0000000010002828        0x0
                0x0000000010002828                . = ALIGN (0x4)
 *(.ARM.extab* .gnu.linkonce.armextab.*)
                0x0000000010002828                . = ALIGN (0x4)

.ARM            0x0000000010002828        0x0
                0x0000000010002828                . = ALIGN (0x4)
                0x0000000010002828                __exidx_start = .
 *(.ARM.exidx*)
                0x0000000010002828                __exidx_end = .
                0x0000000010002828                . = ALIGN (0x4)

.preinit_array  0x0000000010002828        0x0
                0x0000000010002828                . = ALIGN (0x4)
                0x0000000010002828                PROVIDE (__preinit_array_start = .)
 *(.preinit_array*)
                0x0000000010002828                PROVIDE (__preinit_array_end = .)
                0x0000000010002828                . = ALIGN (0x4)

.init_array     0x0000000010002828        0x4
                0x0000000010002828                . = ALIGN (0x4)
                0x0000000010002828                PROVIDE (__init_array_start = .)
 *(SORT_BY_NAME(.init_array.*))
 *(.init_array*)
 .init_array    0x0000000010002828        0x4 D:/Coding/environment/embedded-c/STM32CubeIDE_1.13.2/STM32CubeIDE/plugins/com.st.stm32cube.ide.mcu.externaltools.gnu-tools-for-stm32.11.3.rel1.win32_1.1.1.202309131626/tools/bin/../lib/gcc/arm-none-eabi/11.3.1/thumb/v7e-m+fp/hard/crtbegin.o
                0x000000001000282c                PROVIDE (__init_array_end = .)
                0x000000001000282c                . = ALIGN (0x4)

.fini_array     0x000000001000282c        0x4
                0x000000001000282c                . = ALIGN (0x4)
                [!provide]                        PROVIDE (__fini_array_start = .)
 *(SORT_BY_NAME(.fini_array.*))
 *(.fini_array*)
 .fini_array    0x000000001000282c        0x4 D:/Coding/environment/embedded-c/STM32CubeIDE_1.13.2/STM32CubeIDE/plugins/com.st.stm32cube.ide.mcu.externaltools.gnu-tools-for-stm32.11.3.rel1.win32_1.1.1.202309131626/tools/bin/../lib/gcc/arm-none-eabi/11.3.1/thumb/v7e-m+fp/hard/crtbegin.o
                [!provide]                        PROVIDE (__fini_array_end = .)
                0x0000000010002830                . = ALIGN (0x4)
                0x0000000010002830                __DATA_ROM = .
                0x0000000010002830                _sidata = LOADADDR (.data)

.data           0x0000000010020000        0xc load address 0x0000000010002830
                0x0000000010020000                . = ALIGN (0x4)
                0x0000000010020000                _sdata = .
 *(.data)
 *(.data*)
 .data.SystemCoreClock
                0x0000000010020000        0x4 ./Common/System/system_stm32mp1xx.o
                0x0000000010020000                SystemCoreClock
 .data.uwTickPrio
                0x0000000010020004        0x4 ./Drivers/STM32MP1xx_HAL_Driver/stm32mp1xx_hal.o
                0x0000000010020004                uwTickPrio
 .data.uwTickFreq
                0x0000000010020008        0x1 ./Drivers/STM32MP1xx_HAL_Driver/stm32mp1xx_hal.o
                0x0000000010020008                uwTickFreq
                0x000000001002000c                . = ALIGN (0x4)
 *fill*         0x0000000010020009        0x3 
                0x000000001002000c                _edata = .
                0x000000001000283c                __DATA_END = (__DATA_ROM + (_edata - _sdata))
                0x0000000010020000                text_end = (ORIGIN (SRAM1_text) + LENGTH (SRAM1_text))
                0x0000000000000001                ASSERT ((__DATA_END <= text_end), region SRAM1_text overflowed with text and data)

.igot.plt       0x000000001002000c        0x0 load address 0x000000001000283c
 .igot.plt      0x000000001002000c        0x0 D:/Coding/environment/embedded-c/STM32CubeIDE_1.13.2/STM32CubeIDE/plugins/com.st.stm32cube.ide.mcu.externaltools.gnu-tools-for-stm32.11.3.rel1.win32_1.1.1.202309131626/tools/bin/../lib/gcc/arm-none-eabi/11.3.1/thumb/v7e-m+fp/hard/crtbegin.o

.resource_table
                0x000000001002000c        0x0
                0x000000001002000c                . = ALIGN (0x4)
 *(.resource_table*)
                0x000000001002000c                . = ALIGN (0x4)
                0x000000001002000c                . = ALIGN (0x4)

.bss            0x000000001002000c       0x24 load address 0x000000001000283c
                0x000000001002000c                _sbss = .
                0x000000001002000c                __bss_start__ = _sbss
 *(.bss)
 .bss           0x000000001002000c       0x1c D:/Coding/environment/embedded-c/STM32CubeIDE_1.13.2/STM32CubeIDE/plugins/com.st.stm32cube.ide.mcu.externaltools.gnu-tools-for-stm32.11.3.rel1.win32_1.1.1.202309131626/tools/bin/../lib/gcc/arm-none-eabi/11.3.1/thumb/v7e-m+fp/hard/crtbegin.o
 *(.bss*)
 .bss.sys_freq.0
                0x0000000010020028        0x4 ./Core/Src/main.o
 .bss.uwTick    0x000000001002002c        0x4 ./Drivers/STM32MP1xx_HAL_Driver/stm32mp1xx_hal.o
                0x000000001002002c                uwTick
 *(COMMON)
                0x0000000010020030                . = ALIGN (0x4)
                0x0000000010020030                _ebss = .
                0x0000000010020030                __bss_end__ = _ebss

._user_heap_stack
                0x0000000010020030      0x600 load address 0x0000000010002860
                0x0000000010020030                . = ALIGN (0x8)
                [!provide]                        PROVIDE (end = .)
                0x0000000010020030                PROVIDE (_end = .)
                0x0000000010020230                . = (. + _Min_Heap_Size)
 *fill*         0x0000000010020030      0x200 
                0x0000000010020630                . = (. + _Min_Stack_Size)
 *fill*         0x0000000010020230      0x400 
                0x0000000010020630                . = ALIGN (0x8)

/DISCARD/
 libc.a(*)
 libm.a(*)
 libgcc.a(*)

.ARM.attributes
                0x0000000000000000       0x30
 *(.ARM.attributes)
 .ARM.attributes
                0x0000000000000000       0x1e D:/Coding/environment/embedded-c/STM32CubeIDE_1.13.2/STM32CubeIDE/plugins/com.st.stm32cube.ide.mcu.externaltools.gnu-tools-for-stm32.11.3.rel1.win32_1.1.1.202309131626/tools/bin/../lib/gcc/arm-none-eabi/11.3.1/thumb/v7e-m+fp/hard/crti.o
 .ARM.attributes
                0x000000000000001e       0x34 D:/Coding/environment/embedded-c/STM32CubeIDE_1.13.2/STM32CubeIDE/plugins/com.st.stm32cube.ide.mcu.externaltools.gnu-tools-for-stm32.11.3.rel1.win32_1.1.1.202309131626/tools/bin/../lib/gcc/arm-none-eabi/11.3.1/thumb/v7e-m+fp/hard/crtbegin.o
 .ARM.attributes
                0x0000000000000052       0x34 ./Common/System/system_stm32mp1xx.o
 .ARM.attributes
                0x0000000000000086       0x34 ./Core/Src/gpio.o
 .ARM.attributes
                0x00000000000000ba       0x34 ./Core/Src/main.o
 .ARM.attributes
                0x00000000000000ee       0x34 ./Core/Src/stm32mp1xx_hal_msp.o
 .ARM.attributes
                0x0000000000000122       0x34 ./Core/Src/stm32mp1xx_it.o
 .ARM.attributes
                0x0000000000000156       0x21 ./Core/Startup/startup_stm32mp157dacx.o
 .ARM.attributes
                0x0000000000000177       0x34 ./DemoDriver/driver_led.o
 .ARM.attributes
                0x00000000000001ab       0x34 ./Drivers/STM32MP1xx_HAL_Driver/stm32mp1xx_hal.o
 .ARM.attributes
                0x00000000000001df       0x34 ./Drivers/STM32MP1xx_HAL_Driver/stm32mp1xx_hal_cortex.o
 .ARM.attributes
                0x0000000000000213       0x34 ./Drivers/STM32MP1xx_HAL_Driver/stm32mp1xx_hal_gpio.o
 .ARM.attributes
                0x0000000000000247       0x34 ./Drivers/STM32MP1xx_HAL_Driver/stm32mp1xx_hal_rcc.o
 .ARM.attributes
                0x000000000000027b       0x34 ./Drivers/STM32MP1xx_HAL_Driver/stm32mp1xx_hal_rcc_ex.o
 .ARM.attributes
                0x00000000000002af       0x34 D:/Coding/environment/embedded-c/STM32CubeIDE_1.13.2/STM32CubeIDE/plugins/com.st.stm32cube.ide.mcu.externaltools.gnu-tools-for-stm32.11.3.rel1.win32_1.1.1.202309131626/tools/bin/../lib/gcc/arm-none-eabi/11.3.1/../../../../arm-none-eabi/lib/thumb/v7e-m+fp/hard\libc_nano.a(libc_a-memset.o)
 .ARM.attributes
                0x00000000000002e3       0x34 D:/Coding/environment/embedded-c/STM32CubeIDE_1.13.2/STM32CubeIDE/plugins/com.st.stm32cube.ide.mcu.externaltools.gnu-tools-for-stm32.11.3.rel1.win32_1.1.1.202309131626/tools/bin/../lib/gcc/arm-none-eabi/11.3.1/../../../../arm-none-eabi/lib/thumb/v7e-m+fp/hard\libc_nano.a(libc_a-init.o)
 .ARM.attributes
                0x0000000000000317       0x1e D:/Coding/environment/embedded-c/STM32CubeIDE_1.13.2/STM32CubeIDE/plugins/com.st.stm32cube.ide.mcu.externaltools.gnu-tools-for-stm32.11.3.rel1.win32_1.1.1.202309131626/tools/bin/../lib/gcc/arm-none-eabi/11.3.1/thumb/v7e-m+fp/hard/crtn.o
OUTPUT(mp157_CM4.elf elf32-littlearm)
LOAD linker stubs
LOAD D:/Coding/environment/embedded-c/STM32CubeIDE_1.13.2/STM32CubeIDE/plugins/com.st.stm32cube.ide.mcu.externaltools.gnu-tools-for-stm32.11.3.rel1.win32_1.1.1.202309131626/tools/bin/../lib/gcc/arm-none-eabi/11.3.1/../../../../arm-none-eabi/lib/thumb/v7e-m+fp/hard\libc.a
LOAD D:/Coding/environment/embedded-c/STM32CubeIDE_1.13.2/STM32CubeIDE/plugins/com.st.stm32cube.ide.mcu.externaltools.gnu-tools-for-stm32.11.3.rel1.win32_1.1.1.202309131626/tools/bin/../lib/gcc/arm-none-eabi/11.3.1/../../../../arm-none-eabi/lib/thumb/v7e-m+fp/hard\libm.a
LOAD D:/Coding/environment/embedded-c/STM32CubeIDE_1.13.2/STM32CubeIDE/plugins/com.st.stm32cube.ide.mcu.externaltools.gnu-tools-for-stm32.11.3.rel1.win32_1.1.1.202309131626/tools/bin/../lib/gcc/arm-none-eabi/11.3.1/thumb/v7e-m+fp/hard\libgcc.a

.comment        0x0000000000000000       0x43
 .comment       0x0000000000000000       0x43 D:/Coding/environment/embedded-c/STM32CubeIDE_1.13.2/STM32CubeIDE/plugins/com.st.stm32cube.ide.mcu.externaltools.gnu-tools-for-stm32.11.3.rel1.win32_1.1.1.202309131626/tools/bin/../lib/gcc/arm-none-eabi/11.3.1/thumb/v7e-m+fp/hard/crtbegin.o
                                         0x44 (size before relaxing)
 .comment       0x0000000000000043       0x44 ./Common/System/system_stm32mp1xx.o
 .comment       0x0000000000000043       0x44 ./Core/Src/gpio.o
 .comment       0x0000000000000043       0x44 ./Core/Src/main.o
 .comment       0x0000000000000043       0x44 ./Core/Src/stm32mp1xx_hal_msp.o
 .comment       0x0000000000000043       0x44 ./Core/Src/stm32mp1xx_it.o
 .comment       0x0000000000000043       0x44 ./DemoDriver/driver_led.o
 .comment       0x0000000000000043       0x44 ./Drivers/STM32MP1xx_HAL_Driver/stm32mp1xx_hal.o
 .comment       0x0000000000000043       0x44 ./Drivers/STM32MP1xx_HAL_Driver/stm32mp1xx_hal_cortex.o
 .comment       0x0000000000000043       0x44 ./Drivers/STM32MP1xx_HAL_Driver/stm32mp1xx_hal_gpio.o
 .comment       0x0000000000000043       0x44 ./Drivers/STM32MP1xx_HAL_Driver/stm32mp1xx_hal_rcc.o
 .comment       0x0000000000000043       0x44 ./Drivers/STM32MP1xx_HAL_Driver/stm32mp1xx_hal_rcc_ex.o

.debug_info     0x0000000000000000     0x875d
 .debug_info    0x0000000000000000     0x114b ./Common/System/system_stm32mp1xx.o
 .debug_info    0x000000000000114b     0x1089 ./Core/Src/gpio.o
 .debug_info    0x00000000000021d4      0x560 ./Core/Src/main.o
 .debug_info    0x0000000000002734      0x4b2 ./Core/Src/stm32mp1xx_hal_msp.o
 .debug_info    0x0000000000002be6      0x131 ./Core/Src/stm32mp1xx_it.o
 .debug_info    0x0000000000002d17       0x23 ./Core/Startup/startup_stm32mp157dacx.o
 .debug_info    0x0000000000002d3a      0x2bf ./DemoDriver/driver_led.o
 .debug_info    0x0000000000002ff9      0xdcc ./Drivers/STM32MP1xx_HAL_Driver/stm32mp1xx_hal.o
 .debug_info    0x0000000000003dc5      0xe5e ./Drivers/STM32MP1xx_HAL_Driver/stm32mp1xx_hal_cortex.o
 .debug_info    0x0000000000004c23      0x944 ./Drivers/STM32MP1xx_HAL_Driver/stm32mp1xx_hal_gpio.o
 .debug_info    0x0000000000005567     0x1b5e ./Drivers/STM32MP1xx_HAL_Driver/stm32mp1xx_hal_rcc.o
 .debug_info    0x00000000000070c5     0x1698 ./Drivers/STM32MP1xx_HAL_Driver/stm32mp1xx_hal_rcc_ex.o

.debug_abbrev   0x0000000000000000     0x135e
 .debug_abbrev  0x0000000000000000      0x128 ./Common/System/system_stm32mp1xx.o
 .debug_abbrev  0x0000000000000128      0x14f ./Core/Src/gpio.o
 .debug_abbrev  0x0000000000000277      0x1e1 ./Core/Src/main.o
 .debug_abbrev  0x0000000000000458       0x99 ./Core/Src/stm32mp1xx_hal_msp.o
 .debug_abbrev  0x00000000000004f1       0x75 ./Core/Src/stm32mp1xx_it.o
 .debug_abbrev  0x0000000000000566       0x12 ./Core/Startup/startup_stm32mp157dacx.o
 .debug_abbrev  0x0000000000000578      0x108 ./DemoDriver/driver_led.o
 .debug_abbrev  0x0000000000000680      0x29d ./Drivers/STM32MP1xx_HAL_Driver/stm32mp1xx_hal.o
 .debug_abbrev  0x000000000000091d      0x339 ./Drivers/STM32MP1xx_HAL_Driver/stm32mp1xx_hal_cortex.o
 .debug_abbrev  0x0000000000000c56      0x1ee ./Drivers/STM32MP1xx_HAL_Driver/stm32mp1xx_hal_gpio.o
 .debug_abbrev  0x0000000000000e44      0x2b6 ./Drivers/STM32MP1xx_HAL_Driver/stm32mp1xx_hal_rcc.o
 .debug_abbrev  0x00000000000010fa      0x264 ./Drivers/STM32MP1xx_HAL_Driver/stm32mp1xx_hal_rcc_ex.o

.debug_aranges  0x0000000000000000      0x5e0
 .debug_aranges
                0x0000000000000000       0x28 ./Common/System/system_stm32mp1xx.o
 .debug_aranges
                0x0000000000000028       0x20 ./Core/Src/gpio.o
 .debug_aranges
                0x0000000000000048       0x30 ./Core/Src/main.o
 .debug_aranges
                0x0000000000000078       0x20 ./Core/Src/stm32mp1xx_hal_msp.o
 .debug_aranges
                0x0000000000000098       0x68 ./Core/Src/stm32mp1xx_it.o
 .debug_aranges
                0x0000000000000100       0x28 ./Core/Startup/startup_stm32mp157dacx.o
 .debug_aranges
                0x0000000000000128       0x28 ./DemoDriver/driver_led.o
 .debug_aranges
                0x0000000000000150      0x178 ./Drivers/STM32MP1xx_HAL_Driver/stm32mp1xx_hal.o
 .debug_aranges
                0x00000000000002c8      0x100 ./Drivers/STM32MP1xx_HAL_Driver/stm32mp1xx_hal_cortex.o
 .debug_aranges
                0x00000000000003c8       0x60 ./Drivers/STM32MP1xx_HAL_Driver/stm32mp1xx_hal_gpio.o
 .debug_aranges
                0x0000000000000428      0x160 ./Drivers/STM32MP1xx_HAL_Driver/stm32mp1xx_hal_rcc.o
 .debug_aranges
                0x0000000000000588       0x58 ./Drivers/STM32MP1xx_HAL_Driver/stm32mp1xx_hal_rcc_ex.o

.debug_rnglists
                0x0000000000000000      0x449
 .debug_rnglists
                0x0000000000000000       0x1a ./Common/System/system_stm32mp1xx.o
 .debug_rnglists
                0x000000000000001a       0x14 ./Core/Src/gpio.o
 .debug_rnglists
                0x000000000000002e       0x20 ./Core/Src/main.o
 .debug_rnglists
                0x000000000000004e       0x13 ./Core/Src/stm32mp1xx_hal_msp.o
 .debug_rnglists
                0x0000000000000061       0x49 ./Core/Src/stm32mp1xx_it.o
 .debug_rnglists
                0x00000000000000aa       0x19 ./Core/Startup/startup_stm32mp157dacx.o
 .debug_rnglists
                0x00000000000000c3       0x19 ./DemoDriver/driver_led.o
 .debug_rnglists
                0x00000000000000dc      0x115 ./Drivers/STM32MP1xx_HAL_Driver/stm32mp1xx_hal.o
 .debug_rnglists
                0x00000000000001f1       0xbc ./Drivers/STM32MP1xx_HAL_Driver/stm32mp1xx_hal_cortex.o
 .debug_rnglists
                0x00000000000002ad       0x45 ./Drivers/STM32MP1xx_HAL_Driver/stm32mp1xx_hal_gpio.o
 .debug_rnglists
                0x00000000000002f2      0x114 ./Drivers/STM32MP1xx_HAL_Driver/stm32mp1xx_hal_rcc.o
 .debug_rnglists
                0x0000000000000406       0x43 ./Drivers/STM32MP1xx_HAL_Driver/stm32mp1xx_hal_rcc_ex.o

.debug_macro    0x0000000000000000    0x4420a
 .debug_macro   0x0000000000000000      0x26b ./Common/System/system_stm32mp1xx.o
 .debug_macro   0x000000000000026b      0xaae ./Common/System/system_stm32mp1xx.o
 .debug_macro   0x0000000000000d19       0x2e ./Common/System/system_stm32mp1xx.o
 .debug_macro   0x0000000000000d47       0x3a ./Common/System/system_stm32mp1xx.o
 .debug_macro   0x0000000000000d81       0x22 ./Common/System/system_stm32mp1xx.o
 .debug_macro   0x0000000000000da3       0x8e ./Common/System/system_stm32mp1xx.o
 .debug_macro   0x0000000000000e31       0x51 ./Common/System/system_stm32mp1xx.o
 .debug_macro   0x0000000000000e82      0x103 ./Common/System/system_stm32mp1xx.o
 .debug_macro   0x0000000000000f85       0x6a ./Common/System/system_stm32mp1xx.o
 .debug_macro   0x0000000000000fef      0x1df ./Common/System/system_stm32mp1xx.o
 .debug_macro   0x00000000000011ce       0x1c ./Common/System/system_stm32mp1xx.o
 .debug_macro   0x00000000000011ea       0x22 ./Common/System/system_stm32mp1xx.o
 .debug_macro   0x000000000000120c       0xfb ./Common/System/system_stm32mp1xx.o
 .debug_macro   0x0000000000001307     0x1011 ./Common/System/system_stm32mp1xx.o
 .debug_macro   0x0000000000002318      0x11f ./Common/System/system_stm32mp1xx.o
 .debug_macro   0x0000000000002437    0x3b4ec ./Common/System/system_stm32mp1xx.o
 .debug_macro   0x000000000003d923       0x43 ./Common/System/system_stm32mp1xx.o
 .debug_macro   0x000000000003d966       0xd4 ./Common/System/system_stm32mp1xx.o
 .debug_macro   0x000000000003da3a       0x61 ./Common/System/system_stm32mp1xx.o
 .debug_macro   0x000000000003da9b       0x2a ./Common/System/system_stm32mp1xx.o
 .debug_macro   0x000000000003dac5       0x43 ./Common/System/system_stm32mp1xx.o
 .debug_macro   0x000000000003db08       0x34 ./Common/System/system_stm32mp1xx.o
 .debug_macro   0x000000000003db3c       0x16 ./Common/System/system_stm32mp1xx.o
 .debug_macro   0x000000000003db52       0x97 ./Common/System/system_stm32mp1xx.o
 .debug_macro   0x000000000003dbe9      0x369 ./Common/System/system_stm32mp1xx.o
 .debug_macro   0x000000000003df52       0xfd ./Common/System/system_stm32mp1xx.o
 .debug_macro   0x000000000003e04f       0x10 ./Common/System/system_stm32mp1xx.o
 .debug_macro   0x000000000003e05f       0x16 ./Common/System/system_stm32mp1xx.o
 .debug_macro   0x000000000003e075       0x43 ./Common/System/system_stm32mp1xx.o
 .debug_macro   0x000000000003e0b8       0x34 ./Common/System/system_stm32mp1xx.o
 .debug_macro   0x000000000003e0ec       0x10 ./Common/System/system_stm32mp1xx.o
 .debug_macro   0x000000000003e0fc       0x58 ./Common/System/system_stm32mp1xx.o
 .debug_macro   0x000000000003e154       0x8e ./Common/System/system_stm32mp1xx.o
 .debug_macro   0x000000000003e1e2       0x1c ./Common/System/system_stm32mp1xx.o
 .debug_macro   0x000000000003e1fe      0x177 ./Common/System/system_stm32mp1xx.o
 .debug_macro   0x000000000003e375       0x16 ./Common/System/system_stm32mp1xx.o
 .debug_macro   0x000000000003e38b       0x16 ./Common/System/system_stm32mp1xx.o
 .debug_macro   0x000000000003e3a1      0x147 ./Common/System/system_stm32mp1xx.o
 .debug_macro   0x000000000003e4e8       0x5b ./Common/System/system_stm32mp1xx.o
 .debug_macro   0x000000000003e543     0x1d00 ./Common/System/system_stm32mp1xx.o
 .debug_macro   0x0000000000040243      0x9b1 ./Common/System/system_stm32mp1xx.o
 .debug_macro   0x0000000000040bf4       0x2e ./Common/System/system_stm32mp1xx.o
 .debug_macro   0x0000000000040c22      0x33a ./Common/System/system_stm32mp1xx.o
 .debug_macro   0x0000000000040f5c      0x13a ./Common/System/system_stm32mp1xx.o
 .debug_macro   0x0000000000041096      0x2f2 ./Common/System/system_stm32mp1xx.o
 .debug_macro   0x0000000000041388       0x27 ./Common/System/system_stm32mp1xx.o
 .debug_macro   0x00000000000413af      0x558 ./Common/System/system_stm32mp1xx.o
 .debug_macro   0x0000000000041907       0xe0 ./Common/System/system_stm32mp1xx.o
 .debug_macro   0x00000000000419e7       0x66 ./Common/System/system_stm32mp1xx.o
 .debug_macro   0x0000000000041a4d      0x3c9 ./Common/System/system_stm32mp1xx.o
 .debug_macro   0x0000000000041e16      0x227 ./Common/System/system_stm32mp1xx.o
 .debug_macro   0x000000000004203d      0x152 ./Common/System/system_stm32mp1xx.o
 .debug_macro   0x000000000004218f      0x1f9 ./Common/System/system_stm32mp1xx.o
 .debug_macro   0x0000000000042388       0x19 ./Common/System/system_stm32mp1xx.o
 .debug_macro   0x00000000000423a1      0x521 ./Common/System/system_stm32mp1xx.o
 .debug_macro   0x00000000000428c2      0x27e ./Core/Src/gpio.o
 .debug_macro   0x0000000000042b40       0x1c ./Core/Src/gpio.o
 .debug_macro   0x0000000000042b5c      0x28b ./Core/Src/main.o
 .debug_macro   0x0000000000042de7       0x22 ./Core/Src/main.o
 .debug_macro   0x0000000000042e09      0x274 ./Core/Src/stm32mp1xx_hal_msp.o
 .debug_macro   0x000000000004307d      0x27e ./Core/Src/stm32mp1xx_it.o
 .debug_macro   0x00000000000432fb      0x283 ./DemoDriver/driver_led.o
 .debug_macro   0x000000000004357e       0x1c ./DemoDriver/driver_led.o
 .debug_macro   0x000000000004359a      0x295 ./Drivers/STM32MP1xx_HAL_Driver/stm32mp1xx_hal.o
 .debug_macro   0x000000000004382f      0x265 ./Drivers/STM32MP1xx_HAL_Driver/stm32mp1xx_hal_cortex.o
 .debug_macro   0x0000000000043a94      0x29a ./Drivers/STM32MP1xx_HAL_Driver/stm32mp1xx_hal_gpio.o
 .debug_macro   0x0000000000043d2e      0x271 ./Drivers/STM32MP1xx_HAL_Driver/stm32mp1xx_hal_rcc.o
 .debug_macro   0x0000000000043f9f      0x26b ./Drivers/STM32MP1xx_HAL_Driver/stm32mp1xx_hal_rcc_ex.o

.debug_line     0x0000000000000000     0x8ecc
 .debug_line    0x0000000000000000      0x8df ./Common/System/system_stm32mp1xx.o
 .debug_line    0x00000000000008df      0x804 ./Core/Src/gpio.o
 .debug_line    0x00000000000010e3      0x8cd ./Core/Src/main.o
 .debug_line    0x00000000000019b0      0x7ef ./Core/Src/stm32mp1xx_hal_msp.o
 .debug_line    0x000000000000219f      0x8c4 ./Core/Src/stm32mp1xx_it.o
 .debug_line    0x0000000000002a63       0x7b ./Core/Startup/startup_stm32mp157dacx.o
 .debug_line    0x0000000000002ade      0x808 ./DemoDriver/driver_led.o
 .debug_line    0x00000000000032e6      0xd18 ./Drivers/STM32MP1xx_HAL_Driver/stm32mp1xx_hal.o
 .debug_line    0x0000000000003ffe      0xd1d ./Drivers/STM32MP1xx_HAL_Driver/stm32mp1xx_hal_cortex.o
 .debug_line    0x0000000000004d1b      0xcd1 ./Drivers/STM32MP1xx_HAL_Driver/stm32mp1xx_hal_gpio.o
 .debug_line    0x00000000000059ec     0x1b7d ./Drivers/STM32MP1xx_HAL_Driver/stm32mp1xx_hal_rcc.o
 .debug_line    0x0000000000007569     0x1963 ./Drivers/STM32MP1xx_HAL_Driver/stm32mp1xx_hal_rcc_ex.o

.debug_str      0x0000000000000000   0x1bf5a3
 .debug_str     0x0000000000000000   0x1bcbfc ./Common/System/system_stm32mp1xx.o
                                     0x1bcf41 (size before relaxing)
 .debug_str     0x00000000001bcbfc      0x1bd ./Core/Src/gpio.o
                                     0x1bcfb8 (size before relaxing)
 .debug_str     0x00000000001bcdb9      0x4c1 ./Core/Src/main.o
                                     0x1bc784 (size before relaxing)
 .debug_str     0x00000000001bd27a      0x856 ./Core/Src/stm32mp1xx_hal_msp.o
                                     0x1bcaff (size before relaxing)
 .debug_str     0x00000000001bdad0       0xe5 ./Core/Src/stm32mp1xx_it.o
                                     0x1bc359 (size before relaxing)
 .debug_str     0x00000000001bdbb5       0x35 ./Core/Startup/startup_stm32mp157dacx.o
                                         0x65 (size before relaxing)
 .debug_str     0x00000000001bdbea       0x25 ./DemoDriver/driver_led.o
                                     0x1bc51e (size before relaxing)
 .debug_str     0x00000000001bdc0f      0x7bb ./Drivers/STM32MP1xx_HAL_Driver/stm32mp1xx_hal.o
                                     0x1bd37d (size before relaxing)
 .debug_str     0x00000000001be3ca      0x344 ./Drivers/STM32MP1xx_HAL_Driver/stm32mp1xx_hal_cortex.o
                                     0x1bcfa9 (size before relaxing)
 .debug_str     0x00000000001be70e      0x32b ./Drivers/STM32MP1xx_HAL_Driver/stm32mp1xx_hal_gpio.o
                                     0x1bc761 (size before relaxing)
 .debug_str     0x00000000001bea39      0x70c ./Drivers/STM32MP1xx_HAL_Driver/stm32mp1xx_hal_rcc.o
                                     0x1bd822 (size before relaxing)
 .debug_str     0x00000000001bf145      0x45e ./Drivers/STM32MP1xx_HAL_Driver/stm32mp1xx_hal_rcc_ex.o
                                     0x1bd6b1 (size before relaxing)

.debug_frame    0x0000000000000000     0x1558
 .debug_frame   0x0000000000000000       0x58 ./Common/System/system_stm32mp1xx.o
 .debug_frame   0x0000000000000058       0x34 ./Core/Src/gpio.o
 .debug_frame   0x000000000000008c       0x6c ./Core/Src/main.o
 .debug_frame   0x00000000000000f8       0x2c ./Core/Src/stm32mp1xx_hal_msp.o
 .debug_frame   0x0000000000000124      0x120 ./Core/Src/stm32mp1xx_it.o
 .debug_frame   0x0000000000000244       0x48 ./DemoDriver/driver_led.o
 .debug_frame   0x000000000000028c      0x5e8 ./Drivers/STM32MP1xx_HAL_Driver/stm32mp1xx_hal.o
 .debug_frame   0x0000000000000874      0x428 ./Drivers/STM32MP1xx_HAL_Driver/stm32mp1xx_hal_cortex.o
 .debug_frame   0x0000000000000c9c      0x174 ./Drivers/STM32MP1xx_HAL_Driver/stm32mp1xx_hal_gpio.o
 .debug_frame   0x0000000000000e10      0x5b0 ./Drivers/STM32MP1xx_HAL_Driver/stm32mp1xx_hal_rcc.o
 .debug_frame   0x00000000000013c0      0x14c ./Drivers/STM32MP1xx_HAL_Driver/stm32mp1xx_hal_rcc_ex.o
 .debug_frame   0x000000000000150c       0x20 D:/Coding/environment/embedded-c/STM32CubeIDE_1.13.2/STM32CubeIDE/plugins/com.st.stm32cube.ide.mcu.externaltools.gnu-tools-for-stm32.11.3.rel1.win32_1.1.1.202309131626/tools/bin/../lib/gcc/arm-none-eabi/11.3.1/../../../../arm-none-eabi/lib/thumb/v7e-m+fp/hard\libc_nano.a(libc_a-memset.o)
 .debug_frame   0x000000000000152c       0x2c D:/Coding/environment/embedded-c/STM32CubeIDE_1.13.2/STM32CubeIDE/plugins/com.st.stm32cube.ide.mcu.externaltools.gnu-tools-for-stm32.11.3.rel1.win32_1.1.1.202309131626/tools/bin/../lib/gcc/arm-none-eabi/11.3.1/../../../../arm-none-eabi/lib/thumb/v7e-m+fp/hard\libc_nano.a(libc_a-init.o)

.debug_line_str
                0x0000000000000000       0x59
 .debug_line_str
                0x0000000000000000       0x59 ./Core/Startup/startup_stm32mp157dacx.o
                                         0x72 (size before relaxing)
