Archive member included to satisfy reference by file (symbol)

D:/Coding/environment/embedded-c/STM32CubeIDE_1.13.2/STM32CubeIDE/plugins/com.st.stm32cube.ide.mcu.externaltools.gnu-tools-for-stm32.11.3.rel1.win32_1.1.1.202309131626/tools/bin/../lib/gcc/arm-none-eabi/11.3.1/../../../../arm-none-eabi/lib/thumb/v7e-m+fp/hard\libc_nano.a(libc_a-exit.o)
                              D:/Coding/environment/embedded-c/STM32CubeIDE_1.13.2/STM32CubeIDE/plugins/com.st.stm32cube.ide.mcu.externaltools.gnu-tools-for-stm32.11.3.rel1.win32_1.1.1.202309131626/tools/bin/../lib/gcc/arm-none-eabi/11.3.1/../../../../arm-none-eabi/lib/thumb/v7e-m+fp/hard/crt0.o (exit)
D:/Coding/environment/embedded-c/STM32CubeIDE_1.13.2/STM32CubeIDE/plugins/com.st.stm32cube.ide.mcu.externaltools.gnu-tools-for-stm32.11.3.rel1.win32_1.1.1.202309131626/tools/bin/../lib/gcc/arm-none-eabi/11.3.1/../../../../arm-none-eabi/lib/thumb/v7e-m+fp/hard\libc_nano.a(libc_a-nano-vfprintf_float.o)
                              (_printf_float)
D:/Coding/environment/embedded-c/STM32CubeIDE_1.13.2/STM32CubeIDE/plugins/com.st.stm32cube.ide.mcu.externaltools.gnu-tools-for-stm32.11.3.rel1.win32_1.1.1.202309131626/tools/bin/../lib/gcc/arm-none-eabi/11.3.1/../../../../arm-none-eabi/lib/thumb/v7e-m+fp/hard\libc_nano.a(libc_a-nano-vfprintf_i.o)
                              D:/Coding/environment/embedded-c/STM32CubeIDE_1.13.2/STM32CubeIDE/plugins/com.st.stm32cube.ide.mcu.externaltools.gnu-tools-for-stm32.11.3.rel1.win32_1.1.1.202309131626/tools/bin/../lib/gcc/arm-none-eabi/11.3.1/../../../../arm-none-eabi/lib/thumb/v7e-m+fp/hard\libc_nano.a(libc_a-nano-vfprintf_float.o) (_printf_common)
D:/Coding/environment/embedded-c/STM32CubeIDE_1.13.2/STM32CubeIDE/plugins/com.st.stm32cube.ide.mcu.externaltools.gnu-tools-for-stm32.11.3.rel1.win32_1.1.1.202309131626/tools/bin/../lib/gcc/arm-none-eabi/11.3.1/../../../../arm-none-eabi/lib/thumb/v7e-m+fp/hard\libc_nano.a(libc_a-nano-vfscanf_float.o)
                              (_scanf_float)
D:/Coding/environment/embedded-c/STM32CubeIDE_1.13.2/STM32CubeIDE/plugins/com.st.stm32cube.ide.mcu.externaltools.gnu-tools-for-stm32.11.3.rel1.win32_1.1.1.202309131626/tools/bin/../lib/gcc/arm-none-eabi/11.3.1/../../../../arm-none-eabi/lib/thumb/v7e-m+fp/hard\libc_nano.a(libc_a-findfp.o)
                              D:/Coding/environment/embedded-c/STM32CubeIDE_1.13.2/STM32CubeIDE/plugins/com.st.stm32cube.ide.mcu.externaltools.gnu-tools-for-stm32.11.3.rel1.win32_1.1.1.202309131626/tools/bin/../lib/gcc/arm-none-eabi/11.3.1/../../../../arm-none-eabi/lib/thumb/v7e-m+fp/hard\libc_nano.a(libc_a-exit.o) (__stdio_exit_handler)
D:/Coding/environment/embedded-c/STM32CubeIDE_1.13.2/STM32CubeIDE/plugins/com.st.stm32cube.ide.mcu.externaltools.gnu-tools-for-stm32.11.3.rel1.win32_1.1.1.202309131626/tools/bin/../lib/gcc/arm-none-eabi/11.3.1/../../../../arm-none-eabi/lib/thumb/v7e-m+fp/hard\libc_nano.a(libc_a-fwalk.o)
                              D:/Coding/environment/embedded-c/STM32CubeIDE_1.13.2/STM32CubeIDE/plugins/com.st.stm32cube.ide.mcu.externaltools.gnu-tools-for-stm32.11.3.rel1.win32_1.1.1.202309131626/tools/bin/../lib/gcc/arm-none-eabi/11.3.1/../../../../arm-none-eabi/lib/thumb/v7e-m+fp/hard\libc_nano.a(libc_a-findfp.o) (_fwalk_sglue)
D:/Coding/environment/embedded-c/STM32CubeIDE_1.13.2/STM32CubeIDE/plugins/com.st.stm32cube.ide.mcu.externaltools.gnu-tools-for-stm32.11.3.rel1.win32_1.1.1.202309131626/tools/bin/../lib/gcc/arm-none-eabi/11.3.1/../../../../arm-none-eabi/lib/thumb/v7e-m+fp/hard\libc_nano.a(libc_a-printf.o)
                              ./Core/Src/main.o (printf)
D:/Coding/environment/embedded-c/STM32CubeIDE_1.13.2/STM32CubeIDE/plugins/com.st.stm32cube.ide.mcu.externaltools.gnu-tools-for-stm32.11.3.rel1.win32_1.1.1.202309131626/tools/bin/../lib/gcc/arm-none-eabi/11.3.1/../../../../arm-none-eabi/lib/thumb/v7e-m+fp/hard\libc_nano.a(libc_a-sprintf.o)
                              D:/Coding/environment/embedded-c/STM32CubeIDE_1.13.2/STM32CubeIDE/plugins/com.st.stm32cube.ide.mcu.externaltools.gnu-tools-for-stm32.11.3.rel1.win32_1.1.1.202309131626/tools/bin/../lib/gcc/arm-none-eabi/11.3.1/../../../../arm-none-eabi/lib/thumb/v7e-m+fp/hard\libc_nano.a(libc_a-nano-vfscanf_float.o) (sprintf)
D:/Coding/environment/embedded-c/STM32CubeIDE_1.13.2/STM32CubeIDE/plugins/com.st.stm32cube.ide.mcu.externaltools.gnu-tools-for-stm32.11.3.rel1.win32_1.1.1.202309131626/tools/bin/../lib/gcc/arm-none-eabi/11.3.1/../../../../arm-none-eabi/lib/thumb/v7e-m+fp/hard\libc_nano.a(libc_a-stdio.o)
                              D:/Coding/environment/embedded-c/STM32CubeIDE_1.13.2/STM32CubeIDE/plugins/com.st.stm32cube.ide.mcu.externaltools.gnu-tools-for-stm32.11.3.rel1.win32_1.1.1.202309131626/tools/bin/../lib/gcc/arm-none-eabi/11.3.1/../../../../arm-none-eabi/lib/thumb/v7e-m+fp/hard\libc_nano.a(libc_a-findfp.o) (__sread)
[...]
Memory Configuration

Name             Origin             Length             Attributes
RETRAM_interrupts 0x0000000000000000 0x0000000000000600 xrw
SRAM1_text       0x0000000010000000 0x0000000000020000 xrw
SRAM2_data       0x0000000010020000 0x0000000000020000 xrw
SRAM3_ipc_shm    0x0000000010040000 0x0000000000010000 xrw
SRAM4            0x0000000010050000 0x0000000000010000 xrw
*default*        0x0000000000000000 0xffffffffffffffff

Linker script and memory map

LOAD D:/Coding/environment/embedded-c/STM32CubeIDE_1.13.2/STM32CubeIDE/plugins/com.st.stm32cube.ide.mcu.externaltools.gnu-tools-for-stm32.11.3.rel1.win32_1.1.1.202309131626/tools/bin/../lib/gcc/arm-none-eabi/11.3.1/thumb/v7e-m+fp/hard/crti.o
LOAD D:/Coding/environment/embedded-c/STM32CubeIDE_1.13.2/STM32CubeIDE/plugins/com.st.stm32cube.ide.mcu.externaltools.gnu-tools-for-stm32.11.3.rel1.win32_1.1.1.202309131626/tools/bin/../lib/gcc/arm-none-eabi/11.3.1/thumb/v7e-m+fp/hard/crtbegin.o
LOAD D:/Coding/environment/embedded-c/STM32CubeIDE_1.13.2/STM32CubeIDE/plugins/com.st.stm32cube.ide.mcu.externaltools.gnu-tools-for-stm32.11.3.rel1.win32_1.1.1.202309131626/tools/bin/../lib/gcc/arm-none-eabi/11.3.1/../../../../arm-none-eabi/lib/thumb/v7e-m+fp/hard/crt0.o
LOAD ./Common/System/system_stm32mp1xx.o
LOAD ./Core/Src/gpio.o
LOAD ./Core/Src/main.o
LOAD ./Core/Src/stm32mp1xx_hal_msp.o
LOAD ./Core/Src/stm32mp1xx_it.o
LOAD ./Core/Src/syscalls.o
LOAD ./Core/Src/sysmem.o
LOAD ./Core/Src/usart.o
LOAD ./Core/Startup/startup_stm32mp157dacx.o
LOAD ./DemoDriver/driver_key.o
LOAD ./DemoDriver/driver_led.o
LOAD ./Drivers/STM32MP1xx_HAL_Driver/stm32mp1xx_hal.o
LOAD ./Drivers/STM32MP1xx_HAL_Driver/stm32mp1xx_hal_cortex.o
LOAD ./Drivers/STM32MP1xx_HAL_Driver/stm32mp1xx_hal_dma.o
LOAD ./Drivers/STM32MP1xx_HAL_Driver/stm32mp1xx_hal_dma_ex.o
LOAD ./Drivers/STM32MP1xx_HAL_Driver/stm32mp1xx_hal_exti.o
LOAD ./Drivers/STM32MP1xx_HAL_Driver/stm32mp1xx_hal_gpio.o
LOAD ./Drivers/STM32MP1xx_HAL_Driver/stm32mp1xx_hal_hsem.o
LOAD ./Drivers/STM32MP1xx_HAL_Driver/stm32mp1xx_hal_mdma.o
LOAD ./Drivers/STM32MP1xx_HAL_Driver/stm32mp1xx_hal_pwr.o
LOAD ./Drivers/STM32MP1xx_HAL_Driver/stm32mp1xx_hal_pwr_ex.o
LOAD ./Drivers/STM32MP1xx_HAL_Driver/stm32mp1xx_hal_rcc.o
LOAD ./Drivers/STM32MP1xx_HAL_Driver/stm32mp1xx_hal_rcc_ex.o
LOAD ./Drivers/STM32MP1xx_HAL_Driver/stm32mp1xx_hal_uart.o
LOAD ./Drivers/STM32MP1xx_HAL_Driver/stm32mp1xx_hal_uart_ex.o
START GROUP
LOAD D:/Coding/environment/embedded-c/STM32CubeIDE_1.13.2/STM32CubeIDE/plugins/com.st.stm32cube.ide.mcu.externaltools.gnu-tools-for-stm32.11.3.rel1.win32_1.1.1.202309131626/tools/bin/../lib/gcc/arm-none-eabi/11.3.1/../../../../arm-none-eabi/lib/thumb/v7e-m+fp/hard\libc_nano.a
LOAD D:/Coding/environment/embedded-c/STM32CubeIDE_1.13.2/STM32CubeIDE/plugins/com.st.stm32cube.ide.mcu.externaltools.gnu-tools-for-stm32.11.3.rel1.win32_1.1.1.202309131626/tools/bin/../lib/gcc/arm-none-eabi/11.3.1/../../../../arm-none-eabi/lib/thumb/v7e-m+fp/hard\libm.a
END GROUP
START GROUP
LOAD D:/Coding/environment/embedded-c/STM32CubeIDE_1.13.2/STM32CubeIDE/plugins/com.st.stm32cube.ide.mcu.externaltools.gnu-tools-for-stm32.11.3.rel1.win32_1.1.1.202309131626/tools/bin/../lib/gcc/arm-none-eabi/11.3.1/thumb/v7e-m+fp/hard\libgcc.a
LOAD D:/Coding/environment/embedded-c/STM32CubeIDE_1.13.2/STM32CubeIDE/plugins/com.st.stm32cube.ide.mcu.externaltools.gnu-tools-for-stm32.11.3.rel1.win32_1.1.1.202309131626/tools/bin/../lib/gcc/arm-none-eabi/11.3.1/../../../../arm-none-eabi/lib/thumb/v7e-m+fp/hard\libc_nano.a
END GROUP
START GROUP
LOAD D:/Coding/environment/embedded-c/STM32CubeIDE_1.13.2/STM32CubeIDE/plugins/com.st.stm32cube.ide.mcu.externaltools.gnu-tools-for-stm32.11.3.rel1.win32_1.1.1.202309131626/tools/bin/../lib/gcc/arm-none-eabi/11.3.1/thumb/v7e-m+fp/hard\libgcc.a
LOAD D:/Coding/environment/embedded-c/STM32CubeIDE_1.13.2/STM32CubeIDE/plugins/com.st.stm32cube.ide.mcu.externaltools.gnu-tools-for-stm32.11.3.rel1.win32_1.1.1.202309131626/tools/bin/../lib/gcc/arm-none-eabi/11.3.1/../../../../arm-none-eabi/lib/thumb/v7e-m+fp/hard\libc_nano.a
LOAD D:/Coding/environment/embedded-c/STM32CubeIDE_1.13.2/STM32CubeIDE/plugins/com.st.stm32cube.ide.mcu.externaltools.gnu-tools-for-stm32.11.3.rel1.win32_1.1.1.202309131626/tools/bin/../lib/gcc/arm-none-eabi/11.3.1/../../../../arm-none-eabi/lib/thumb/v7e-m+fp/hard\libnosys.a
END GROUP
START GROUP
LOAD D:/Coding/environment/embedded-c/STM32CubeIDE_1.13.2/STM32CubeIDE/plugins/com.st.stm32cube.ide.mcu.externaltools.gnu-tools-for-stm32.11.3.rel1.win32_1.1.1.202309131626/tools/bin/../lib/gcc/arm-none-eabi/11.3.1/thumb/v7e-m+fp/hard\libgcc.a
LOAD D:/Coding/environment/embedded-c/STM32CubeIDE_1.13.2/STM32CubeIDE/plugins/com.st.stm32cube.ide.mcu.externaltools.gnu-tools-for-stm32.11.3.rel1.win32_1.1.1.202309131626/tools/bin/../lib/gcc/arm-none-eabi/11.3.1/../../../../arm-none-eabi/lib/thumb/v7e-m+fp/hard\libc_nano.a
LOAD D:/Coding/environment/embedded-c/STM32CubeIDE_1.13.2/STM32CubeIDE/plugins/com.st.stm32cube.ide.mcu.externaltools.gnu-tools-for-stm32.11.3.rel1.win32_1.1.1.202309131626/tools/bin/../lib/gcc/arm-none-eabi/11.3.1/../../../../arm-none-eabi/lib/thumb/v7e-m+fp/hard\libnosys.a
END GROUP
LOAD D:/Coding/environment/embedded-c/STM32CubeIDE_1.13.2/STM32CubeIDE/plugins/com.st.stm32cube.ide.mcu.externaltools.gnu-tools-for-stm32.11.3.rel1.win32_1.1.1.202309131626/tools/bin/../lib/gcc/arm-none-eabi/11.3.1/thumb/v7e-m+fp/hard/crtend.o
LOAD D:/Coding/environment/embedded-c/STM32CubeIDE_1.13.2/STM32CubeIDE/plugins/com.st.stm32cube.ide.mcu.externaltools.gnu-tools-for-stm32.11.3.rel1.win32_1.1.1.202309131626/tools/bin/../lib/gcc/arm-none-eabi/11.3.1/thumb/v7e-m+fp/hard/crtn.o
                0x0000000010040000                _estack = (ORIGIN (SRAM2_data) + LENGTH (SRAM2_data))
                0x0000000000000200                _Min_Heap_Size = 0x200
                0x0000000000000400                _Min_Stack_Size = 0x400
                0x0000000010040000                __OPENAMP_region_start__ = ORIGIN (SRAM3_ipc_shm)
                0x0000000010050000                __OPENAMP_region_end__ = (ORIGIN (SRAM3_ipc_shm) + LENGTH (SRAM3_ipc_shm))

.isr_vector     0x0000000000000000      0x298
                0x0000000000000000                . = ALIGN (0x4)
 *(.isr_vector)
 .isr_vector    0x0000000000000000      0x298 ./Core/Startup/startup_stm32mp157dacx.o
                0x0000000000000000                g_pfnVectors
                0x0000000000000298                . = ALIGN (0x4)

.text           0x0000000010000000     0xba60
                0x0000000010000000                . = ALIGN (0x4)
 *(.text)
 .text          0x0000000010000000       0x40 D:/Coding/environment/embedded-c/STM32CubeIDE_1.13.2/STM32CubeIDE/plugins/com.st.stm32cube.ide.mcu.externaltools.gnu-tools-for-stm32.11.3.rel1.win32_1.1.1.202309131626/tools/bin/../lib/gcc/arm-none-eabi/11.3.1/thumb/v7e-m+fp/hard/crtbegin.o
 .text          0x0000000010000040       0xa0 D:/Coding/environment/embedded-c/STM32CubeIDE_1.13.2/STM32CubeIDE/plugins/com.st.stm32cube.ide.mcu.externaltools.gnu-tools-for-stm32.11.3.rel1.win32_1.1.1.202309131626/tools/bin/../lib/gcc/arm-none-eabi/11.3.1/../../../../arm-none-eabi/lib/thumb/v7e-m+fp/hard\libc_nano.a(libc_a-memchr.o)
                0x0000000010000040                memchr
 .text          0x00000000100000e0       0x10 D:/Coding/environment/embedded-c/STM32CubeIDE_1.13.2/STM32CubeIDE/plugins/com.st.stm32cube.ide.mcu.externaltools.gnu-tools-for-stm32.11.3.rel1.win32_1.1.1.202309131626/tools/bin/../lib/gcc/arm-none-eabi/11.3.1/../../../../arm-none-eabi/lib/thumb/v7e-m+fp/hard\libc_nano.a(libc_a-strlen.o)
                0x00000000100000e0                strlen
 .text          0x00000000100000f0      0x378 D:/Coding/environment/embedded-c/STM32CubeIDE_1.13.2/STM32CubeIDE/plugins/com.st.stm32cube.ide.mcu.externaltools.gnu-tools-for-stm32.11.3.rel1.win32_1.1.1.202309131626/tools/bin/../lib/gcc/arm-none-eabi/11.3.1/thumb/v7e-m+fp/hard\libgcc.a(_arm_addsubdf3.o)
                0x00000000100000f0                __aeabi_drsub
                0x00000000100000f8                __aeabi_dsub
                0x00000000100000f8                __subdf3
                0x00000000100000fc                __aeabi_dadd
                0x00000000100000fc                __adddf3
                0x0000000010000374                __floatunsidf
                0x0000000010000374                __aeabi_ui2d
                0x0000000010000394                __floatsidf
                0x0000000010000394                __aeabi_i2d
                0x00000000100003b8                __aeabi_f2d
                0x00000000100003b8                __extendsfdf2
                0x00000000100003fc                __floatundidf
                0x00000000100003fc                __aeabi_ul2d
                0x000000001000040c                __floatdidf
                0x000000001000040c                __aeabi_l2d
 .text          0x0000000010000468      0x424 D:/Coding/environment/embedded-c/STM32CubeIDE_1.13.2/STM32CubeIDE/plugins/com.st.stm32cube.ide.mcu.externaltools.gnu-tools-for-stm32.11.3.rel1.win32_1.1.1.202309131626/tools/bin/../lib/gcc/arm-none-eabi/11.3.1/thumb/v7e-m+fp/hard\libgcc.a(_arm_muldivdf3.o)
                0x0000000010000468                __aeabi_dmul
                0x0000000010000468                __muldf3
                0x00000000100006bc                __divdf3
                0x00000000100006bc                __aeabi_ddiv
 .text          0x000000001000088c      0x110 D:/Coding/environment/embedded-c/STM32CubeIDE_1.13.2/STM32CubeIDE/plugins/com.st.stm32cube.ide.mcu.externaltools.gnu-tools-for-stm32.11.3.rel1.win32_1.1.1.202309131626/tools/bin/../lib/gcc/arm-none-eabi/11.3.1/thumb/v7e-m+fp/hard\libgcc.a(_arm_cmpdf2.o)
                0x000000001000088c                __gtdf2
                0x000000001000088c                __gedf2
                0x0000000010000894                __ltdf2
                0x0000000010000894                __ledf2
                0x000000001000089c                __nedf2
                0x000000001000089c                __eqdf2
                0x000000001000089c                __cmpdf2
                0x0000000010000918                __aeabi_cdrcmple
                0x0000000010000928                __aeabi_cdcmpeq
                0x0000000010000928                __aeabi_cdcmple
                0x0000000010000938                __aeabi_dcmpeq
                0x000000001000094c                __aeabi_dcmplt
                0x0000000010000960                __aeabi_dcmple
                0x0000000010000974                __aeabi_dcmpge
                0x0000000010000988                __aeabi_dcmpgt
 .text          0x000000001000099c       0x2c D:/Coding/environment/embedded-c/STM32CubeIDE_1.13.2/STM32CubeIDE/plugins/com.st.stm32cube.ide.mcu.externaltools.gnu-tools-for-stm32.11.3.rel1.win32_1.1.1.202309131626/tools/bin/../lib/gcc/arm-none-eabi/11.3.1/thumb/v7e-m+fp/hard\libgcc.a(_arm_unorddf2.o)
                0x000000001000099c                __unorddf2
                0x000000001000099c                __aeabi_dcmpun
 .text          0x00000000100009c8       0x50 D:/Coding/environment/embedded-c/STM32CubeIDE_1.13.2/STM32CubeIDE/plugins/com.st.stm32cube.ide.mcu.externaltools.gnu-tools-for-stm32.11.3.rel1.win32_1.1.1.202309131626/tools/bin/../lib/gcc/arm-none-eabi/11.3.1/thumb/v7e-m+fp/hard\libgcc.a(_arm_fixdfsi.o)
                0x00000000100009c8                __aeabi_d2iz
                0x00000000100009c8                __fixdfsi
 .text          0x0000000010000a18       0x40 D:/Coding/environment/embedded-c/STM32CubeIDE_1.13.2/STM32CubeIDE/plugins/com.st.stm32cube.ide.mcu.externaltools.gnu-tools-for-stm32.11.3.rel1.win32_1.1.1.202309131626/tools/bin/../lib/gcc/arm-none-eabi/11.3.1/thumb/v7e-m+fp/hard\libgcc.a(_arm_fixunsdfsi.o)
                0x0000000010000a18                __aeabi_d2uiz
                0x0000000010000a18                __fixunsdfsi
 .text          0x0000000010000a58       0xa0 D:/Coding/environment/embedded-c/STM32CubeIDE_1.13.2/STM32CubeIDE/plugins/com.st.stm32cube.ide.mcu.externaltools.gnu-tools-for-stm32.11.3.rel1.win32_1.1.1.202309131626/tools/bin/../lib/gcc/arm-none-eabi/11.3.1/thumb/v7e-m+fp/hard\libgcc.a(_arm_truncdfsf2.o)
                0x0000000010000a58                __truncdfsf2
                0x0000000010000a58                __aeabi_d2f
 .text          0x0000000010000af8       0x30 D:/Coding/environment/embedded-c/STM32CubeIDE_1.13.2/STM32CubeIDE/plugins/com.st.stm32cube.ide.mcu.externaltools.gnu-tools-for-stm32.11.3.rel1.win32_1.1.1.202309131626/tools/bin/../lib/gcc/arm-none-eabi/11.3.1/thumb/v7e-m+fp/hard\libgcc.a(_fixdfdi.o)
                0x0000000010000af8                __fixdfdi
                0x0000000010000af8                __aeabi_d2lz
 .text          0x0000000010000b28       0x3c D:/Coding/environment/embedded-c/STM32CubeIDE_1.13.2/STM32CubeIDE/plugins/com.st.stm32cube.ide.mcu.externaltools.gnu-tools-for-stm32.11.3.rel1.win32_1.1.1.202309131626/tools/bin/../lib/gcc/arm-none-eabi/11.3.1/thumb/v7e-m+fp/hard\libgcc.a(_fixunsdfdi.o)
                0x0000000010000b28                __fixunsdfdi
                0x0000000010000b28                __aeabi_d2ulz
 *(.text*)
 .text.SystemInit
                0x0000000010000b64       0x4c ./Common/System/system_stm32mp1xx.o
                0x0000000010000b64                SystemInit
 .text.MX_GPIO_Init
                0x0000000010000bb0       0xcc ./Core/Src/gpio.o
                0x0000000010000bb0                MX_GPIO_Init
 *fill*         0x0000000010000c7c        0x4 
 .text.main     0x0000000010000c80       0xdc ./Core/Src/main.o
                0x0000000010000c80                main
 .text.SystemClock_Config
                0x0000000010000d5c      0x1c0 ./Core/Src/main.o
                0x0000000010000d5c                SystemClock_Config
 .text.Error_Handler
                0x0000000010000f1c        0xa ./Core/Src/main.o
                0x0000000010000f1c                Error_Handler
 .text.HAL_MspInit
                0x0000000010000f26       0x60 ./Core/Src/stm32mp1xx_hal_msp.o
                0x0000000010000f26                HAL_MspInit
 .text.NMI_Handler
                0x0000000010000f86        0x6 ./Core/Src/stm32mp1xx_it.o
                0x0000000010000f86                NMI_Handler
 .text.HardFault_Handler
                0x0000000010000f8c        0x6 ./Core/Src/stm32mp1xx_it.o
                0x0000000010000f8c                HardFault_Handler
 .text.MemManage_Handler
                0x0000000010000f92        0x6 ./Core/Src/stm32mp1xx_it.o
                0x0000000010000f92                MemManage_Handler
 .text.BusFault_Handler
                0x0000000010000f98        0x6 ./Core/Src/stm32mp1xx_it.o
                0x0000000010000f98                BusFault_Handler
 .text.UsageFault_Handler
                0x0000000010000f9e        0x6 ./Core/Src/stm32mp1xx_it.o
                0x0000000010000f9e                UsageFault_Handler
 .text.SVC_Handler
                0x0000000010000fa4        0xe ./Core/Src/stm32mp1xx_it.o
                0x0000000010000fa4                SVC_Handler
 .text.DebugMon_Handler
                0x0000000010000fb2        0xe ./Core/Src/stm32mp1xx_it.o
                0x0000000010000fb2                DebugMon_Handler
 .text.PendSV_Handler
                0x0000000010000fc0        0xe ./Core/Src/stm32mp1xx_it.o
                0x0000000010000fc0                PendSV_Handler
 .text.SysTick_Handler
                0x0000000010000fce        0xc ./Core/Src/stm32mp1xx_it.o
                0x0000000010000fce                SysTick_Handler
 .text.EXTI2_IRQHandler
                0x0000000010000fda        0xe ./Core/Src/stm32mp1xx_it.o
                0x0000000010000fda                EXTI2_IRQHandler
 .text.EXTI3_IRQHandler
                0x0000000010000fe8        0xe ./Core/Src/stm32mp1xx_it.o
                0x0000000010000fe8                EXTI3_IRQHandler
 .text.RCC_WAKEUP_IRQHandler
                0x0000000010000ff6        0xc ./Core/Src/stm32mp1xx_it.o
                0x0000000010000ff6                RCC_WAKEUP_IRQHandler
 .text._getpid  0x0000000010001002       0x10 ./Core/Src/syscalls.o
                0x0000000010001002                _getpid
 .text._kill    0x0000000010001012       0x20 ./Core/Src/syscalls.o
                0x0000000010001012                _kill
 .text._exit    0x0000000010001032       0x14 ./Core/Src/syscalls.o
                0x0000000010001032                _exit
 .text._read    0x0000000010001046       0x3a ./Core/Src/syscalls.o
                0x0000000010001046                _read
 .text._write   0x0000000010001080       0x38 ./Core/Src/syscalls.o
                0x0000000010001080                _write
 .text._close   0x00000000100010b8       0x18 ./Core/Src/syscalls.o
                0x00000000100010b8                _close
 .text._fstat   0x00000000100010d0       0x20 ./Core/Src/syscalls.o
                0x00000000100010d0                _fstat
 .text._isatty  0x00000000100010f0       0x16 ./Core/Src/syscalls.o
                0x00000000100010f0                _isatty
 .text._lseek   0x0000000010001106       0x1a ./Core/Src/syscalls.o
                0x0000000010001106                _lseek
 .text._sbrk    0x0000000010001120       0x6c ./Core/Src/sysmem.o
                0x0000000010001120                _sbrk
 .text.MX_UART4_Init
                0x000000001000118c       0x98 ./Core/Src/usart.o
                0x000000001000118c                MX_UART4_Init
 .text.HAL_UART_MspInit
                0x0000000010001224       0xfc ./Core/Src/usart.o
                0x0000000010001224                HAL_UART_MspInit
 .text.__io_putchar
                0x0000000010001320       0x24 ./Core/Src/usart.o
                0x0000000010001320                __io_putchar
 .text.Default_Handler
                0x0000000010001344        0x2 ./Core/Startup/startup_stm32mp157dacx.o
                0x0000000010001344                TIM8_TRG_COM_IRQHandler
                0x0000000010001344                TIM8_CC_IRQHandler
                0x0000000010001344                EXTI5_IRQHandler
                0x0000000010001344                UART8_IRQHandler
                0x0000000010001344                SPI4_IRQHandler
                0x0000000010001344                EXTI13_IRQHandler
                0x0000000010001344                TIM1_CC_IRQHandler
                0x0000000010001344                DMA2_Stream5_IRQHandler
                0x0000000010001344                ETH1_WKUP_IRQHandler
                0x0000000010001344                TAMP_IRQHandler
                0x0000000010001344                DMA1_Stream5_IRQHandler
                0x0000000010001344                TIM6_IRQHandler
                0x0000000010001344                EXTI12_IRQHandler
                0x0000000010001344                LPTIM4_IRQHandler
                0x0000000010001344                EXTI8_IRQHandler
                0x0000000010001344                LPTIM2_IRQHandler
                0x0000000010001344                DFSDM1_FLT1_IRQHandler
                0x0000000010001344                I2C3_ER_IRQHandler
                0x0000000010001344                DFSDM1_FLT2_IRQHandler
                0x0000000010001344                I2C5_EV_IRQHandler
                0x0000000010001344                MDMA_IRQHandler
                0x0000000010001344                IPCC_TX1_IRQHandler
                0x0000000010001344                LPTIM3_IRQHandler
                0x0000000010001344                EXTI0_IRQHandler
                0x0000000010001344                I2C2_EV_IRQHandler
                0x0000000010001344                DMA1_Stream2_IRQHandler
                0x0000000010001344                FPU_IRQHandler
                0x0000000010001344                USBH_OHCI_IRQHandler
                0x0000000010001344                FDCAN1_IT1_IRQHandler
                0x0000000010001344                LTDC_ER_IRQHandler
                0x0000000010001344                DMA2_Stream2_IRQHandler
                0x0000000010001344                IPCC_RX0_IRQHandler
                0x0000000010001344                OTG_IRQHandler
                0x0000000010001344                SPI1_IRQHandler
                0x0000000010001344                DCMI_IRQHandler
                0x0000000010001344                TIM8_UP_IRQHandler
                0x0000000010001344                DMA2_Stream3_IRQHandler
                0x0000000010001344                USBH_EHCI_IRQHandler
                0x0000000010001344                nCTIIRQ2_IRQHandler
                0x0000000010001344                HASH1_IRQHandler
                0x0000000010001344                GPU_IRQHandler
                0x0000000010001344                SAI2_IRQHandler
                0x0000000010001344                ADC1_IRQHandler
                0x0000000010001344                RESERVED148_IRQHandler
                0x0000000010001344                RTC_TIMESTAMP_IRQHandler
                0x0000000010001344                DFSDM1_FLT3_IRQHandler
                0x0000000010001344                USART6_IRQHandler
                0x0000000010001344                EXTI15_IRQHandler
                0x0000000010001344                TIM17_IRQHandler
                0x0000000010001344                USART3_IRQHandler
                0x0000000010001344                EXTI9_IRQHandler
                0x0000000010001344                LPTIM5_IRQHandler
                0x0000000010001344                UART5_IRQHandler
                0x0000000010001344                DMA2_Stream0_IRQHandler
                0x0000000010001344                TIM4_IRQHandler
                0x0000000010001344                CRYP2_IRQHandler
                0x0000000010001344                QUADSPI_IRQHandler
                0x0000000010001344                I2C1_EV_IRQHandler
                0x0000000010001344                DMA1_Stream6_IRQHandler
                0x0000000010001344                RESERVED99_IRQHandler
                0x0000000010001344                DMAMUX1_OVR_IRQHandler
                0x0000000010001344                DMA1_Stream1_IRQHandler
                0x0000000010001344                TIM16_IRQHandler
                0x0000000010001344                UART4_IRQHandler
                0x0000000010001344                TIM3_IRQHandler
                0x0000000010001344                RCC_IRQHandler
                0x0000000010001344                TIM1_TRG_COM_IRQHandler
                0x0000000010001344                nCTIIRQ1_IRQHandler
                0x0000000010001344                Default_Handler
                0x0000000010001344                IPCC_RX1_IRQHandler
                0x0000000010001344                CEC_IRQHandler
                0x0000000010001344                DFSDM1_FLT4_IRQHandler
                0x0000000010001344                TIM14_IRQHandler
                0x0000000010001344                I2C5_ER_IRQHandler
                0x0000000010001344                TIM13_IRQHandler
                0x0000000010001344                DMA1_Stream7_IRQHandler
                0x0000000010001344                IPCC_TX0_IRQHandler
                0x0000000010001344                SPI5_IRQHandler
                0x0000000010001344                TIM12_IRQHandler
                0x0000000010001344                TIM7_IRQHandler
                0x0000000010001344                SDMMC1_IRQHandler
                0x0000000010001344                TIM5_IRQHandler
                0x0000000010001344                DMA2_Stream7_IRQHandler
                0x0000000010001344                TIM15_IRQHandler
                0x0000000010001344                PVD_AVD_IRQHandler
                0x0000000010001344                I2C3_EV_IRQHandler
                0x0000000010001344                SDMMC3_IRQHandler
                0x0000000010001344                ETH1_IRQHandler
                0x0000000010001344                LTDC_IRQHandler
                0x0000000010001344                SAI3_IRQHandler
                0x0000000010001344                SPDIF_RX_IRQHandler
                0x0000000010001344                ADC2_IRQHandler
                0x0000000010001344                SPI2_IRQHandler
                0x0000000010001344                DFSDM1_FLT5_IRQHandler
                0x0000000010001344                DMA1_Stream0_IRQHandler
                0x0000000010001344                EXTI14_IRQHandler
                0x0000000010001344                EXTI11_IRQHandler
                0x0000000010001344                CRYP1_IRQHandler
                0x0000000010001344                RNG2_IRQHandler
                0x0000000010001344                RNG1_IRQHandler
                0x0000000010001344                HASH2_IRQHandler
                0x0000000010001344                EXTI4_IRQHandler
                0x0000000010001344                ETH1_LPI_IRQHandler
                0x0000000010001344                FDCAN2_IT1_IRQHandler
                0x0000000010001344                DSI_IRQHandler
                0x0000000010001344                TIM1_UP_IRQHandler
                0x0000000010001344                HSEM_IT2_IRQHandler
                0x0000000010001344                SPI6_IRQHandler
                0x0000000010001344                MDIOS_IRQHandler
                0x0000000010001344                I2C4_EV_IRQHandler
                0x0000000010001344                FDCAN2_IT0_IRQHandler
                0x0000000010001344                I2C6_ER_IRQHandler
                0x0000000010001344                FDCAN1_IT0_IRQHandler
                0x0000000010001344                TIM2_IRQHandler
                0x0000000010001344                EXTI7_IRQHandler
                0x0000000010001344                TIM1_BRK_IRQHandler
                0x0000000010001344                DAC_IRQHandler
                0x0000000010001344                EXTI1_IRQHandler
                0x0000000010001344                SDMMC2_IRQHandler
                0x0000000010001344                DTS_IRQHandler
                0x0000000010001344                UART7_IRQHandler
                0x0000000010001344                USART2_IRQHandler
                0x0000000010001344                I2C6_EV_IRQHandler
                0x0000000010001344                DFSDM1_FLT0_IRQHandler
                0x0000000010001344                SAI4_IRQHandler
                0x0000000010001344                I2C2_ER_IRQHandler
                0x0000000010001344                DMA2_Stream1_IRQHandler
                0x0000000010001344                TIM8_BRK_IRQHandler
                0x0000000010001344                WWDG1_IRQHandler
                0x0000000010001344                DMA2_Stream4_IRQHandler
                0x0000000010001344                USART1_IRQHandler
                0x0000000010001344                RESERVED143_IRQHandler
                0x0000000010001344                EXTI10_IRQHandler
                0x0000000010001344                SPI3_IRQHandler
                0x0000000010001344                WAKEUP_PIN_IRQHandler
                0x0000000010001344                DMA1_Stream4_IRQHandler
                0x0000000010001344                I2C1_ER_IRQHandler
                0x0000000010001344                FMC_IRQHandler
                0x0000000010001344                FDCAN_CAL_IRQHandler
                0x0000000010001344                EXTI6_IRQHandler
                0x0000000010001344                MPU_SEV_IRQHandler
                0x0000000010001344                LPTIM1_IRQHandler
                0x0000000010001344                RTC_WKUP_ALARM_IRQHandler
                0x0000000010001344                I2C4_ER_IRQHandler
                0x0000000010001344                DMA2_Stream6_IRQHandler
                0x0000000010001344                SAI1_IRQHandler
                0x0000000010001344                DMA1_Stream3_IRQHandler
                0x0000000010001344                RESERVED4_IRQHandler
 *fill*         0x0000000010001346        0x2 
 .text.Key1Polling
                0x0000000010001348       0x78 ./DemoDriver/driver_key.o
                0x0000000010001348                Key1Polling
 .text.DemoLedInit
                0x00000000100013c0       0x28 ./DemoDriver/driver_led.o
                0x00000000100013c0                DemoLedInit
 .text.LedBlinking
                0x00000000100013e8       0x50 ./DemoDriver/driver_led.o
                0x00000000100013e8                LedBlinking
 .text.HAL_Init
                0x0000000010001438       0x34 ./Drivers/STM32MP1xx_HAL_Driver/stm32mp1xx_hal.o
                0x0000000010001438                HAL_Init
 .text.HAL_InitTick
                0x000000001000146c       0x6c ./Drivers/STM32MP1xx_HAL_Driver/stm32mp1xx_hal.o
                0x000000001000146c                HAL_InitTick
 .text.HAL_IncTick
                0x00000000100014d8       0x28 ./Drivers/STM32MP1xx_HAL_Driver/stm32mp1xx_hal.o
                0x00000000100014d8                HAL_IncTick
 .text.HAL_GetTick
                0x0000000010001500       0x18 ./Drivers/STM32MP1xx_HAL_Driver/stm32mp1xx_hal.o
                0x0000000010001500                HAL_GetTick
 .text.HAL_Delay
                0x0000000010001518       0x48 ./Drivers/STM32MP1xx_HAL_Driver/stm32mp1xx_hal.o
                0x0000000010001518                HAL_Delay
 .text.__NVIC_SetPriorityGrouping
                0x0000000010001560       0x48 ./Drivers/STM32MP1xx_HAL_Driver/stm32mp1xx_hal_cortex.o
 .text.__NVIC_GetPriorityGrouping
                0x00000000100015a8       0x1c ./Drivers/STM32MP1xx_HAL_Driver/stm32mp1xx_hal_cortex.o
 .text.__NVIC_EnableIRQ
                0x00000000100015c4       0x3c ./Drivers/STM32MP1xx_HAL_Driver/stm32mp1xx_hal_cortex.o
 .text.__NVIC_SetPriority
                0x0000000010001600       0x54 ./Drivers/STM32MP1xx_HAL_Driver/stm32mp1xx_hal_cortex.o
 .text.NVIC_EncodePriority
                0x0000000010001654       0x66 ./Drivers/STM32MP1xx_HAL_Driver/stm32mp1xx_hal_cortex.o
 *fill*         0x00000000100016ba        0x2 
 .text.SysTick_Config
                0x00000000100016bc       0x44 ./Drivers/STM32MP1xx_HAL_Driver/stm32mp1xx_hal_cortex.o
 .text.HAL_NVIC_SetPriorityGrouping
                0x0000000010001700       0x16 ./Drivers/STM32MP1xx_HAL_Driver/stm32mp1xx_hal_cortex.o
                0x0000000010001700                HAL_NVIC_SetPriorityGrouping
 .text.HAL_NVIC_SetPriority
                0x0000000010001716       0x38 ./Drivers/STM32MP1xx_HAL_Driver/stm32mp1xx_hal_cortex.o
                0x0000000010001716                HAL_NVIC_SetPriority
 .text.HAL_NVIC_EnableIRQ
                0x000000001000174e       0x1c ./Drivers/STM32MP1xx_HAL_Driver/stm32mp1xx_hal_cortex.o
                0x000000001000174e                HAL_NVIC_EnableIRQ
 .text.HAL_SYSTICK_Config
                0x000000001000176a       0x18 ./Drivers/STM32MP1xx_HAL_Driver/stm32mp1xx_hal_cortex.o
                0x000000001000176a                HAL_SYSTICK_Config
 *fill*         0x0000000010001782        0x2 
 .text.HAL_GPIO_Init
                0x0000000010001784      0x354 ./Drivers/STM32MP1xx_HAL_Driver/stm32mp1xx_hal_gpio.o
                0x0000000010001784                HAL_GPIO_Init
 .text.HAL_GPIO_ReadPin
                0x0000000010001ad8       0x30 ./Drivers/STM32MP1xx_HAL_Driver/stm32mp1xx_hal_gpio.o
                0x0000000010001ad8                HAL_GPIO_ReadPin
 .text.HAL_GPIO_WritePin
                0x0000000010001b08       0x32 ./Drivers/STM32MP1xx_HAL_Driver/stm32mp1xx_hal_gpio.o
                0x0000000010001b08                HAL_GPIO_WritePin
 *fill*         0x0000000010001b3a        0x2 
 .text.HAL_GPIO_EXTI_IRQHandler
                0x0000000010001b3c       0x4c ./Drivers/STM32MP1xx_HAL_Driver/stm32mp1xx_hal_gpio.o
                0x0000000010001b3c                HAL_GPIO_EXTI_IRQHandler
 .text.HAL_GPIO_EXTI_Rising_Callback
                0x0000000010001b88       0x16 ./Drivers/STM32MP1xx_HAL_Driver/stm32mp1xx_hal_gpio.o
                0x0000000010001b88                HAL_GPIO_EXTI_Rising_Callback
 .text.HAL_GPIO_EXTI_Falling_Callback
                0x0000000010001b9e       0x16 ./Drivers/STM32MP1xx_HAL_Driver/stm32mp1xx_hal_gpio.o
                0x0000000010001b9e                HAL_GPIO_EXTI_Falling_Callback
 .text.HAL_RCC_OscConfig
                0x0000000010001bb4      0x664 ./Drivers/STM32MP1xx_HAL_Driver/stm32mp1xx_hal_rcc.o
                0x0000000010001bb4                HAL_RCC_OscConfig
 .text.HAL_RCC_HSEConfig
                0x0000000010002218       0xd6 ./Drivers/STM32MP1xx_HAL_Driver/stm32mp1xx_hal_rcc.o
                0x0000000010002218                HAL_RCC_HSEConfig
 .text.HAL_RCC_LSEConfig
                0x00000000100022ee       0xfa ./Drivers/STM32MP1xx_HAL_Driver/stm32mp1xx_hal_rcc.o
                0x00000000100022ee                HAL_RCC_LSEConfig
 .text.RCC_PLL1_Config
                0x00000000100023e8      0x308 ./Drivers/STM32MP1xx_HAL_Driver/stm32mp1xx_hal_rcc.o
                0x00000000100023e8                RCC_PLL1_Config
 .text.HAL_RCC_ClockConfig
                0x00000000100026f0      0x224 ./Drivers/STM32MP1xx_HAL_Driver/stm32mp1xx_hal_rcc.o
                0x00000000100026f0                HAL_RCC_ClockConfig
 .text.RCC_MPUConfig
                0x0000000010002914       0xec ./Drivers/STM32MP1xx_HAL_Driver/stm32mp1xx_hal_rcc.o
                0x0000000010002914                RCC_MPUConfig
 .text.RCC_AXISSConfig
                0x0000000010002a00      0x12e ./Drivers/STM32MP1xx_HAL_Driver/stm32mp1xx_hal_rcc.o
                0x0000000010002a00                RCC_AXISSConfig
 *fill*         0x0000000010002b2e        0x2 
 .text.RCC_MCUConfig
                0x0000000010002b30      0x150 ./Drivers/STM32MP1xx_HAL_Driver/stm32mp1xx_hal_rcc.o
                0x0000000010002b30                RCC_MCUConfig
 .text.HAL_RCC_GetPLL2ClockFreq
                0x0000000010002c80      0x1d8 ./Drivers/STM32MP1xx_HAL_Driver/stm32mp1xx_hal_rcc.o
                0x0000000010002c80                HAL_RCC_GetPLL2ClockFreq
 .text.HAL_RCC_GetPLL3ClockFreq
                0x0000000010002e58      0x1f4 ./Drivers/STM32MP1xx_HAL_Driver/stm32mp1xx_hal_rcc.o
                0x0000000010002e58                HAL_RCC_GetPLL3ClockFreq
 .text.HAL_RCC_GetPLL4ClockFreq
                0x000000001000304c      0x210 ./Drivers/STM32MP1xx_HAL_Driver/stm32mp1xx_hal_rcc.o
                0x000000001000304c                HAL_RCC_GetPLL4ClockFreq
 .text.HAL_RCC_GetPCLK1Freq
                0x000000001000325c       0x36 ./Drivers/STM32MP1xx_HAL_Driver/stm32mp1xx_hal_rcc.o
                0x000000001000325c                HAL_RCC_GetPCLK1Freq
 .text.HAL_RCC_GetPCLK2Freq
                0x0000000010003292       0x36 ./Drivers/STM32MP1xx_HAL_Driver/stm32mp1xx_hal_rcc.o
                0x0000000010003292                HAL_RCC_GetPCLK2Freq
 .text.HAL_RCC_GetPCLK5Freq
                0x00000000100032c8       0x34 ./Drivers/STM32MP1xx_HAL_Driver/stm32mp1xx_hal_rcc.o
                0x00000000100032c8                HAL_RCC_GetPCLK5Freq
 .text.HAL_RCC_GetACLKFreq
                0x00000000100032fc       0x3a ./Drivers/STM32MP1xx_HAL_Driver/stm32mp1xx_hal_rcc.o
                0x00000000100032fc                HAL_RCC_GetACLKFreq
 .text.HAL_RCC_GetMCUFreq
                0x0000000010003336       0x36 ./Drivers/STM32MP1xx_HAL_Driver/stm32mp1xx_hal_rcc.o
                0x0000000010003336                HAL_RCC_GetMCUFreq
 .text.HAL_RCC_GetSystemCoreClockFreq
                0x000000001000336c        0xe ./Drivers/STM32MP1xx_HAL_Driver/stm32mp1xx_hal_rcc.o
                0x000000001000336c                HAL_RCC_GetSystemCoreClockFreq
 *fill*         0x000000001000337a        0x2 
 .text.HAL_RCC_GetAXISSFreq
                0x000000001000337c       0x7c ./Drivers/STM32MP1xx_HAL_Driver/stm32mp1xx_hal_rcc.o
                0x000000001000337c                HAL_RCC_GetAXISSFreq
 .text.HAL_RCC_GetMCUSSFreq
                0x00000000100033f8       0x74 ./Drivers/STM32MP1xx_HAL_Driver/stm32mp1xx_hal_rcc.o
                0x00000000100033f8                HAL_RCC_GetMCUSSFreq
 .text.HAL_RCC_WAKEUP_IRQHandler
                0x000000001000346c       0x2a ./Drivers/STM32MP1xx_HAL_Driver/stm32mp1xx_hal_rcc.o
                0x000000001000346c                HAL_RCC_WAKEUP_IRQHandler
 .text.HAL_RCC_WAKEUP_Callback
                0x0000000010003496        0xe ./Drivers/STM32MP1xx_HAL_Driver/stm32mp1xx_hal_rcc.o
                0x0000000010003496                HAL_RCC_WAKEUP_Callback
 .text.RCCEx_PLL2_Config
                0x00000000100034a4      0x304 ./Drivers/STM32MP1xx_HAL_Driver/stm32mp1xx_hal_rcc_ex.o
                0x00000000100034a4                RCCEx_PLL2_Config
 .text.RCCEx_PLL3_Config
                0x00000000100037a8      0x2d4 ./Drivers/STM32MP1xx_HAL_Driver/stm32mp1xx_hal_rcc_ex.o
                0x00000000100037a8                RCCEx_PLL3_Config
 .text.RCCEx_PLL4_Config
                0x0000000010003a7c      0x2b0 ./Drivers/STM32MP1xx_HAL_Driver/stm32mp1xx_hal_rcc_ex.o
                0x0000000010003a7c                RCCEx_PLL4_Config
 .text.HAL_RCCEx_PeriphCLKConfig
                0x0000000010003d2c     0x1d28 ./Drivers/STM32MP1xx_HAL_Driver/stm32mp1xx_hal_rcc_ex.o
                0x0000000010003d2c                HAL_RCCEx_PeriphCLKConfig
 .text.HAL_UART_Init
                0x0000000010005a54       0xa0 ./Drivers/STM32MP1xx_HAL_Driver/stm32mp1xx_hal_uart.o
                0x0000000010005a54                HAL_UART_Init
 .text.HAL_UART_Transmit
                0x0000000010005af4      0x12e ./Drivers/STM32MP1xx_HAL_Driver/stm32mp1xx_hal_uart.o
                0x0000000010005af4                HAL_UART_Transmit
 *fill*         0x0000000010005c22        0x2 
 .text.UART_SetConfig
                0x0000000010005c24     0x114c ./Drivers/STM32MP1xx_HAL_Driver/stm32mp1xx_hal_uart.o
                0x0000000010005c24                UART_SetConfig
 .text.UART_AdvFeatureConfig
                0x0000000010006d70      0x144 ./Drivers/STM32MP1xx_HAL_Driver/stm32mp1xx_hal_uart.o
                0x0000000010006d70                UART_AdvFeatureConfig
 .text.UART_CheckIdleState
                0x0000000010006eb4       0x90 ./Drivers/STM32MP1xx_HAL_Driver/stm32mp1xx_hal_uart.o
                0x0000000010006eb4                UART_CheckIdleState
 .text.UART_WaitOnFlagUntilTimeout
                0x0000000010006f44      0x100 ./Drivers/STM32MP1xx_HAL_Driver/stm32mp1xx_hal_uart.o
                0x0000000010006f44                UART_WaitOnFlagUntilTimeout
 .text.HAL_UARTEx_DisableFifoMode
                0x0000000010007044       0x72 ./Drivers/STM32MP1xx_HAL_Driver/stm32mp1xx_hal_uart_ex.o
                0x0000000010007044                HAL_UARTEx_DisableFifoMode
 .text.HAL_UARTEx_SetTxFifoThreshold
                0x00000000100070b6       0x7c ./Drivers/STM32MP1xx_HAL_Driver/stm32mp1xx_hal_uart_ex.o
                0x00000000100070b6                HAL_UARTEx_SetTxFifoThreshold
 .text.HAL_UARTEx_SetRxFifoThreshold
                0x0000000010007132       0x7c ./Drivers/STM32MP1xx_HAL_Driver/stm32mp1xx_hal_uart_ex.o
                0x0000000010007132                HAL_UARTEx_SetRxFifoThreshold
 *fill*         0x00000000100071ae        0x2 
 .text.UARTEx_SetNbDataToProcess
                0x00000000100071b0       0xc8 ./Drivers/STM32MP1xx_HAL_Driver/stm32mp1xx_hal_uart_ex.o
 .text.__cvt    0x0000000010007278       0xc4 D:/Coding/environment/embedded-c/STM32CubeIDE_1.13.2/STM32CubeIDE/plugins/com.st.stm32cube.ide.mcu.externaltools.gnu-tools-for-stm32.11.3.rel1.win32_1.1.1.202309131626/tools/bin/../lib/gcc/arm-none-eabi/11.3.1/../../../../arm-none-eabi/lib/thumb/v7e-m+fp/hard\libc_nano.a(libc_a-nano-vfprintf_float.o)
                0x0000000010007278                __cvt
 .text.__exponent
                0x000000001000733c       0x7c D:/Coding/environment/embedded-c/STM32CubeIDE_1.13.2/STM32CubeIDE/plugins/com.st.stm32cube.ide.mcu.externaltools.gnu-tools-for-stm32.11.3.rel1.win32_1.1.1.202309131626/tools/bin/../lib/gcc/arm-none-eabi/11.3.1/../../../../arm-none-eabi/lib/thumb/v7e-m+fp/hard\libc_nano.a(libc_a-nano-vfprintf_float.o)
                0x000000001000733c                __exponent
 .text._printf_float
                0x00000000100073b8      0x46c D:/Coding/environment/embedded-c/STM32CubeIDE_1.13.2/STM32CubeIDE/plugins/com.st.stm32cube.ide.mcu.externaltools.gnu-tools-for-stm32.11.3.rel1.win32_1.1.1.202309131626/tools/bin/../lib/gcc/arm-none-eabi/11.3.1/../../../../arm-none-eabi/lib/thumb/v7e-m+fp/hard\libc_nano.a(libc_a-nano-vfprintf_float.o)
                0x00000000100073b8                _printf_float
 .text._printf_common
                0x0000000010007824       0xda D:/Coding/environment/embedded-c/STM32CubeIDE_1.13.2/STM32CubeIDE/plugins/com.st.stm32cube.ide.mcu.externaltools.gnu-tools-for-stm32.11.3.rel1.win32_1.1.1.202309131626/tools/bin/../lib/gcc/arm-none-eabi/11.3.1/../../../../arm-none-eabi/lib/thumb/v7e-m+fp/hard\libc_nano.a(libc_a-nano-vfprintf_i.o)
                0x0000000010007824                _printf_common
 *fill*         0x00000000100078fe        0x2 
 .text._printf_i
                0x0000000010007900      0x244 D:/Coding/environment/embedded-c/STM32CubeIDE_1.13.2/STM32CubeIDE/plugins/com.st.stm32cube.ide.mcu.externaltools.gnu-tools-for-stm32.11.3.rel1.win32_1.1.1.202309131626/tools/bin/../lib/gcc/arm-none-eabi/11.3.1/../../../../arm-none-eabi/lib/thumb/v7e-m+fp/hard\libc_nano.a(libc_a-nano-vfprintf_i.o)
                0x0000000010007900                _printf_i
 .text._scanf_float
                0x0000000010007b44      0x420 D:/Coding/environment/embedded-c/STM32CubeIDE_1.13.2/STM32CubeIDE/plugins/com.st.stm32cube.ide.mcu.externaltools.gnu-tools-for-stm32.11.3.rel1.win32_1.1.1.202309131626/tools/bin/../lib/gcc/arm-none-eabi/11.3.1/../../../../arm-none-eabi/lib/thumb/v7e-m+fp/hard\libc_nano.a(libc_a-nano-vfscanf_float.o)
                0x0000000010007b44                _scanf_float
 .text.std      0x0000000010007f64       0x6c D:/Coding/environment/embedded-c/STM32CubeIDE_1.13.2/STM32CubeIDE/plugins/com.st.stm32cube.ide.mcu.externaltools.gnu-tools-for-stm32.11.3.rel1.win32_1.1.1.202309131626/tools/bin/../lib/gcc/arm-none-eabi/11.3.1/../../../../arm-none-eabi/lib/thumb/v7e-m+fp/hard\libc_nano.a(libc_a-findfp.o)
 .text.stdio_exit_handler
                0x0000000010007fd0       0x18 D:/Coding/environment/embedded-c/STM32CubeIDE_1.13.2/STM32CubeIDE/plugins/com.st.stm32cube.ide.mcu.externaltools.gnu-tools-for-stm32.11.3.rel1.win32_1.1.1.202309131626/tools/bin/../lib/gcc/arm-none-eabi/11.3.1/../../../../arm-none-eabi/lib/thumb/v7e-m+fp/hard\libc_nano.a(libc_a-findfp.o)
 .text.cleanup_stdio
                0x0000000010007fe8       0x40 D:/Coding/environment/embedded-c/STM32CubeIDE_1.13.2/STM32CubeIDE/plugins/com.st.stm32cube.ide.mcu.externaltools.gnu-tools-for-stm32.11.3.rel1.win32_1.1.1.202309131626/tools/bin/../lib/gcc/arm-none-eabi/11.3.1/../../../../arm-none-eabi/lib/thumb/v7e-m+fp/hard\libc_nano.a(libc_a-findfp.o)
 .text.global_stdio_init.part.0
                0x0000000010008028       0x3c D:/Coding/environment/embedded-c/STM32CubeIDE_1.13.2/STM32CubeIDE/plugins/com.st.stm32cube.ide.mcu.externaltools.gnu-tools-for-stm32.11.3.rel1.win32_1.1.1.202309131626/tools/bin/../lib/gcc/arm-none-eabi/11.3.1/../../../../arm-none-eabi/lib/thumb/v7e-m+fp/hard\libc_nano.a(libc_a-findfp.o)
 .text.__sfp_lock_acquire
                0x0000000010008064        0xc D:/Coding/environment/embedded-c/STM32CubeIDE_1.13.2/STM32CubeIDE/plugins/com.st.stm32cube.ide.mcu.externaltools.gnu-tools-for-stm32.11.3.rel1.win32_1.1.1.202309131626/tools/bin/../lib/gcc/arm-none-eabi/11.3.1/../../../../arm-none-eabi/lib/thumb/v7e-m+fp/hard\libc_nano.a(libc_a-findfp.o)
                0x0000000010008064                __sfp_lock_acquire
 .text.__sfp_lock_release
                0x0000000010008070        0xc D:/Coding/environment/embedded-c/STM32CubeIDE_1.13.2/STM32CubeIDE/plugins/com.st.stm32cube.ide.mcu.externaltools.gnu-tools-for-stm32.11.3.rel1.win32_1.1.1.202309131626/tools/bin/../lib/gcc/arm-none-eabi/11.3.1/../../../../arm-none-eabi/lib/thumb/v7e-m+fp/hard\libc_nano.a(libc_a-findfp.o)
                0x0000000010008070                __sfp_lock_release
 .text.__sinit  0x000000001000807c       0x30 D:/Coding/environment/embedded-c/STM32CubeIDE_1.13.2/STM32CubeIDE/plugins/com.st.stm32cube.ide.mcu.externaltools.gnu-tools-for-stm32.11.3.rel1.win32_1.1.1.202309131626/tools/bin/../lib/gcc/arm-none-eabi/11.3.1/../../../../arm-none-eabi/lib/thumb/v7e-m+fp/hard\libc_nano.a(libc_a-findfp.o)
                0x000000001000807c                __sinit
 .text._fwalk_sglue
                0x00000000100080ac       0x3c D:/Coding/environment/embedded-c/STM32CubeIDE_1.13.2/STM32CubeIDE/plugins/com.st.stm32cube.ide.mcu.externaltools.gnu-tools-for-stm32.11.3.rel1.win32_1.1.1.202309131626/tools/bin/../lib/gcc/arm-none-eabi/11.3.1/../../../../arm-none-eabi/lib/thumb/v7e-m+fp/hard\libc_nano.a(libc_a-fwalk.o)
                0x00000000100080ac                _fwalk_sglue
 .text.printf   0x00000000100080e8       0x24 D:/Coding/environment/embedded-c/STM32CubeIDE_1.13.2/STM32CubeIDE/plugins/com.st.stm32cube.ide.mcu.externaltools.gnu-tools-for-stm32.11.3.rel1.win32_1.1.1.202309131626/tools/bin/../lib/gcc/arm-none-eabi/11.3.1/../../../../arm-none-eabi/lib/thumb/v7e-m+fp/hard\libc_nano.a(libc_a-printf.o)
                0x00000000100080e8                iprintf
                0x00000000100080e8                printf
 .text.sprintf  0x000000001000810c       0x40 D:/Coding/environment/embedded-c/STM32CubeIDE_1.13.2/STM32CubeIDE/plugins/com.st.stm32cube.ide.mcu.externaltools.gnu-tools-for-stm32.11.3.rel1.win32_1.1.1.202309131626/tools/bin/../lib/gcc/arm-none-eabi/11.3.1/../../../../arm-none-eabi/lib/thumb/v7e-m+fp/hard\libc_nano.a(libc_a-sprintf.o)
                0x000000001000810c                siprintf
                0x000000001000810c                sprintf
 .text.__sread  0x000000001000814c       0x22 D:/Coding/environment/embedded-c/STM32CubeIDE_1.13.2/STM32CubeIDE/plugins/com.st.stm32cube.ide.mcu.externaltools.gnu-tools-for-stm32.11.3.rel1.win32_1.1.1.202309131626/tools/bin/../lib/gcc/arm-none-eabi/11.3.1/../../../../arm-none-eabi/lib/thumb/v7e-m+fp/hard\libc_nano.a(libc_a-stdio.o)
                0x000000001000814c                __sread
 .text.__swrite
                0x000000001000816e       0x38 D:/Coding/environment/embedded-c/STM32CubeIDE_1.13.2/STM32CubeIDE/plugins/com.st.stm32cube.ide.mcu.externaltools.gnu-tools-for-stm32.11.3.rel1.win32_1.1.1.202309131626/tools/bin/../lib/gcc/arm-none-eabi/11.3.1/../../../../arm-none-eabi/lib/thumb/v7e-m+fp/hard\libc_nano.a(libc_a-stdio.o)
                0x000000001000816e                __swrite
 .text.__sseek  0x00000000100081a6       0x24 D:/Coding/environment/embedded-c/STM32CubeIDE_1.13.2/STM32CubeIDE/plugins/com.st.stm32cube.ide.mcu.externaltools.gnu-tools-for-stm32.11.3.rel1.win32_1.1.1.202309131626/tools/bin/../lib/gcc/arm-none-eabi/11.3.1/../../../../arm-none-eabi/lib/thumb/v7e-m+fp/hard\libc_nano.a(libc_a-stdio.o)
                0x00000000100081a6                __sseek
 .text.__sclose
                0x00000000100081ca        0x8 D:/Coding/environment/embedded-c/STM32CubeIDE_1.13.2/STM32CubeIDE/plugins/com.st.stm32cube.ide.mcu.externaltools.gnu-tools-for-stm32.11.3.rel1.win32_1.1.1.202309131626/tools/bin/../lib/gcc/arm-none-eabi/11.3.1/../../../../arm-none-eabi/lib/thumb/v7e-m+fp/hard\libc_nano.a(libc_a-stdio.o)
                0x00000000100081ca                __sclose
 .text.memset   0x00000000100081d2       0x10 D:/Coding/environment/embedded-c/STM32CubeIDE_1.13.2/STM32CubeIDE/plugins/com.st.stm32cube.ide.mcu.externaltools.gnu-tools-for-stm32.11.3.rel1.win32_1.1.1.202309131626/tools/bin/../lib/gcc/arm-none-eabi/11.3.1/../../../../arm-none-eabi/lib/thumb/v7e-m+fp/hard\libc_nano.a(libc_a-memset.o)
                0x00000000100081d2                memset
 *fill*         0x00000000100081e2        0x2 
 .text._localeconv_r
                0x00000000100081e4        0x8 D:/Coding/environment/embedded-c/STM32CubeIDE_1.13.2/STM32CubeIDE/plugins/com.st.stm32cube.ide.mcu.externaltools.gnu-tools-for-stm32.11.3.rel1.win32_1.1.1.202309131626/tools/bin/../lib/gcc/arm-none-eabi/11.3.1/../../../../arm-none-eabi/lib/thumb/v7e-m+fp/hard\libc_nano.a(libc_a-localeconv.o)
                0x00000000100081e4                _localeconv_r
 .text._close_r
                0x00000000100081ec       0x20 D:/Coding/environment/embedded-c/STM32CubeIDE_1.13.2/STM32CubeIDE/plugins/com.st.stm32cube.ide.mcu.externaltools.gnu-tools-for-stm32.11.3.rel1.win32_1.1.1.202309131626/tools/bin/../lib/gcc/arm-none-eabi/11.3.1/../../../../arm-none-eabi/lib/thumb/v7e-m+fp/hard\libc_nano.a(libc_a-closer.o)
                0x00000000100081ec                _close_r
 .text._lseek_r
                0x000000001000820c       0x24 D:/Coding/environment/embedded-c/STM32CubeIDE_1.13.2/STM32CubeIDE/plugins/com.st.stm32cube.ide.mcu.externaltools.gnu-tools-for-stm32.11.3.rel1.win32_1.1.1.202309131626/tools/bin/../lib/gcc/arm-none-eabi/11.3.1/../../../../arm-none-eabi/lib/thumb/v7e-m+fp/hard\libc_nano.a(libc_a-lseekr.o)
                0x000000001000820c                _lseek_r
 .text._read_r  0x0000000010008230       0x24 D:/Coding/environment/embedded-c/STM32CubeIDE_1.13.2/STM32CubeIDE/plugins/com.st.stm32cube.ide.mcu.externaltools.gnu-tools-for-stm32.11.3.rel1.win32_1.1.1.202309131626/tools/bin/../lib/gcc/arm-none-eabi/11.3.1/../../../../arm-none-eabi/lib/thumb/v7e-m+fp/hard\libc_nano.a(libc_a-readr.o)
                0x0000000010008230                _read_r
 .text._write_r
                0x0000000010008254       0x24 D:/Coding/environment/embedded-c/STM32CubeIDE_1.13.2/STM32CubeIDE/plugins/com.st.stm32cube.ide.mcu.externaltools.gnu-tools-for-stm32.11.3.rel1.win32_1.1.1.202309131626/tools/bin/../lib/gcc/arm-none-eabi/11.3.1/../../../../arm-none-eabi/lib/thumb/v7e-m+fp/hard\libc_nano.a(libc_a-writer.o)
                0x0000000010008254                _write_r
 .text.__errno  0x0000000010008278        0xc D:/Coding/environment/embedded-c/STM32CubeIDE_1.13.2/STM32CubeIDE/plugins/com.st.stm32cube.ide.mcu.externaltools.gnu-tools-for-stm32.11.3.rel1.win32_1.1.1.202309131626/tools/bin/../lib/gcc/arm-none-eabi/11.3.1/../../../../arm-none-eabi/lib/thumb/v7e-m+fp/hard\libc_nano.a(libc_a-errno.o)
                0x0000000010008278                __errno
 .text.__libc_init_array
                0x0000000010008284       0x48 D:/Coding/environment/embedded-c/STM32CubeIDE_1.13.2/STM32CubeIDE/plugins/com.st.stm32cube.ide.mcu.externaltools.gnu-tools-for-stm32.11.3.rel1.win32_1.1.1.202309131626/tools/bin/../lib/gcc/arm-none-eabi/11.3.1/../../../../arm-none-eabi/lib/thumb/v7e-m+fp/hard\libc_nano.a(libc_a-init.o)
                0x0000000010008284                __libc_init_array
 .text.__retarget_lock_init_recursive
                0x00000000100082cc        0x2 D:/Coding/environment/embedded-c/STM32CubeIDE_1.13.2/STM32CubeIDE/plugins/com.st.stm32cube.ide.mcu.externaltools.gnu-tools-for-stm32.11.3.rel1.win32_1.1.1.202309131626/tools/bin/../lib/gcc/arm-none-eabi/11.3.1/../../../../arm-none-eabi/lib/thumb/v7e-m+fp/hard\libc_nano.a(libc_a-lock.o)
                0x00000000100082cc                __retarget_lock_init_recursive
 .text.__retarget_lock_acquire_recursive
                0x00000000100082ce        0x2 D:/Coding/environment/embedded-c/STM32CubeIDE_1.13.2/STM32CubeIDE/plugins/com.st.stm32cube.ide.mcu.externaltools.gnu-tools-for-stm32.11.3.rel1.win32_1.1.1.202309131626/tools/bin/../lib/gcc/arm-none-eabi/11.3.1/../../../../arm-none-eabi/lib/thumb/v7e-m+fp/hard\libc_nano.a(libc_a-lock.o)
                0x00000000100082ce                __retarget_lock_acquire_recursive
 .text.__retarget_lock_release_recursive
                0x00000000100082d0        0x2 D:/Coding/environment/embedded-c/STM32CubeIDE_1.13.2/STM32CubeIDE/plugins/com.st.stm32cube.ide.mcu.externaltools.gnu-tools-for-stm32.11.3.rel1.win32_1.1.1.202309131626/tools/bin/../lib/gcc/arm-none-eabi/11.3.1/../../../../arm-none-eabi/lib/thumb/v7e-m+fp/hard\libc_nano.a(libc_a-lock.o)
                0x00000000100082d0                __retarget_lock_release_recursive
 *fill*         0x00000000100082d2        0x2 
 .text.nanf     0x00000000100082d4        0xc D:/Coding/environment/embedded-c/STM32CubeIDE_1.13.2/STM32CubeIDE/plugins/com.st.stm32cube.ide.mcu.externaltools.gnu-tools-for-stm32.11.3.rel1.win32_1.1.1.202309131626/tools/bin/../lib/gcc/arm-none-eabi/11.3.1/../../../../arm-none-eabi/lib/thumb/v7e-m+fp/hard\libc_nano.a(libm_a-sf_nan.o)
                0x00000000100082d4                nanf
 .text.quorem   0x00000000100082e0      0x110 D:/Coding/environment/embedded-c/STM32CubeIDE_1.13.2/STM32CubeIDE/plugins/com.st.stm32cube.ide.mcu.externaltools.gnu-tools-for-stm32.11.3.rel1.win32_1.1.1.202309131626/tools/bin/../lib/gcc/arm-none-eabi/11.3.1/../../../../arm-none-eabi/lib/thumb/v7e-m+fp/hard\libc_nano.a(libc_a-dtoa.o)
 .text._dtoa_r  0x00000000100083f0      0xbe4 D:/Coding/environment/embedded-c/STM32CubeIDE_1.13.2/STM32CubeIDE/plugins/com.st.stm32cube.ide.mcu.externaltools.gnu-tools-for-stm32.11.3.rel1.win32_1.1.1.202309131626/tools/bin/../lib/gcc/arm-none-eabi/11.3.1/../../../../arm-none-eabi/lib/thumb/v7e-m+fp/hard\libc_nano.a(libc_a-dtoa.o)
                0x00000000100083f0                _dtoa_r
 .text._free_r  0x0000000010008fd4       0x98 D:/Coding/environment/embedded-c/STM32CubeIDE_1.13.2/STM32CubeIDE/plugins/com.st.stm32cube.ide.mcu.externaltools.gnu-tools-for-stm32.11.3.rel1.win32_1.1.1.202309131626/tools/bin/../lib/gcc/arm-none-eabi/11.3.1/../../../../arm-none-eabi/lib/thumb/v7e-m+fp/hard\libc_nano.a(libc_a-freer.o)
                0x0000000010008fd4                _free_r
 .text.malloc   0x000000001000906c       0x10 D:/Coding/environment/embedded-c/STM32CubeIDE_1.13.2/STM32CubeIDE/plugins/com.st.stm32cube.ide.mcu.externaltools.gnu-tools-for-stm32.11.3.rel1.win32_1.1.1.202309131626/tools/bin/../lib/gcc/arm-none-eabi/11.3.1/../../../../arm-none-eabi/lib/thumb/v7e-m+fp/hard\libc_nano.a(libc_a-malloc.o)
                0x000000001000906c                malloc
 .text.sbrk_aligned
                0x000000001000907c       0x40 D:/Coding/environment/embedded-c/STM32CubeIDE_1.13.2/STM32CubeIDE/plugins/com.st.stm32cube.ide.mcu.externaltools.gnu-tools-for-stm32.11.3.rel1.win32_1.1.1.202309131626/tools/bin/../lib/gcc/arm-none-eabi/11.3.1/../../../../arm-none-eabi/lib/thumb/v7e-m+fp/hard\libc_nano.a(libc_a-mallocr.o)
 .text._malloc_r
                0x00000000100090bc      0x100 D:/Coding/environment/embedded-c/STM32CubeIDE_1.13.2/STM32CubeIDE/plugins/com.st.stm32cube.ide.mcu.externaltools.gnu-tools-for-stm32.11.3.rel1.win32_1.1.1.202309131626/tools/bin/../lib/gcc/arm-none-eabi/11.3.1/../../../../arm-none-eabi/lib/thumb/v7e-m+fp/hard\libc_nano.a(libc_a-mallocr.o)
                0x00000000100090bc                _malloc_r
 .text.__malloc_lock
                0x00000000100091bc        0xc D:/Coding/environment/embedded-c/STM32CubeIDE_1.13.2/STM32CubeIDE/plugins/com.st.stm32cube.ide.mcu.externaltools.gnu-tools-for-stm32.11.3.rel1.win32_1.1.1.202309131626/tools/bin/../lib/gcc/arm-none-eabi/11.3.1/../../../../arm-none-eabi/lib/thumb/v7e-m+fp/hard\libc_nano.a(libc_a-mlock.o)
                0x00000000100091bc                __malloc_lock
 .text.__malloc_unlock
                0x00000000100091c8        0xc D:/Coding/environment/embedded-c/STM32CubeIDE_1.13.2/STM32CubeIDE/plugins/com.st.stm32cube.ide.mcu.externaltools.gnu-tools-for-stm32.11.3.rel1.win32_1.1.1.202309131626/tools/bin/../lib/gcc/arm-none-eabi/11.3.1/../../../../arm-none-eabi/lib/thumb/v7e-m+fp/hard\libc_nano.a(libc_a-mlock.o)
                0x00000000100091c8                __malloc_unlock
 .text._Balloc  0x00000000100091d4       0x80 D:/Coding/environment/embedded-c/STM32CubeIDE_1.13.2/STM32CubeIDE/plugins/com.st.stm32cube.ide.mcu.externaltools.gnu-tools-for-stm32.11.3.rel1.win32_1.1.1.202309131626/tools/bin/../lib/gcc/arm-none-eabi/11.3.1/../../../../arm-none-eabi/lib/thumb/v7e-m+fp/hard\libc_nano.a(libc_a-mprec.o)
                0x00000000100091d4                _Balloc
 .text._Bfree   0x0000000010009254       0x44 D:/Coding/environment/embedded-c/STM32CubeIDE_1.13.2/STM32CubeIDE/plugins/com.st.stm32cube.ide.mcu.externaltools.gnu-tools-for-stm32.11.3.rel1.win32_1.1.1.202309131626/tools/bin/../lib/gcc/arm-none-eabi/11.3.1/../../../../arm-none-eabi/lib/thumb/v7e-m+fp/hard\libc_nano.a(libc_a-mprec.o)
                0x0000000010009254                _Bfree
 .text.__multadd
                0x0000000010009298       0x8c D:/Coding/environment/embedded-c/STM32CubeIDE_1.13.2/STM32CubeIDE/plugins/com.st.stm32cube.ide.mcu.externaltools.gnu-tools-for-stm32.11.3.rel1.win32_1.1.1.202309131626/tools/bin/../lib/gcc/arm-none-eabi/11.3.1/../../../../arm-none-eabi/lib/thumb/v7e-m+fp/hard\libc_nano.a(libc_a-mprec.o)
                0x0000000010009298                __multadd
 .text.__s2b    0x0000000010009324       0x94 D:/Coding/environment/embedded-c/STM32CubeIDE_1.13.2/STM32CubeIDE/plugins/com.st.stm32cube.ide.mcu.externaltools.gnu-tools-for-stm32.11.3.rel1.win32_1.1.1.202309131626/tools/bin/../lib/gcc/arm-none-eabi/11.3.1/../../../../arm-none-eabi/lib/thumb/v7e-m+fp/hard\libc_nano.a(libc_a-mprec.o)
                0x0000000010009324                __s2b
 .text.__hi0bits
                0x00000000100093b8       0x40 D:/Coding/environment/embedded-c/STM32CubeIDE_1.13.2/STM32CubeIDE/plugins/com.st.stm32cube.ide.mcu.externaltools.gnu-tools-for-stm32.11.3.rel1.win32_1.1.1.202309131626/tools/bin/../lib/gcc/arm-none-eabi/11.3.1/../../../../arm-none-eabi/lib/thumb/v7e-m+fp/hard\libc_nano.a(libc_a-mprec.o)
                0x00000000100093b8                __hi0bits
 .text.__lo0bits
                0x00000000100093f8       0x5a D:/Coding/environment/embedded-c/STM32CubeIDE_1.13.2/STM32CubeIDE/plugins/com.st.stm32cube.ide.mcu.externaltools.gnu-tools-for-stm32.11.3.rel1.win32_1.1.1.202309131626/tools/bin/../lib/gcc/arm-none-eabi/11.3.1/../../../../arm-none-eabi/lib/thumb/v7e-m+fp/hard\libc_nano.a(libc_a-mprec.o)
                0x00000000100093f8                __lo0bits
 *fill*         0x0000000010009452        0x2 
 .text.__i2b    0x0000000010009454       0x2c D:/Coding/environment/embedded-c/STM32CubeIDE_1.13.2/STM32CubeIDE/plugins/com.st.stm32cube.ide.mcu.externaltools.gnu-tools-for-stm32.11.3.rel1.win32_1.1.1.202309131626/tools/bin/../lib/gcc/arm-none-eabi/11.3.1/../../../../arm-none-eabi/lib/thumb/v7e-m+fp/hard\libc_nano.a(libc_a-mprec.o)
                0x0000000010009454                __i2b
 .text.__multiply
                0x0000000010009480      0x154 D:/Coding/environment/embedded-c/STM32CubeIDE_1.13.2/STM32CubeIDE/plugins/com.st.stm32cube.ide.mcu.externaltools.gnu-tools-for-stm32.11.3.rel1.win32_1.1.1.202309131626/tools/bin/../lib/gcc/arm-none-eabi/11.3.1/../../../../arm-none-eabi/lib/thumb/v7e-m+fp/hard\libc_nano.a(libc_a-mprec.o)
                0x0000000010009480                __multiply
 .text.__pow5mult
                0x00000000100095d4       0xb4 D:/Coding/environment/embedded-c/STM32CubeIDE_1.13.2/STM32CubeIDE/plugins/com.st.stm32cube.ide.mcu.externaltools.gnu-tools-for-stm32.11.3.rel1.win32_1.1.1.202309131626/tools/bin/../lib/gcc/arm-none-eabi/11.3.1/../../../../arm-none-eabi/lib/thumb/v7e-m+fp/hard\libc_nano.a(libc_a-mprec.o)
                0x00000000100095d4                __pow5mult
 .text.__lshift
                0x0000000010009688       0xd8 D:/Coding/environment/embedded-c/STM32CubeIDE_1.13.2/STM32CubeIDE/plugins/com.st.stm32cube.ide.mcu.externaltools.gnu-tools-for-stm32.11.3.rel1.win32_1.1.1.202309131626/tools/bin/../lib/gcc/arm-none-eabi/11.3.1/../../../../arm-none-eabi/lib/thumb/v7e-m+fp/hard\libc_nano.a(libc_a-mprec.o)
                0x0000000010009688                __lshift
 .text.__mcmp   0x0000000010009760       0x38 D:/Coding/environment/embedded-c/STM32CubeIDE_1.13.2/STM32CubeIDE/plugins/com.st.stm32cube.ide.mcu.externaltools.gnu-tools-for-stm32.11.3.rel1.win32_1.1.1.202309131626/tools/bin/../lib/gcc/arm-none-eabi/11.3.1/../../../../arm-none-eabi/lib/thumb/v7e-m+fp/hard\libc_nano.a(libc_a-mprec.o)
                0x0000000010009760                __mcmp
 .text.__mdiff  0x0000000010009798      0x114 D:/Coding/environment/embedded-c/STM32CubeIDE_1.13.2/STM32CubeIDE/plugins/com.st.stm32cube.ide.mcu.externaltools.gnu-tools-for-stm32.11.3.rel1.win32_1.1.1.202309131626/tools/bin/../lib/gcc/arm-none-eabi/11.3.1/../../../../arm-none-eabi/lib/thumb/v7e-m+fp/hard\libc_nano.a(libc_a-mprec.o)
                0x0000000010009798                __mdiff
 .text.__ulp    0x00000000100098ac       0x4c D:/Coding/environment/embedded-c/STM32CubeIDE_1.13.2/STM32CubeIDE/plugins/com.st.stm32cube.ide.mcu.externaltools.gnu-tools-for-stm32.11.3.rel1.win32_1.1.1.202309131626/tools/bin/../lib/gcc/arm-none-eabi/11.3.1/../../../../arm-none-eabi/lib/thumb/v7e-m+fp/hard\libc_nano.a(libc_a-mprec.o)
                0x00000000100098ac                __ulp
 .text.__b2d    0x00000000100098f8       0x94 D:/Coding/environment/embedded-c/STM32CubeIDE_1.13.2/STM32CubeIDE/plugins/com.st.stm32cube.ide.mcu.externaltools.gnu-tools-for-stm32.11.3.rel1.win32_1.1.1.202309131626/tools/bin/../lib/gcc/arm-none-eabi/11.3.1/../../../../arm-none-eabi/lib/thumb/v7e-m+fp/hard\libc_nano.a(libc_a-mprec.o)
                0x00000000100098f8                __b2d
 .text.__d2b    0x000000001000998c       0xb4 D:/Coding/environment/embedded-c/STM32CubeIDE_1.13.2/STM32CubeIDE/plugins/com.st.stm32cube.ide.mcu.externaltools.gnu-tools-for-stm32.11.3.rel1.win32_1.1.1.202309131626/tools/bin/../lib/gcc/arm-none-eabi/11.3.1/../../../../arm-none-eabi/lib/thumb/v7e-m+fp/hard\libc_nano.a(libc_a-mprec.o)
                0x000000001000998c                __d2b
 .text.__ratio  0x0000000010009a40       0x66 D:/Coding/environment/embedded-c/STM32CubeIDE_1.13.2/STM32CubeIDE/plugins/com.st.stm32cube.ide.mcu.externaltools.gnu-tools-for-stm32.11.3.rel1.win32_1.1.1.202309131626/tools/bin/../lib/gcc/arm-none-eabi/11.3.1/../../../../arm-none-eabi/lib/thumb/v7e-m+fp/hard\libc_nano.a(libc_a-mprec.o)
                0x0000000010009a40                __ratio
 .text.__copybits
                0x0000000010009aa6       0x46 D:/Coding/environment/embedded-c/STM32CubeIDE_1.13.2/STM32CubeIDE/plugins/com.st.stm32cube.ide.mcu.externaltools.gnu-tools-for-stm32.11.3.rel1.win32_1.1.1.202309131626/tools/bin/../lib/gcc/arm-none-eabi/11.3.1/../../../../arm-none-eabi/lib/thumb/v7e-m+fp/hard\libc_nano.a(libc_a-mprec.o)
                0x0000000010009aa6                __copybits
 .text.__any_on
                0x0000000010009aec       0x42 D:/Coding/environment/embedded-c/STM32CubeIDE_1.13.2/STM32CubeIDE/plugins/com.st.stm32cube.ide.mcu.externaltools.gnu-tools-for-stm32.11.3.rel1.win32_1.1.1.202309131626/tools/bin/../lib/gcc/arm-none-eabi/11.3.1/../../../../arm-none-eabi/lib/thumb/v7e-m+fp/hard\libc_nano.a(libc_a-mprec.o)
                0x0000000010009aec                __any_on
 .text.sulp     0x0000000010009b2e       0x38 D:/Coding/environment/embedded-c/STM32CubeIDE_1.13.2/STM32CubeIDE/plugins/com.st.stm32cube.ide.mcu.externaltools.gnu-tools-for-stm32.11.3.rel1.win32_1.1.1.202309131626/tools/bin/../lib/gcc/arm-none-eabi/11.3.1/../../../../arm-none-eabi/lib/thumb/v7e-m+fp/hard\libc_nano.a(libc_a-strtod.o)
 *fill*         0x0000000010009b66        0x2 
 .text._strtod_l
                0x0000000010009b68      0xbe0 D:/Coding/environment/embedded-c/STM32CubeIDE_1.13.2/STM32CubeIDE/plugins/com.st.stm32cube.ide.mcu.externaltools.gnu-tools-for-stm32.11.3.rel1.win32_1.1.1.202309131626/tools/bin/../lib/gcc/arm-none-eabi/11.3.1/../../../../arm-none-eabi/lib/thumb/v7e-m+fp/hard\libc_nano.a(libc_a-strtod.o)
                0x0000000010009b68                _strtod_l
 .text._strtod_r
                0x000000001000a748        0xc D:/Coding/environment/embedded-c/STM32CubeIDE_1.13.2/STM32CubeIDE/plugins/com.st.stm32cube.ide.mcu.externaltools.gnu-tools-for-stm32.11.3.rel1.win32_1.1.1.202309131626/tools/bin/../lib/gcc/arm-none-eabi/11.3.1/../../../../arm-none-eabi/lib/thumb/v7e-m+fp/hard\libc_nano.a(libc_a-strtod.o)
                0x000000001000a748                _strtod_r
 .text._strtol_l.constprop.0
                0x000000001000a754      0x104 D:/Coding/environment/embedded-c/STM32CubeIDE_1.13.2/STM32CubeIDE/plugins/com.st.stm32cube.ide.mcu.externaltools.gnu-tools-for-stm32.11.3.rel1.win32_1.1.1.202309131626/tools/bin/../lib/gcc/arm-none-eabi/11.3.1/../../../../arm-none-eabi/lib/thumb/v7e-m+fp/hard\libc_nano.a(libc_a-strtol.o)
 .text._strtol_r
                0x000000001000a858        0x4 D:/Coding/environment/embedded-c/STM32CubeIDE_1.13.2/STM32CubeIDE/plugins/com.st.stm32cube.ide.mcu.externaltools.gnu-tools-for-stm32.11.3.rel1.win32_1.1.1.202309131626/tools/bin/../lib/gcc/arm-none-eabi/11.3.1/../../../../arm-none-eabi/lib/thumb/v7e-m+fp/hard\libc_nano.a(libc_a-strtol.o)
                0x000000001000a858                _strtol_r
 .text.__ssputs_r
                0x000000001000a85c       0xb4 D:/Coding/environment/embedded-c/STM32CubeIDE_1.13.2/STM32CubeIDE/plugins/com.st.stm32cube.ide.mcu.externaltools.gnu-tools-for-stm32.11.3.rel1.win32_1.1.1.202309131626/tools/bin/../lib/gcc/arm-none-eabi/11.3.1/../../../../arm-none-eabi/lib/thumb/v7e-m+fp/hard\libc_nano.a(libc_a-nano-svfprintf.o)
                0x000000001000a85c                __ssputs_r
 .text._svfprintf_r
                0x000000001000a910      0x1fc D:/Coding/environment/embedded-c/STM32CubeIDE_1.13.2/STM32CubeIDE/plugins/com.st.stm32cube.ide.mcu.externaltools.gnu-tools-for-stm32.11.3.rel1.win32_1.1.1.202309131626/tools/bin/../lib/gcc/arm-none-eabi/11.3.1/../../../../arm-none-eabi/lib/thumb/v7e-m+fp/hard\libc_nano.a(libc_a-nano-svfprintf.o)
                0x000000001000a910                _svfiprintf_r
                0x000000001000a910                _svfprintf_r
 .text.__sfputc_r
                0x000000001000ab0c       0x2e D:/Coding/environment/embedded-c/STM32CubeIDE_1.13.2/STM32CubeIDE/plugins/com.st.stm32cube.ide.mcu.externaltools.gnu-tools-for-stm32.11.3.rel1.win32_1.1.1.202309131626/tools/bin/../lib/gcc/arm-none-eabi/11.3.1/../../../../arm-none-eabi/lib/thumb/v7e-m+fp/hard\libc_nano.a(libc_a-nano-vfprintf.o)
 .text.__sfputs_r
                0x000000001000ab3a       0x24 D:/Coding/environment/embedded-c/STM32CubeIDE_1.13.2/STM32CubeIDE/plugins/com.st.stm32cube.ide.mcu.externaltools.gnu-tools-for-stm32.11.3.rel1.win32_1.1.1.202309131626/tools/bin/../lib/gcc/arm-none-eabi/11.3.1/../../../../arm-none-eabi/lib/thumb/v7e-m+fp/hard\libc_nano.a(libc_a-nano-vfprintf.o)
                0x000000001000ab3a                __sfputs_r
 *fill*         0x000000001000ab5e        0x2 
 .text._vfprintf_r
                0x000000001000ab60      0x234 D:/Coding/environment/embedded-c/STM32CubeIDE_1.13.2/STM32CubeIDE/plugins/com.st.stm32cube.ide.mcu.externaltools.gnu-tools-for-stm32.11.3.rel1.win32_1.1.1.202309131626/tools/bin/../lib/gcc/arm-none-eabi/11.3.1/../../../../arm-none-eabi/lib/thumb/v7e-m+fp/hard\libc_nano.a(libc_a-nano-vfprintf.o)
                0x000000001000ab60                _vfprintf_r
                0x000000001000ab60                _vfiprintf_r
 .text.__sflush_r
                0x000000001000ad94      0x10c D:/Coding/environment/embedded-c/STM32CubeIDE_1.13.2/STM32CubeIDE/plugins/com.st.stm32cube.ide.mcu.externaltools.gnu-tools-for-stm32.11.3.rel1.win32_1.1.1.202309131626/tools/bin/../lib/gcc/arm-none-eabi/11.3.1/../../../../arm-none-eabi/lib/thumb/v7e-m+fp/hard\libc_nano.a(libc_a-fflush.o)
                0x000000001000ad94                __sflush_r
 .text._fflush_r
                0x000000001000aea0       0x50 D:/Coding/environment/embedded-c/STM32CubeIDE_1.13.2/STM32CubeIDE/plugins/com.st.stm32cube.ide.mcu.externaltools.gnu-tools-for-stm32.11.3.rel1.win32_1.1.1.202309131626/tools/bin/../lib/gcc/arm-none-eabi/11.3.1/../../../../arm-none-eabi/lib/thumb/v7e-m+fp/hard\libc_nano.a(libc_a-fflush.o)
                0x000000001000aea0                _fflush_r
 .text.__swbuf_r
                0x000000001000aef0       0x7a D:/Coding/environment/embedded-c/STM32CubeIDE_1.13.2/STM32CubeIDE/plugins/com.st.stm32cube.ide.mcu.externaltools.gnu-tools-for-stm32.11.3.rel1.win32_1.1.1.202309131626/tools/bin/../lib/gcc/arm-none-eabi/11.3.1/../../../../arm-none-eabi/lib/thumb/v7e-m+fp/hard\libc_nano.a(libc_a-wbuf.o)
                0x000000001000aef0                __swbuf_r
 *fill*         0x000000001000af6a        0x2 
 .text.__swsetup_r
                0x000000001000af6c       0xb0 D:/Coding/environment/embedded-c/STM32CubeIDE_1.13.2/STM32CubeIDE/plugins/com.st.stm32cube.ide.mcu.externaltools.gnu-tools-for-stm32.11.3.rel1.win32_1.1.1.202309131626/tools/bin/../lib/gcc/arm-none-eabi/11.3.1/../../../../arm-none-eabi/lib/thumb/v7e-m+fp/hard\libc_nano.a(libc_a-wsetup.o)
                0x000000001000af6c                __swsetup_r
 .text.memmove  0x000000001000b01c       0x34 D:/Coding/environment/embedded-c/STM32CubeIDE_1.13.2/STM32CubeIDE/plugins/com.st.stm32cube.ide.mcu.externaltools.gnu-tools-for-stm32.11.3.rel1.win32_1.1.1.202309131626/tools/bin/../lib/gcc/arm-none-eabi/11.3.1/../../../../arm-none-eabi/lib/thumb/v7e-m+fp/hard\libc_nano.a(libc_a-memmove.o)
                0x000000001000b01c                memmove
 .text.strncmp  0x000000001000b050       0x24 D:/Coding/environment/embedded-c/STM32CubeIDE_1.13.2/STM32CubeIDE/plugins/com.st.stm32cube.ide.mcu.externaltools.gnu-tools-for-stm32.11.3.rel1.win32_1.1.1.202309131626/tools/bin/../lib/gcc/arm-none-eabi/11.3.1/../../../../arm-none-eabi/lib/thumb/v7e-m+fp/hard\libc_nano.a(libc_a-strncmp.o)
                0x000000001000b050                strncmp
 .text._sbrk_r  0x000000001000b074       0x20 D:/Coding/environment/embedded-c/STM32CubeIDE_1.13.2/STM32CubeIDE/plugins/com.st.stm32cube.ide.mcu.externaltools.gnu-tools-for-stm32.11.3.rel1.win32_1.1.1.202309131626/tools/bin/../lib/gcc/arm-none-eabi/11.3.1/../../../../arm-none-eabi/lib/thumb/v7e-m+fp/hard\libc_nano.a(libc_a-sbrkr.o)
                0x000000001000b074                _sbrk_r
 .text.memcpy   0x000000001000b094       0x1c D:/Coding/environment/embedded-c/STM32CubeIDE_1.13.2/STM32CubeIDE/plugins/com.st.stm32cube.ide.mcu.externaltools.gnu-tools-for-stm32.11.3.rel1.win32_1.1.1.202309131626/tools/bin/../lib/gcc/arm-none-eabi/11.3.1/../../../../arm-none-eabi/lib/thumb/v7e-m+fp/hard\libc_nano.a(libc_a-memcpy-stub.o)
                0x000000001000b094                memcpy
 .text.nan      0x000000001000b0b0       0x10 D:/Coding/environment/embedded-c/STM32CubeIDE_1.13.2/STM32CubeIDE/plugins/com.st.stm32cube.ide.mcu.externaltools.gnu-tools-for-stm32.11.3.rel1.win32_1.1.1.202309131626/tools/bin/../lib/gcc/arm-none-eabi/11.3.1/../../../../arm-none-eabi/lib/thumb/v7e-m+fp/hard\libc_nano.a(libm_a-s_nan.o)
                0x000000001000b0b0                nan
 .text.__assert_func
                0x000000001000b0c0       0x3c D:/Coding/environment/embedded-c/STM32CubeIDE_1.13.2/STM32CubeIDE/plugins/com.st.stm32cube.ide.mcu.externaltools.gnu-tools-for-stm32.11.3.rel1.win32_1.1.1.202309131626/tools/bin/../lib/gcc/arm-none-eabi/11.3.1/../../../../arm-none-eabi/lib/thumb/v7e-m+fp/hard\libc_nano.a(libc_a-assert.o)
                0x000000001000b0c0                __assert_func
 .text._calloc_r
                0x000000001000b0fc       0x2c D:/Coding/environment/embedded-c/STM32CubeIDE_1.13.2/STM32CubeIDE/plugins/com.st.stm32cube.ide.mcu.externaltools.gnu-tools-for-stm32.11.3.rel1.win32_1.1.1.202309131626/tools/bin/../lib/gcc/arm-none-eabi/11.3.1/../../../../arm-none-eabi/lib/thumb/v7e-m+fp/hard\libc_nano.a(libc_a-callocr.o)
                0x000000001000b0fc                _calloc_r
 .text.rshift   0x000000001000b128       0xa4 D:/Coding/environment/embedded-c/STM32CubeIDE_1.13.2/STM32CubeIDE/plugins/com.st.stm32cube.ide.mcu.externaltools.gnu-tools-for-stm32.11.3.rel1.win32_1.1.1.202309131626/tools/bin/../lib/gcc/arm-none-eabi/11.3.1/../../../../arm-none-eabi/lib/thumb/v7e-m+fp/hard\libc_nano.a(libc_a-gdtoa-gethex.o)
 .text.__hexdig_fun
                0x000000001000b1cc       0x2a D:/Coding/environment/embedded-c/STM32CubeIDE_1.13.2/STM32CubeIDE/plugins/com.st.stm32cube.ide.mcu.externaltools.gnu-tools-for-stm32.11.3.rel1.win32_1.1.1.202309131626/tools/bin/../lib/gcc/arm-none-eabi/11.3.1/../../../../arm-none-eabi/lib/thumb/v7e-m+fp/hard\libc_nano.a(libc_a-gdtoa-gethex.o)
                0x000000001000b1cc                __hexdig_fun
 *fill*         0x000000001000b1f6        0x2 
 .text.__gethex
                0x000000001000b1f8      0x45c D:/Coding/environment/embedded-c/STM32CubeIDE_1.13.2/STM32CubeIDE/plugins/com.st.stm32cube.ide.mcu.externaltools.gnu-tools-for-stm32.11.3.rel1.win32_1.1.1.202309131626/tools/bin/../lib/gcc/arm-none-eabi/11.3.1/../../../../arm-none-eabi/lib/thumb/v7e-m+fp/hard\libc_nano.a(libc_a-gdtoa-gethex.o)
                0x000000001000b1f8                __gethex
 .text.L_shift  0x000000001000b654       0x24 D:/Coding/environment/embedded-c/STM32CubeIDE_1.13.2/STM32CubeIDE/plugins/com.st.stm32cube.ide.mcu.externaltools.gnu-tools-for-stm32.11.3.rel1.win32_1.1.1.202309131626/tools/bin/../lib/gcc/arm-none-eabi/11.3.1/../../../../arm-none-eabi/lib/thumb/v7e-m+fp/hard\libc_nano.a(libc_a-gdtoa-hexnan.o)
 .text.__match  0x000000001000b678       0x28 D:/Coding/environment/embedded-c/STM32CubeIDE_1.13.2/STM32CubeIDE/plugins/com.st.stm32cube.ide.mcu.externaltools.gnu-tools-for-stm32.11.3.rel1.win32_1.1.1.202309131626/tools/bin/../lib/gcc/arm-none-eabi/11.3.1/../../../../arm-none-eabi/lib/thumb/v7e-m+fp/hard\libc_nano.a(libc_a-gdtoa-hexnan.o)
                0x000000001000b678                __match
 .text.__hexnan
                0x000000001000b6a0      0x136 D:/Coding/environment/embedded-c/STM32CubeIDE_1.13.2/STM32CubeIDE/plugins/com.st.stm32cube.ide.mcu.externaltools.gnu-tools-for-stm32.11.3.rel1.win32_1.1.1.202309131626/tools/bin/../lib/gcc/arm-none-eabi/11.3.1/../../../../arm-none-eabi/lib/thumb/v7e-m+fp/hard\libc_nano.a(libc_a-gdtoa-hexnan.o)
                0x000000001000b6a0                __hexnan
 .text.__ascii_mbtowc
                0x000000001000b7d6       0x24 D:/Coding/environment/embedded-c/STM32CubeIDE_1.13.2/STM32CubeIDE/plugins/com.st.stm32cube.ide.mcu.externaltools.gnu-tools-for-stm32.11.3.rel1.win32_1.1.1.202309131626/tools/bin/../lib/gcc/arm-none-eabi/11.3.1/../../../../arm-none-eabi/lib/thumb/v7e-m+fp/hard\libc_nano.a(libc_a-mbtowc_r.o)
                0x000000001000b7d6                __ascii_mbtowc
 .text._realloc_r
                0x000000001000b7fa       0x5e D:/Coding/environment/embedded-c/STM32CubeIDE_1.13.2/STM32CubeIDE/plugins/com.st.stm32cube.ide.mcu.externaltools.gnu-tools-for-stm32.11.3.rel1.win32_1.1.1.202309131626/tools/bin/../lib/gcc/arm-none-eabi/11.3.1/../../../../arm-none-eabi/lib/thumb/v7e-m+fp/hard\libc_nano.a(libc_a-reallocr.o)
                0x000000001000b7fa                _realloc_r
 .text.__ascii_wctomb
                0x000000001000b858       0x1a D:/Coding/environment/embedded-c/STM32CubeIDE_1.13.2/STM32CubeIDE/plugins/com.st.stm32cube.ide.mcu.externaltools.gnu-tools-for-stm32.11.3.rel1.win32_1.1.1.202309131626/tools/bin/../lib/gcc/arm-none-eabi/11.3.1/../../../../arm-none-eabi/lib/thumb/v7e-m+fp/hard\libc_nano.a(libc_a-wctomb_r.o)
                0x000000001000b858                __ascii_wctomb
 *fill*         0x000000001000b872        0x2 
 .text.fprintf  0x000000001000b874       0x24 D:/Coding/environment/embedded-c/STM32CubeIDE_1.13.2/STM32CubeIDE/plugins/com.st.stm32cube.ide.mcu.externaltools.gnu-tools-for-stm32.11.3.rel1.win32_1.1.1.202309131626/tools/bin/../lib/gcc/arm-none-eabi/11.3.1/../../../../arm-none-eabi/lib/thumb/v7e-m+fp/hard\libc_nano.a(libc_a-fprintf.o)
                0x000000001000b874                fiprintf
                0x000000001000b874                fprintf
 .text.__swhatbuf_r
                0x000000001000b898       0x4c D:/Coding/environment/embedded-c/STM32CubeIDE_1.13.2/STM32CubeIDE/plugins/com.st.stm32cube.ide.mcu.externaltools.gnu-tools-for-stm32.11.3.rel1.win32_1.1.1.202309131626/tools/bin/../lib/gcc/arm-none-eabi/11.3.1/../../../../arm-none-eabi/lib/thumb/v7e-m+fp/hard\libc_nano.a(libc_a-makebuf.o)
                0x000000001000b898                __swhatbuf_r
 .text.__smakebuf_r
                0x000000001000b8e4       0x78 D:/Coding/environment/embedded-c/STM32CubeIDE_1.13.2/STM32CubeIDE/plugins/com.st.stm32cube.ide.mcu.externaltools.gnu-tools-for-stm32.11.3.rel1.win32_1.1.1.202309131626/tools/bin/../lib/gcc/arm-none-eabi/11.3.1/../../../../arm-none-eabi/lib/thumb/v7e-m+fp/hard\libc_nano.a(libc_a-makebuf.o)
                0x000000001000b8e4                __smakebuf_r
 .text._fstat_r
                0x000000001000b95c       0x24 D:/Coding/environment/embedded-c/STM32CubeIDE_1.13.2/STM32CubeIDE/plugins/com.st.stm32cube.ide.mcu.externaltools.gnu-tools-for-stm32.11.3.rel1.win32_1.1.1.202309131626/tools/bin/../lib/gcc/arm-none-eabi/11.3.1/../../../../arm-none-eabi/lib/thumb/v7e-m+fp/hard\libc_nano.a(libc_a-fstatr.o)
                0x000000001000b95c                _fstat_r
 .text._isatty_r
                0x000000001000b980       0x20 D:/Coding/environment/embedded-c/STM32CubeIDE_1.13.2/STM32CubeIDE/plugins/com.st.stm32cube.ide.mcu.externaltools.gnu-tools-for-stm32.11.3.rel1.win32_1.1.1.202309131626/tools/bin/../lib/gcc/arm-none-eabi/11.3.1/../../../../arm-none-eabi/lib/thumb/v7e-m+fp/hard\libc_nano.a(libc_a-isattyr.o)
                0x000000001000b980                _isatty_r
 .text.abort    0x000000001000b9a0        0xe D:/Coding/environment/embedded-c/STM32CubeIDE_1.13.2/STM32CubeIDE/plugins/com.st.stm32cube.ide.mcu.externaltools.gnu-tools-for-stm32.11.3.rel1.win32_1.1.1.202309131626/tools/bin/../lib/gcc/arm-none-eabi/11.3.1/../../../../arm-none-eabi/lib/thumb/v7e-m+fp/hard\libc_nano.a(libc_a-abort.o)
                0x000000001000b9a0                abort
 .text._malloc_usable_size_r
                0x000000001000b9ae       0x10 D:/Coding/environment/embedded-c/STM32CubeIDE_1.13.2/STM32CubeIDE/plugins/com.st.stm32cube.ide.mcu.externaltools.gnu-tools-for-stm32.11.3.rel1.win32_1.1.1.202309131626/tools/bin/../lib/gcc/arm-none-eabi/11.3.1/../../../../arm-none-eabi/lib/thumb/v7e-m+fp/hard\libc_nano.a(libc_a-msizer.o)
                0x000000001000b9ae                _malloc_usable_size_r
 .text._raise_r
                0x000000001000b9be       0x50 D:/Coding/environment/embedded-c/STM32CubeIDE_1.13.2/STM32CubeIDE/plugins/com.st.stm32cube.ide.mcu.externaltools.gnu-tools-for-stm32.11.3.rel1.win32_1.1.1.202309131626/tools/bin/../lib/gcc/arm-none-eabi/11.3.1/../../../../arm-none-eabi/lib/thumb/v7e-m+fp/hard\libc_nano.a(libc_a-signal.o)
                0x000000001000b9be                _raise_r
 *fill*         0x000000001000ba0e        0x2 
 .text.raise    0x000000001000ba10       0x10 D:/Coding/environment/embedded-c/STM32CubeIDE_1.13.2/STM32CubeIDE/plugins/com.st.stm32cube.ide.mcu.externaltools.gnu-tools-for-stm32.11.3.rel1.win32_1.1.1.202309131626/tools/bin/../lib/gcc/arm-none-eabi/11.3.1/../../../../arm-none-eabi/lib/thumb/v7e-m+fp/hard\libc_nano.a(libc_a-signal.o)
                0x000000001000ba10                raise
 .text._kill_r  0x000000001000ba20       0x24 D:/Coding/environment/embedded-c/STM32CubeIDE_1.13.2/STM32CubeIDE/plugins/com.st.stm32cube.ide.mcu.externaltools.gnu-tools-for-stm32.11.3.rel1.win32_1.1.1.202309131626/tools/bin/../lib/gcc/arm-none-eabi/11.3.1/../../../../arm-none-eabi/lib/thumb/v7e-m+fp/hard\libc_nano.a(libc_a-signalr.o)
                0x000000001000ba20                _kill_r
 .text._getpid_r
                0x000000001000ba44        0x4 D:/Coding/environment/embedded-c/STM32CubeIDE_1.13.2/STM32CubeIDE/plugins/com.st.stm32cube.ide.mcu.externaltools.gnu-tools-for-stm32.11.3.rel1.win32_1.1.1.202309131626/tools/bin/../lib/gcc/arm-none-eabi/11.3.1/../../../../arm-none-eabi/lib/thumb/v7e-m+fp/hard\libc_nano.a(libc_a-signalr.o)
                0x000000001000ba44                _getpid_r
 *(.glue_7)
 .glue_7        0x000000001000ba48        0x0 linker stubs
 *(.glue_7t)
 .glue_7t       0x000000001000ba48        0x0 linker stubs
 *(.eh_frame)
 .eh_frame      0x000000001000ba48        0x0 D:/Coding/environment/embedded-c/STM32CubeIDE_1.13.2/STM32CubeIDE/plugins/com.st.stm32cube.ide.mcu.externaltools.gnu-tools-for-stm32.11.3.rel1.win32_1.1.1.202309131626/tools/bin/../lib/gcc/arm-none-eabi/11.3.1/thumb/v7e-m+fp/hard/crtbegin.o
 *(.init)
 .init          0x000000001000ba48        0x4 D:/Coding/environment/embedded-c/STM32CubeIDE_1.13.2/STM32CubeIDE/plugins/com.st.stm32cube.ide.mcu.externaltools.gnu-tools-for-stm32.11.3.rel1.win32_1.1.1.202309131626/tools/bin/../lib/gcc/arm-none-eabi/11.3.1/thumb/v7e-m+fp/hard/crti.o
                0x000000001000ba48                _init
 .init          0x000000001000ba4c        0x8 D:/Coding/environment/embedded-c/STM32CubeIDE_1.13.2/STM32CubeIDE/plugins/com.st.stm32cube.ide.mcu.externaltools.gnu-tools-for-stm32.11.3.rel1.win32_1.1.1.202309131626/tools/bin/../lib/gcc/arm-none-eabi/11.3.1/thumb/v7e-m+fp/hard/crtn.o
 *(.fini)
 .fini          0x000000001000ba54        0x4 D:/Coding/environment/embedded-c/STM32CubeIDE_1.13.2/STM32CubeIDE/plugins/com.st.stm32cube.ide.mcu.externaltools.gnu-tools-for-stm32.11.3.rel1.win32_1.1.1.202309131626/tools/bin/../lib/gcc/arm-none-eabi/11.3.1/thumb/v7e-m+fp/hard/crti.o
                0x000000001000ba54                _fini
 .fini          0x000000001000ba58        0x8 D:/Coding/environment/embedded-c/STM32CubeIDE_1.13.2/STM32CubeIDE/plugins/com.st.stm32cube.ide.mcu.externaltools.gnu-tools-for-stm32.11.3.rel1.win32_1.1.1.202309131626/tools/bin/../lib/gcc/arm-none-eabi/11.3.1/thumb/v7e-m+fp/hard/crtn.o
                0x000000001000ba60                . = ALIGN (0x4)
                0x000000001000ba60                _etext = .

.vfp11_veneer   0x000000001000ba60        0x0
 .vfp11_veneer  0x000000001000ba60        0x0 linker stubs

.v4_bx          0x000000001000ba60        0x0
 .v4_bx         0x000000001000ba60        0x0 linker stubs

.iplt           0x000000001000ba60        0x0
 .iplt          0x000000001000ba60        0x0 D:/Coding/environment/embedded-c/STM32CubeIDE_1.13.2/STM32CubeIDE/plugins/com.st.stm32cube.ide.mcu.externaltools.gnu-tools-for-stm32.11.3.rel1.win32_1.1.1.202309131626/tools/bin/../lib/gcc/arm-none-eabi/11.3.1/thumb/v7e-m+fp/hard/crtbegin.o

.startup_copro_fw.Reset_Handler
                0x000000001000ba60       0x50
 .startup_copro_fw.Reset_Handler
                0x000000001000ba60       0x50 ./Core/Startup/startup_stm32mp157dacx.o
                0x000000001000ba60                Reset_Handler

.rodata         0x000000001000bab0      0x538
                0x000000001000bab0                . = ALIGN (0x4)
 *(.rodata)
 .rodata        0x000000001000bab0       0xfb ./Core/Src/main.o
 *fill*         0x000000001000bbab        0x1 
 .rodata        0x000000001000bbac       0x10 ./Drivers/STM32MP1xx_HAL_Driver/stm32mp1xx_hal_uart_ex.o
 *(.rodata*)
 .rodata._printf_float.str1.1
                0x000000001000bbbc       0x12 D:/Coding/environment/embedded-c/STM32CubeIDE_1.13.2/STM32CubeIDE/plugins/com.st.stm32cube.ide.mcu.externaltools.gnu-tools-for-stm32.11.3.rel1.win32_1.1.1.202309131626/tools/bin/../lib/gcc/arm-none-eabi/11.3.1/../../../../arm-none-eabi/lib/thumb/v7e-m+fp/hard\libc_nano.a(libc_a-nano-vfprintf_float.o)
 .rodata._printf_i.str1.1
                0x000000001000bbce       0x22 D:/Coding/environment/embedded-c/STM32CubeIDE_1.13.2/STM32CubeIDE/plugins/com.st.stm32cube.ide.mcu.externaltools.gnu-tools-for-stm32.11.3.rel1.win32_1.1.1.202309131626/tools/bin/../lib/gcc/arm-none-eabi/11.3.1/../../../../arm-none-eabi/lib/thumb/v7e-m+fp/hard\libc_nano.a(libc_a-nano-vfprintf_i.o)
 .rodata._scanf_float.str1.1
                0x000000001000bbf0        0x5 D:/Coding/environment/embedded-c/STM32CubeIDE_1.13.2/STM32CubeIDE/plugins/com.st.stm32cube.ide.mcu.externaltools.gnu-tools-for-stm32.11.3.rel1.win32_1.1.1.202309131626/tools/bin/../lib/gcc/arm-none-eabi/11.3.1/../../../../arm-none-eabi/lib/thumb/v7e-m+fp/hard\libc_nano.a(libc_a-nano-vfscanf_float.o)
                                          0x6 (size before relaxing)
 .rodata._dtoa_r.str1.1
                0x000000001000bbf5       0x8d D:/Coding/environment/embedded-c/STM32CubeIDE_1.13.2/STM32CubeIDE/plugins/com.st.stm32cube.ide.mcu.externaltools.gnu-tools-for-stm32.11.3.rel1.win32_1.1.1.202309131626/tools/bin/../lib/gcc/arm-none-eabi/11.3.1/../../../../arm-none-eabi/lib/thumb/v7e-m+fp/hard\libc_nano.a(libc_a-dtoa.o)
                                         0x8f (size before relaxing)
 .rodata._Balloc.str1.1
                0x000000001000bc82       0x59 D:/Coding/environment/embedded-c/STM32CubeIDE_1.13.2/STM32CubeIDE/plugins/com.st.stm32cube.ide.mcu.externaltools.gnu-tools-for-stm32.11.3.rel1.win32_1.1.1.202309131626/tools/bin/../lib/gcc/arm-none-eabi/11.3.1/../../../../arm-none-eabi/lib/thumb/v7e-m+fp/hard\libc_nano.a(libc_a-mprec.o)
                                         0x70 (size before relaxing)
 .rodata.__multadd.str1.1
                0x000000001000bcdb       0x11 D:/Coding/environment/embedded-c/STM32CubeIDE_1.13.2/STM32CubeIDE/plugins/com.st.stm32cube.ide.mcu.externaltools.gnu-tools-for-stm32.11.3.rel1.win32_1.1.1.202309131626/tools/bin/../lib/gcc/arm-none-eabi/11.3.1/../../../../arm-none-eabi/lib/thumb/v7e-m+fp/hard\libc_nano.a(libc_a-mprec.o)
 *fill*         0x000000001000bcdb        0x5 
 .rodata.__mprec_bigtens
                0x000000001000bce0       0x28 D:/Coding/environment/embedded-c/STM32CubeIDE_1.13.2/STM32CubeIDE/plugins/com.st.stm32cube.ide.mcu.externaltools.gnu-tools-for-stm32.11.3.rel1.win32_1.1.1.202309131626/tools/bin/../lib/gcc/arm-none-eabi/11.3.1/../../../../arm-none-eabi/lib/thumb/v7e-m+fp/hard\libc_nano.a(libc_a-mprec.o)
                0x000000001000bce0                __mprec_bigtens
 .rodata.__mprec_tens
                0x000000001000bd08       0xc8 D:/Coding/environment/embedded-c/STM32CubeIDE_1.13.2/STM32CubeIDE/plugins/com.st.stm32cube.ide.mcu.externaltools.gnu-tools-for-stm32.11.3.rel1.win32_1.1.1.202309131626/tools/bin/../lib/gcc/arm-none-eabi/11.3.1/../../../../arm-none-eabi/lib/thumb/v7e-m+fp/hard\libc_nano.a(libc_a-mprec.o)
                0x000000001000bd08                __mprec_tens
 .rodata.p05.0  0x000000001000bdd0        0xc D:/Coding/environment/embedded-c/STM32CubeIDE_1.13.2/STM32CubeIDE/plugins/com.st.stm32cube.ide.mcu.externaltools.gnu-tools-for-stm32.11.3.rel1.win32_1.1.1.202309131626/tools/bin/../lib/gcc/arm-none-eabi/11.3.1/../../../../arm-none-eabi/lib/thumb/v7e-m+fp/hard\libc_nano.a(libc_a-mprec.o)
 .rodata._strtod_l.str1.1
                0x000000001000bddc        0x2 D:/Coding/environment/embedded-c/STM32CubeIDE_1.13.2/STM32CubeIDE/plugins/com.st.stm32cube.ide.mcu.externaltools.gnu-tools-for-stm32.11.3.rel1.win32_1.1.1.202309131626/tools/bin/../lib/gcc/arm-none-eabi/11.3.1/../../../../arm-none-eabi/lib/thumb/v7e-m+fp/hard\libc_nano.a(libc_a-strtod.o)
                                          0xf (size before relaxing)
 *fill*         0x000000001000bdde        0x2 
 .rodata.fpi.1  0x000000001000bde0       0x14 D:/Coding/environment/embedded-c/STM32CubeIDE_1.13.2/STM32CubeIDE/plugins/com.st.stm32cube.ide.mcu.externaltools.gnu-tools-for-stm32.11.3.rel1.win32_1.1.1.202309131626/tools/bin/../lib/gcc/arm-none-eabi/11.3.1/../../../../arm-none-eabi/lib/thumb/v7e-m+fp/hard\libc_nano.a(libc_a-strtod.o)
 .rodata.fpinan.0
                0x000000001000bdf4       0x14 D:/Coding/environment/embedded-c/STM32CubeIDE_1.13.2/STM32CubeIDE/plugins/com.st.stm32cube.ide.mcu.externaltools.gnu-tools-for-stm32.11.3.rel1.win32_1.1.1.202309131626/tools/bin/../lib/gcc/arm-none-eabi/11.3.1/../../../../arm-none-eabi/lib/thumb/v7e-m+fp/hard\libc_nano.a(libc_a-strtod.o)
 .rodata.tinytens
                0x000000001000be08       0x28 D:/Coding/environment/embedded-c/STM32CubeIDE_1.13.2/STM32CubeIDE/plugins/com.st.stm32cube.ide.mcu.externaltools.gnu-tools-for-stm32.11.3.rel1.win32_1.1.1.202309131626/tools/bin/../lib/gcc/arm-none-eabi/11.3.1/../../../../arm-none-eabi/lib/thumb/v7e-m+fp/hard\libc_nano.a(libc_a-strtod.o)
 .rodata._ctype_
                0x000000001000be30      0x101 D:/Coding/environment/embedded-c/STM32CubeIDE_1.13.2/STM32CubeIDE/plugins/com.st.stm32cube.ide.mcu.externaltools.gnu-tools-for-stm32.11.3.rel1.win32_1.1.1.202309131626/tools/bin/../lib/gcc/arm-none-eabi/11.3.1/../../../../arm-none-eabi/lib/thumb/v7e-m+fp/hard\libc_nano.a(libc_a-ctype_.o)
                0x000000001000be30                _ctype_
 .rodata._svfprintf_r.str1.1
                0x000000001000bf31       0x11 D:/Coding/environment/embedded-c/STM32CubeIDE_1.13.2/STM32CubeIDE/plugins/com.st.stm32cube.ide.mcu.externaltools.gnu-tools-for-stm32.11.3.rel1.win32_1.1.1.202309131626/tools/bin/../lib/gcc/arm-none-eabi/11.3.1/../../../../arm-none-eabi/lib/thumb/v7e-m+fp/hard\libc_nano.a(libc_a-nano-svfprintf.o)
 .rodata._vfprintf_r.str1.1
                0x000000001000bf42       0x11 D:/Coding/environment/embedded-c/STM32CubeIDE_1.13.2/STM32CubeIDE/plugins/com.st.stm32cube.ide.mcu.externaltools.gnu-tools-for-stm32.11.3.rel1.win32_1.1.1.202309131626/tools/bin/../lib/gcc/arm-none-eabi/11.3.1/../../../../arm-none-eabi/lib/thumb/v7e-m+fp/hard\libc_nano.a(libc_a-nano-vfprintf.o)
 .rodata._setlocale_r.str1.1
                0x000000001000bf42        0x8 D:/Coding/environment/embedded-c/STM32CubeIDE_1.13.2/STM32CubeIDE/plugins/com.st.stm32cube.ide.mcu.externaltools.gnu-tools-for-stm32.11.3.rel1.win32_1.1.1.202309131626/tools/bin/../lib/gcc/arm-none-eabi/11.3.1/../../../../arm-none-eabi/lib/thumb/v7e-m+fp/hard\libc_nano.a(libc_a-locale.o)
                                          0x9 (size before relaxing)
 .rodata.str1.1
                0x000000001000bf4a        0x2 D:/Coding/environment/embedded-c/STM32CubeIDE_1.13.2/STM32CubeIDE/plugins/com.st.stm32cube.ide.mcu.externaltools.gnu-tools-for-stm32.11.3.rel1.win32_1.1.1.202309131626/tools/bin/../lib/gcc/arm-none-eabi/11.3.1/../../../../arm-none-eabi/lib/thumb/v7e-m+fp/hard\libc_nano.a(libc_a-locale.o)
 .rodata.__assert_func.str1.1
                0x000000001000bf4a       0x3c D:/Coding/environment/embedded-c/STM32CubeIDE_1.13.2/STM32CubeIDE/plugins/com.st.stm32cube.ide.mcu.externaltools.gnu-tools-for-stm32.11.3.rel1.win32_1.1.1.202309131626/tools/bin/../lib/gcc/arm-none-eabi/11.3.1/../../../../arm-none-eabi/lib/thumb/v7e-m+fp/hard\libc_nano.a(libc_a-assert.o)
                                         0x3d (size before relaxing)
 .rodata.__gethex.str1.1
                0x000000001000bf86       0x60 D:/Coding/environment/embedded-c/STM32CubeIDE_1.13.2/STM32CubeIDE/plugins/com.st.stm32cube.ide.mcu.externaltools.gnu-tools-for-stm32.11.3.rel1.win32_1.1.1.202309131626/tools/bin/../lib/gcc/arm-none-eabi/11.3.1/../../../../arm-none-eabi/lib/thumb/v7e-m+fp/hard\libc_nano.a(libc_a-gdtoa-gethex.o)
                                         0x73 (size before relaxing)
                0x000000001000bfe8                . = ALIGN (0x4)
 *fill*         0x000000001000bfe6        0x2 

.rel.dyn        0x000000001000bfe8        0x0
 .rel.iplt      0x000000001000bfe8        0x0 D:/Coding/environment/embedded-c/STM32CubeIDE_1.13.2/STM32CubeIDE/plugins/com.st.stm32cube.ide.mcu.externaltools.gnu-tools-for-stm32.11.3.rel1.win32_1.1.1.202309131626/tools/bin/../lib/gcc/arm-none-eabi/11.3.1/thumb/v7e-m+fp/hard/crtbegin.o

.ARM.extab      0x000000001000bfe8        0x0
                0x000000001000bfe8                . = ALIGN (0x4)
 *(.ARM.extab* .gnu.linkonce.armextab.*)
                0x000000001000bfe8                . = ALIGN (0x4)

.ARM            0x000000001000bfe8        0x0
                0x000000001000bfe8                . = ALIGN (0x4)
                0x000000001000bfe8                __exidx_start = .
 *(.ARM.exidx*)
                0x000000001000bfe8                __exidx_end = .
                0x000000001000bfe8                . = ALIGN (0x4)

.preinit_array  0x000000001000bfe8        0x0
                0x000000001000bfe8                . = ALIGN (0x4)
                0x000000001000bfe8                PROVIDE (__preinit_array_start = .)
 *(.preinit_array*)
                0x000000001000bfe8                PROVIDE (__preinit_array_end = .)
                0x000000001000bfe8                . = ALIGN (0x4)

.init_array     0x000000001000bfe8        0x4
                0x000000001000bfe8                . = ALIGN (0x4)
                0x000000001000bfe8                PROVIDE (__init_array_start = .)
 *(SORT_BY_NAME(.init_array.*))
 *(.init_array*)
 .init_array    0x000000001000bfe8        0x4 D:/Coding/environment/embedded-c/STM32CubeIDE_1.13.2/STM32CubeIDE/plugins/com.st.stm32cube.ide.mcu.externaltools.gnu-tools-for-stm32.11.3.rel1.win32_1.1.1.202309131626/tools/bin/../lib/gcc/arm-none-eabi/11.3.1/thumb/v7e-m+fp/hard/crtbegin.o
                0x000000001000bfec                PROVIDE (__init_array_end = .)
                0x000000001000bfec                . = ALIGN (0x4)

.fini_array     0x000000001000bfec        0x4
                0x000000001000bfec                . = ALIGN (0x4)
                [!provide]                        PROVIDE (__fini_array_start = .)
 *(SORT_BY_NAME(.fini_array.*))
 *(.fini_array*)
 .fini_array    0x000000001000bfec        0x4 D:/Coding/environment/embedded-c/STM32CubeIDE_1.13.2/STM32CubeIDE/plugins/com.st.stm32cube.ide.mcu.externaltools.gnu-tools-for-stm32.11.3.rel1.win32_1.1.1.202309131626/tools/bin/../lib/gcc/arm-none-eabi/11.3.1/thumb/v7e-m+fp/hard/crtbegin.o
                [!provide]                        PROVIDE (__fini_array_end = .)
                0x000000001000bff0                . = ALIGN (0x4)
                0x000000001000bff0                __DATA_ROM = .
                0x000000001000bff0                _sidata = LOADADDR (.data)

.data           0x0000000010020000      0x1d4 load address 0x000000001000bff0
                0x0000000010020000                . = ALIGN (0x4)
                0x0000000010020000                _sdata = .
 *(.data)
 *(.data*)
 .data.SystemCoreClock
                0x0000000010020000        0x4 ./Common/System/system_stm32mp1xx.o
                0x0000000010020000                SystemCoreClock
 .data.uwTickPrio
                0x0000000010020004        0x4 ./Drivers/STM32MP1xx_HAL_Driver/stm32mp1xx_hal.o
                0x0000000010020004                uwTickPrio
 .data.uwTickFreq
                0x0000000010020008        0x1 ./Drivers/STM32MP1xx_HAL_Driver/stm32mp1xx_hal.o
                0x0000000010020008                uwTickFreq
 *fill*         0x0000000010020009        0x3 