14:12:09 **** Clean-only build of configuration Debug for project mp157_CM4 ****
make -j8 clean 
rm -rf ./Drivers/STM32MP1xx_HAL_Driver/stm32mp1xx_hal.cyclo ./Drivers/STM32MP1xx_HAL_Driver/stm32mp1xx_hal.d ./Drivers/STM32MP1xx_HAL_Driver/stm32mp1xx_hal.o ./Drivers/STM32MP1xx_HAL_Driver/stm32mp1xx_hal.su ./Drivers/STM32MP1xx_HAL_Driver/stm32mp1xx_hal_cortex.cyclo ./Drivers/STM32MP1xx_HAL_Driver/stm32mp1xx_hal_cortex.d ./Drivers/STM32MP1xx_HAL_Driver/stm32mp1xx_hal_cortex.o ./Drivers/STM32MP1xx_HAL_Driver/stm32mp1xx_hal_cortex.su ./Drivers/STM32MP1xx_HAL_Driver/stm32mp1xx_hal_dma.cyclo ./Drivers/STM32MP1xx_HAL_Driver/stm32mp1xx_hal_dma.d ./Drivers/STM32MP1xx_HAL_Driver/stm32mp1xx_hal_dma.o ./Drivers/STM32MP1xx_HAL_Driver/stm32mp1xx_hal_dma.su ./Drivers/STM32MP1xx_HAL_Driver/stm32mp1xx_hal_dma_ex.cyclo ./Drivers/STM32MP1xx_HAL_Driver/stm32mp1xx_hal_dma_ex.d ./Drivers/STM32MP1xx_HAL_Driver/stm32mp1xx_hal_dma_ex.o ./Drivers/STM32MP1xx_HAL_Driver/stm32mp1xx_hal_dma_ex.su ./Drivers/STM32MP1xx_HAL_Driver/stm32mp1xx_hal_exti.cyclo ./Drivers/STM32MP1xx_HAL_Driver/stm32mp1xx_hal_exti.d ./Drivers/STM32MP1xx_HAL_Driver/stm32mp1xx_hal_exti.o ./Drivers/STM32MP1xx_HAL_Driver/stm32mp1xx_hal_exti.su ./Drivers/STM32MP1xx_HAL_Driver/stm32mp1xx_hal_gpio.cyclo ./Drivers/STM32MP1xx_HAL_Driver/stm32mp1xx_hal_gpio.d ./Drivers/STM32MP1xx_HAL_Driver/stm32mp1xx_hal_gpio.o ./Drivers/STM32MP1xx_HAL_Driver/stm32mp1xx_hal_gpio.su ./Drivers/STM32MP1xx_HAL_Driver/stm32mp1xx_hal_hsem.cyclo ./Drivers/STM32MP1xx_HAL_Driver/stm32mp1xx_hal_hsem.d ./Drivers/STM32MP1xx_HAL_Driver/stm32mp1xx_hal_hsem.o ./Drivers/STM32MP1xx_HAL_Driver/stm32mp1xx_hal_hsem.su ./Drivers/STM32MP1xx_HAL_Driver/stm32mp1xx_hal_mdma.cyclo ./Drivers/STM32MP1xx_HAL_Driver/stm32mp1xx_hal_mdma.d ./Drivers/STM32MP1xx_HAL_Driver/stm32mp1xx_hal_mdma.o ./Drivers/STM32MP1xx_HAL_Driver/stm32mp1xx_hal_mdma.su ./Drivers/STM32MP1xx_HAL_Driver/stm32mp1xx_hal_pwr.cyclo ./Drivers/STM32MP1xx_HAL_Driver/stm32mp1xx_hal_pwr.d ./Drivers/STM32MP1xx_HAL_Driver/stm32mp1xx_hal_pwr.o ./Drivers/STM32MP1xx_HAL_Driver/stm32mp1xx_hal_pwr.su ./Drivers/STM32MP1xx_HAL_Driver/stm32mp1xx_hal_pwr_ex.cyclo ./Drivers/STM32MP1xx_HAL_Driver/stm32mp1xx_hal_pwr_ex.d ./Drivers/STM32MP1xx_HAL_Driver/stm32mp1xx_hal_pwr_ex.o ./Drivers/STM32MP1xx_HAL_Driver/stm32mp1xx_hal_pwr_ex.su ./Drivers/STM32MP1xx_HAL_Driver/stm32mp1xx_hal_rcc.cyclo ./Drivers/STM32MP1xx_HAL_Driver/stm32mp1xx_hal_rcc.d ./Drivers/STM32MP1xx_HAL_Driver/stm32mp1xx_hal_rcc.o ./Drivers/STM32MP1xx_HAL_Driver/stm32mp1xx_hal_rcc.su ./Drivers/STM32MP1xx_HAL_Driver/stm32mp1xx_hal_rcc_ex.cyclo ./Drivers/STM32MP1xx_HAL_Driver/stm32mp1xx_hal_rcc_ex.d ./Drivers/STM32MP1xx_HAL_Driver/stm32mp1xx_hal_rcc_ex.o ./Drivers/STM32MP1xx_HAL_Driver/stm32mp1xx_hal_rcc_ex.su
rm -rf ./Core/Startup/startup_stm32mp157dacx.d ./Core/Startup/startup_stm32mp157dacx.o
rm -rf ./Core/Src/gpio.cyclo ./Core/Src/gpio.d ./Core/Src/gpio.o ./Core/Src/gpio.su ./Core/Src/main.cyclo ./Core/Src/main.d ./Core/Src/main.o ./Core/Src/main.su ./Core/Src/stm32mp1xx_hal_msp.cyclo ./Core/Src/stm32mp1xx_hal_msp.d ./Core/Src/stm32mp1xx_hal_msp.o ./Core/Src/stm32mp1xx_hal_msp.su ./Core/Src/stm32mp1xx_it.cyclo ./Core/Src/stm32mp1xx_it.d ./Core/Src/stm32mp1xx_it.o ./Core/Src/stm32mp1xx_it.su ./Core/Src/syscalls.cyclo ./Core/Src/syscalls.d ./Core/Src/syscalls.o ./Core/Src/syscalls.su ./Core/Src/sysmem.cyclo ./Core/Src/sysmem.d ./Core/Src/sysmem.o ./Core/Src/sysmem.su
rm -rf ./Common/System/system_stm32mp1xx.cyclo ./Common/System/system_stm32mp1xx.d ./Common/System/system_stm32mp1xx.o ./Common/System/system_stm32mp1xx.su
rm -rf default.size.stdout mp157_CM4.elf mp157_CM4.list mp157_CM4.map
 
14:12:09 **** Incremental Build of configuration Debug for project mp157_CM4 ****
make -j8 all 
arm-none-eabi-gcc "D:/Coding/c/learn-STM32MP157-M4/mp157/Drivers/STM32MP1xx_HAL_Driver/Src/stm32mp1xx_hal.c" -mcpu=cortex-m4 -std=gnu11 -g3 -DDEBUG -DCORE_CM4 -DUSE_HAL_DRIVER -DSTM32MP157Dxx -c -I../Core/Inc -I../../Drivers/STM32MP1xx_HAL_Driver/Inc -I../../Drivers/STM32MP1xx_HAL_Driver/Inc/Legacy -I../../Drivers/CMSIS/Device/ST/STM32MP1xx/Include -I../../Drivers/CMSIS/Include -I"D:/Coding/c/learn-STM32MP157-M4/mp157/CM4/DemoDriver" -O0 -ffunction-sections -fdata-sections -Wall -fstack-usage -fcyclomatic-complexity -MMD -MP -MF"Drivers/STM32MP1xx_HAL_Driver/stm32mp1xx_hal.d" -MT"Drivers/STM32MP1xx_HAL_Driver/stm32mp1xx_hal.o" --specs=nano.specs -mfpu=fpv4-sp-d16 -mfloat-abi=hard -mthumb -o "Drivers/STM32MP1xx_HAL_Driver/stm32mp1xx_hal.o"
arm-none-eabi-gcc "D:/Coding/c/learn-STM32MP157-M4/mp157/Drivers/STM32MP1xx_HAL_Driver/Src/stm32mp1xx_hal_cortex.c" -mcpu=cortex-m4 -std=gnu11 -g3 -DDEBUG -DCORE_CM4 -DUSE_HAL_DRIVER -DSTM32MP157Dxx -c -I../Core/Inc -I../../Drivers/STM32MP1xx_HAL_Driver/Inc -I../../Drivers/STM32MP1xx_HAL_Driver/Inc/Legacy -I../../Drivers/CMSIS/Device/ST/STM32MP1xx/Include -I../../Drivers/CMSIS/Include -I"D:/Coding/c/learn-STM32MP157-M4/mp157/CM4/DemoDriver" -O0 -ffunction-sections -fdata-sections -Wall -fstack-usage -fcyclomatic-complexity -MMD -MP -MF"Drivers/STM32MP1xx_HAL_Driver/stm32mp1xx_hal_cortex.d" -MT"Drivers/STM32MP1xx_HAL_Driver/stm32mp1xx_hal_cortex.o" --specs=nano.specs -mfpu=fpv4-sp-d16 -mfloat-abi=hard -mthumb -o "Drivers/STM32MP1xx_HAL_Driver/stm32mp1xx_hal_cortex.o"
arm-none-eabi-gcc "D:/Coding/c/learn-STM32MP157-M4/mp157/Drivers/STM32MP1xx_HAL_Driver/Src/stm32mp1xx_hal_dma.c" -mcpu=cortex-m4 -std=gnu11 -g3 -DDEBUG -DCORE_CM4 -DUSE_HAL_DRIVER -DSTM32MP157Dxx -c -I../Core/Inc -I../../Drivers/STM32MP1xx_HAL_Driver/Inc -I../../Drivers/STM32MP1xx_HAL_Driver/Inc/Legacy -I../../Drivers/CMSIS/Device/ST/STM32MP1xx/Include -I../../Drivers/CMSIS/Include -I"D:/Coding/c/learn-STM32MP157-M4/mp157/CM4/DemoDriver" -O0 -ffunction-sections -fdata-sections -Wall -fstack-usage -fcyclomatic-complexity -MMD -MP -MF"Drivers/STM32MP1xx_HAL_Driver/stm32mp1xx_hal_dma.d" -MT"Drivers/STM32MP1xx_HAL_Driver/stm32mp1xx_hal_dma.o" --specs=nano.specs -mfpu=fpv4-sp-d16 -mfloat-abi=hard -mthumb -o "Drivers/STM32MP1xx_HAL_Driver/stm32mp1xx_hal_dma.o"
arm-none-eabi-gcc "D:/Coding/c/learn-STM32MP157-M4/mp157/Drivers/STM32MP1xx_HAL_Driver/Src/stm32mp1xx_hal_dma_ex.c" -mcpu=cortex-m4 -std=gnu11 -g3 -DDEBUG -DCORE_CM4 -DUSE_HAL_DRIVER -DSTM32MP157Dxx -c -I../Core/Inc -I../../Drivers/STM32MP1xx_HAL_Driver/Inc -I../../Drivers/STM32MP1xx_HAL_Driver/Inc/Legacy -I../../Drivers/CMSIS/Device/ST/STM32MP1xx/Include -I../../Drivers/CMSIS/Include -I"D:/Coding/c/learn-STM32MP157-M4/mp157/CM4/DemoDriver" -O0 -ffunction-sections -fdata-sections -Wall -fstack-usage -fcyclomatic-complexity -MMD -MP -MF"Drivers/STM32MP1xx_HAL_Driver/stm32mp1xx_hal_dma_ex.d" -MT"Drivers/STM32MP1xx_HAL_Driver/stm32mp1xx_hal_dma_ex.o" --specs=nano.specs -mfpu=fpv4-sp-d16 -mfloat-abi=hard -mthumb -o "Drivers/STM32MP1xx_HAL_Driver/stm32mp1xx_hal_dma_ex.o"
arm-none-eabi-gcc "D:/Coding/c/learn-STM32MP157-M4/mp157/Drivers/STM32MP1xx_HAL_Driver/Src/stm32mp1xx_hal_exti.c" -mcpu=cortex-m4 -std=gnu11 -g3 -DDEBUG -DCORE_CM4 -DUSE_HAL_DRIVER -DSTM32MP157Dxx -c -I../Core/Inc -I../../Drivers/STM32MP1xx_HAL_Driver/Inc -I../../Drivers/STM32MP1xx_HAL_Driver/Inc/Legacy -I../../Drivers/CMSIS/Device/ST/STM32MP1xx/Include -I../../Drivers/CMSIS/Include -I"D:/Coding/c/learn-STM32MP157-M4/mp157/CM4/DemoDriver" -O0 -ffunction-sections -fdata-sections -Wall -fstack-usage -fcyclomatic-complexity -MMD -MP -MF"Drivers/STM32MP1xx_HAL_Driver/stm32mp1xx_hal_exti.d" -MT"Drivers/STM32MP1xx_HAL_Driver/stm32mp1xx_hal_exti.o" --specs=nano.specs -mfpu=fpv4-sp-d16 -mfloat-abi=hard -mthumb -o "Drivers/STM32MP1xx_HAL_Driver/stm32mp1xx_hal_exti.o"
arm-none-eabi-gcc "D:/Coding/c/learn-STM32MP157-M4/mp157/Drivers/STM32MP1xx_HAL_Driver/Src/stm32mp1xx_hal_gpio.c" -mcpu=cortex-m4 -std=gnu11 -g3 -DDEBUG -DCORE_CM4 -DUSE_HAL_DRIVER -DSTM32MP157Dxx -c -I../Core/Inc -I../../Drivers/STM32MP1xx_HAL_Driver/Inc -I../../Drivers/STM32MP1xx_HAL_Driver/Inc/Legacy -I../../Drivers/CMSIS/Device/ST/STM32MP1xx/Include -I../../Drivers/CMSIS/Include -I"D:/Coding/c/learn-STM32MP157-M4/mp157/CM4/DemoDriver" -O0 -ffunction-sections -fdata-sections -Wall -fstack-usage -fcyclomatic-complexity -MMD -MP -MF"Drivers/STM32MP1xx_HAL_Driver/stm32mp1xx_hal_gpio.d" -MT"Drivers/STM32MP1xx_HAL_Driver/stm32mp1xx_hal_gpio.o" --specs=nano.specs -mfpu=fpv4-sp-d16 -mfloat-abi=hard -mthumb -o "Drivers/STM32MP1xx_HAL_Driver/stm32mp1xx_hal_gpio.o"
arm-none-eabi-gcc "D:/Coding/c/learn-STM32MP157-M4/mp157/Drivers/STM32MP1xx_HAL_Driver/Src/stm32mp1xx_hal_hsem.c" -mcpu=cortex-m4 -std=gnu11 -g3 -DDEBUG -DCORE_CM4 -DUSE_HAL_DRIVER -DSTM32MP157Dxx -c -I../Core/Inc -I../../Drivers/STM32MP1xx_HAL_Driver/Inc -I../../Drivers/STM32MP1xx_HAL_Driver/Inc/Legacy -I../../Drivers/CMSIS/Device/ST/STM32MP1xx/Include -I../../Drivers/CMSIS/Include -I"D:/Coding/c/learn-STM32MP157-M4/mp157/CM4/DemoDriver" -O0 -ffunction-sections -fdata-sections -Wall -fstack-usage -fcyclomatic-complexity -MMD -MP -MF"Drivers/STM32MP1xx_HAL_Driver/stm32mp1xx_hal_hsem.d" -MT"Drivers/STM32MP1xx_HAL_Driver/stm32mp1xx_hal_hsem.o" --specs=nano.specs -mfpu=fpv4-sp-d16 -mfloat-abi=hard -mthumb -o "Drivers/STM32MP1xx_HAL_Driver/stm32mp1xx_hal_hsem.o"
arm-none-eabi-gcc "D:/Coding/c/learn-STM32MP157-M4/mp157/Drivers/STM32MP1xx_HAL_Driver/Src/stm32mp1xx_hal_mdma.c" -mcpu=cortex-m4 -std=gnu11 -g3 -DDEBUG -DCORE_CM4 -DUSE_HAL_DRIVER -DSTM32MP157Dxx -c -I../Core/Inc -I../../Drivers/STM32MP1xx_HAL_Driver/Inc -I../../Drivers/STM32MP1xx_HAL_Driver/Inc/Legacy -I../../Drivers/CMSIS/Device/ST/STM32MP1xx/Include -I../../Drivers/CMSIS/Include -I"D:/Coding/c/learn-STM32MP157-M4/mp157/CM4/DemoDriver" -O0 -ffunction-sections -fdata-sections -Wall -fstack-usage -fcyclomatic-complexity -MMD -MP -MF"Drivers/STM32MP1xx_HAL_Driver/stm32mp1xx_hal_mdma.d" -MT"Drivers/STM32MP1xx_HAL_Driver/stm32mp1xx_hal_mdma.o" --specs=nano.specs -mfpu=fpv4-sp-d16 -mfloat-abi=hard -mthumb -o "Drivers/STM32MP1xx_HAL_Driver/stm32mp1xx_hal_mdma.o"
arm-none-eabi-gcc "D:/Coding/c/learn-STM32MP157-M4/mp157/Drivers/STM32MP1xx_HAL_Driver/Src/stm32mp1xx_hal_pwr.c" -mcpu=cortex-m4 -std=gnu11 -g3 -DDEBUG -DCORE_CM4 -DUSE_HAL_DRIVER -DSTM32MP157Dxx -c -I../Core/Inc -I../../Drivers/STM32MP1xx_HAL_Driver/Inc -I../../Drivers/STM32MP1xx_HAL_Driver/Inc/Legacy -I../../Drivers/CMSIS/Device/ST/STM32MP1xx/Include -I../../Drivers/CMSIS/Include -I"D:/Coding/c/learn-STM32MP157-M4/mp157/CM4/DemoDriver" -O0 -ffunction-sections -fdata-sections -Wall -fstack-usage -fcyclomatic-complexity -MMD -MP -MF"Drivers/STM32MP1xx_HAL_Driver/stm32mp1xx_hal_pwr.d" -MT"Drivers/STM32MP1xx_HAL_Driver/stm32mp1xx_hal_pwr.o" --specs=nano.specs -mfpu=fpv4-sp-d16 -mfloat-abi=hard -mthumb -o "Drivers/STM32MP1xx_HAL_Driver/stm32mp1xx_hal_pwr.o"
arm-none-eabi-gcc "D:/Coding/c/learn-STM32MP157-M4/mp157/Drivers/STM32MP1xx_HAL_Driver/Src/stm32mp1xx_hal_pwr_ex.c" -mcpu=cortex-m4 -std=gnu11 -g3 -DDEBUG -DCORE_CM4 -DUSE_HAL_DRIVER -DSTM32MP157Dxx -c -I../Core/Inc -I../../Drivers/STM32MP1xx_HAL_Driver/Inc -I../../Drivers/STM32MP1xx_HAL_Driver/Inc/Legacy -I../../Drivers/CMSIS/Device/ST/STM32MP1xx/Include -I../../Drivers/CMSIS/Include -I"D:/Coding/c/learn-STM32MP157-M4/mp157/CM4/DemoDriver" -O0 -ffunction-sections -fdata-sections -Wall -fstack-usage -fcyclomatic-complexity -MMD -MP -MF"Drivers/STM32MP1xx_HAL_Driver/stm32mp1xx_hal_pwr_ex.d" -MT"Drivers/STM32MP1xx_HAL_Driver/stm32mp1xx_hal_pwr_ex.o" --specs=nano.specs -mfpu=fpv4-sp-d16 -mfloat-abi=hard -mthumb -o "Drivers/STM32MP1xx_HAL_Driver/stm32mp1xx_hal_pwr_ex.o"
arm-none-eabi-gcc "D:/Coding/c/learn-STM32MP157-M4/mp157/Drivers/STM32MP1xx_HAL_Driver/Src/stm32mp1xx_hal_rcc.c" -mcpu=cortex-m4 -std=gnu11 -g3 -DDEBUG -DCORE_CM4 -DUSE_HAL_DRIVER -DSTM32MP157Dxx -c -I../Core/Inc -I../../Drivers/STM32MP1xx_HAL_Driver/Inc -I../../Drivers/STM32MP1xx_HAL_Driver/Inc/Legacy -I../../Drivers/CMSIS/Device/ST/STM32MP1xx/Include -I../../Drivers/CMSIS/Include -I"D:/Coding/c/learn-STM32MP157-M4/mp157/CM4/DemoDriver" -O0 -ffunction-sections -fdata-sections -Wall -fstack-usage -fcyclomatic-complexity -MMD -MP -MF"Drivers/STM32MP1xx_HAL_Driver/stm32mp1xx_hal_rcc.d" -MT"Drivers/STM32MP1xx_HAL_Driver/stm32mp1xx_hal_rcc.o" --specs=nano.specs -mfpu=fpv4-sp-d16 -mfloat-abi=hard -mthumb -o "Drivers/STM32MP1xx_HAL_Driver/stm32mp1xx_hal_rcc.o"
arm-none-eabi-gcc "D:/Coding/c/learn-STM32MP157-M4/mp157/Drivers/STM32MP1xx_HAL_Driver/Src/stm32mp1xx_hal_rcc_ex.c" -mcpu=cortex-m4 -std=gnu11 -g3 -DDEBUG -DCORE_CM4 -DUSE_HAL_DRIVER -DSTM32MP157Dxx -c -I../Core/Inc -I../../Drivers/STM32MP1xx_HAL_Driver/Inc -I../../Drivers/STM32MP1xx_HAL_Driver/Inc/Legacy -I../../Drivers/CMSIS/Device/ST/STM32MP1xx/Include -I../../Drivers/CMSIS/Include -I"D:/Coding/c/learn-STM32MP157-M4/mp157/CM4/DemoDriver" -O0 -ffunction-sections -fdata-sections -Wall -fstack-usage -fcyclomatic-complexity -MMD -MP -MF"Drivers/STM32MP1xx_HAL_Driver/stm32mp1xx_hal_rcc_ex.d" -MT"Drivers/STM32MP1xx_HAL_Driver/stm32mp1xx_hal_rcc_ex.o" --specs=nano.specs -mfpu=fpv4-sp-d16 -mfloat-abi=hard -mthumb -o "Drivers/STM32MP1xx_HAL_Driver/stm32mp1xx_hal_rcc_ex.o"
arm-none-eabi-gcc "../DemoDriver/driver_led.c" -mcpu=cortex-m4 -std=gnu11 -g3 -DDEBUG -DCORE_CM4 -DUSE_HAL_DRIVER -DSTM32MP157Dxx -c -I../Core/Inc -I../../Drivers/STM32MP1xx_HAL_Driver/Inc -I../../Drivers/STM32MP1xx_HAL_Driver/Inc/Legacy -I../../Drivers/CMSIS/Device/ST/STM32MP1xx/Include -I../../Drivers/CMSIS/Include -I../DemoDriver -O0 -ffunction-sections -fdata-sections -Wall -fstack-usage -fcyclomatic-complexity -MMD -MP -MF"DemoDriver/driver_led.d" -MT"DemoDriver/driver_led.o" --specs=nano.specs -mfpu=fpv4-sp-d16 -mfloat-abi=hard -mthumb -o "DemoDriver/driver_led.o"
arm-none-eabi-gcc -mcpu=cortex-m4 -g3 -DDEBUG -c -I"D:/Coding/c/learn-STM32MP157-M4/mp157/CM4/DemoDriver" -x assembler-with-cpp -MMD -MP -MF"Core/Startup/startup_stm32mp157dacx.d" -MT"Core/Startup/startup_stm32mp157dacx.o" --specs=nano.specs -mfpu=fpv4-sp-d16 -mfloat-abi=hard -mthumb -o "Core/Startup/startup_stm32mp157dacx.o" "../Core/Startup/startup_stm32mp157dacx.s"
arm-none-eabi-gcc "../Core/Src/gpio.c" -mcpu=cortex-m4 -std=gnu11 -g3 -DDEBUG -DCORE_CM4 -DUSE_HAL_DRIVER -DSTM32MP157Dxx -c -I../Core/Inc -I../../Drivers/STM32MP1xx_HAL_Driver/Inc -I../../Drivers/STM32MP1xx_HAL_Driver/Inc/Legacy -I../../Drivers/CMSIS/Device/ST/STM32MP1xx/Include -I../../Drivers/CMSIS/Include -I"D:/Coding/c/learn-STM32MP157-M4/mp157/CM4/DemoDriver" -O0 -ffunction-sections -fdata-sections -Wall -fstack-usage -fcyclomatic-complexity -MMD -MP -MF"Core/Src/gpio.d" -MT"Core/Src/gpio.o" --specs=nano.specs -mfpu=fpv4-sp-d16 -mfloat-abi=hard -mthumb -o "Core/Src/gpio.o"
arm-none-eabi-gcc "../Core/Src/main.c" -mcpu=cortex-m4 -std=gnu11 -g3 -DDEBUG -DCORE_CM4 -DUSE_HAL_DRIVER -DSTM32MP157Dxx -c -I../Core/Inc -I../../Drivers/STM32MP1xx_HAL_Driver/Inc -I../../Drivers/STM32MP1xx_HAL_Driver/Inc/Legacy -I../../Drivers/CMSIS/Device/ST/STM32MP1xx/Include -I../../Drivers/CMSIS/Include -I"D:/Coding/c/learn-STM32MP157-M4/mp157/CM4/DemoDriver" -O0 -ffunction-sections -fdata-sections -Wall -fstack-usage -fcyclomatic-complexity -MMD -MP -MF"Core/Src/main.d" -MT"Core/Src/main.o" --specs=nano.specs -mfpu=fpv4-sp-d16 -mfloat-abi=hard -mthumb -o "Core/Src/main.o"
arm-none-eabi-gcc "../Core/Src/stm32mp1xx_hal_msp.c" -mcpu=cortex-m4 -std=gnu11 -g3 -DDEBUG -DCORE_CM4 -DUSE_HAL_DRIVER -DSTM32MP157Dxx -c -I../Core/Inc -I../../Drivers/STM32MP1xx_HAL_Driver/Inc -I../../Drivers/STM32MP1xx_HAL_Driver/Inc/Legacy -I../../Drivers/CMSIS/Device/ST/STM32MP1xx/Include -I../../Drivers/CMSIS/Include -I"D:/Coding/c/learn-STM32MP157-M4/mp157/CM4/DemoDriver" -O0 -ffunction-sections -fdata-sections -Wall -fstack-usage -fcyclomatic-complexity -MMD -MP -MF"Core/Src/stm32mp1xx_hal_msp.d" -MT"Core/Src/stm32mp1xx_hal_msp.o" --specs=nano.specs -mfpu=fpv4-sp-d16 -mfloat-abi=hard -mthumb -o "Core/Src/stm32mp1xx_hal_msp.o"
../Core/Src/main.c: In function 'main':
../Core/Src/main.c:69:19: warning: variable 'sys_freq' set but not used [-Wunused-but-set-variable]
   69 |   static uint32_t sys_freq = 0; // 定义�?个全�?变量获取系统时钟值，验证配置的时钟是否正�?
      |                   ^~~~~~~~
arm-none-eabi-gcc "../Core/Src/stm32mp1xx_it.c" -mcpu=cortex-m4 -std=gnu11 -g3 -DDEBUG -DCORE_CM4 -DUSE_HAL_DRIVER -DSTM32MP157Dxx -c -I../Core/Inc -I../../Drivers/STM32MP1xx_HAL_Driver/Inc -I../../Drivers/STM32MP1xx_HAL_Driver/Inc/Legacy -I../../Drivers/CMSIS/Device/ST/STM32MP1xx/Include -I../../Drivers/CMSIS/Include -I"D:/Coding/c/learn-STM32MP157-M4/mp157/CM4/DemoDriver" -O0 -ffunction-sections -fdata-sections -Wall -fstack-usage -fcyclomatic-complexity -MMD -MP -MF"Core/Src/stm32mp1xx_it.d" -MT"Core/Src/stm32mp1xx_it.o" --specs=nano.specs -mfpu=fpv4-sp-d16 -mfloat-abi=hard -mthumb -o "Core/Src/stm32mp1xx_it.o"
arm-none-eabi-gcc "../Core/Src/syscalls.c" -mcpu=cortex-m4 -std=gnu11 -g3 -DDEBUG -DCORE_CM4 -DUSE_HAL_DRIVER -DSTM32MP157Dxx -c -I../Core/Inc -I../../Drivers/STM32MP1xx_HAL_Driver/Inc -I../../Drivers/STM32MP1xx_HAL_Driver/Inc/Legacy -I../../Drivers/CMSIS/Device/ST/STM32MP1xx/Include -I../../Drivers/CMSIS/Include -I"D:/Coding/c/learn-STM32MP157-M4/mp157/CM4/DemoDriver" -O0 -ffunction-sections -fdata-sections -Wall -fstack-usage -fcyclomatic-complexity -MMD -MP -MF"Core/Src/syscalls.d" -MT"Core/Src/syscalls.o" --specs=nano.specs -mfpu=fpv4-sp-d16 -mfloat-abi=hard -mthumb -o "Core/Src/syscalls.o"
arm-none-eabi-gcc "../Core/Src/sysmem.c" -mcpu=cortex-m4 -std=gnu11 -g3 -DDEBUG -DCORE_CM4 -DUSE_HAL_DRIVER -DSTM32MP157Dxx -c -I../Core/Inc -I../../Drivers/STM32MP1xx_HAL_Driver/Inc -I../../Drivers/STM32MP1xx_HAL_Driver/Inc/Legacy -I../../Drivers/CMSIS/Device/ST/STM32MP1xx/Include -I../../Drivers/CMSIS/Include -I"D:/Coding/c/learn-STM32MP157-M4/mp157/CM4/DemoDriver" -O0 -ffunction-sections -fdata-sections -Wall -fstack-usage -fcyclomatic-complexity -MMD -MP -MF"Core/Src/sysmem.d" -MT"Core/Src/sysmem.o" --specs=nano.specs -mfpu=fpv4-sp-d16 -mfloat-abi=hard -mthumb -o "Core/Src/sysmem.o"
arm-none-eabi-gcc "D:/Coding/c/learn-STM32MP157-M4/mp157/Common/System/system_stm32mp1xx.c" -mcpu=cortex-m4 -std=gnu11 -g3 -DDEBUG -DCORE_CM4 -DUSE_HAL_DRIVER -DSTM32MP157Dxx -c -I../Core/Inc -I../../Drivers/STM32MP1xx_HAL_Driver/Inc -I../../Drivers/STM32MP1xx_HAL_Driver/Inc/Legacy -I../../Drivers/CMSIS/Device/ST/STM32MP1xx/Include -I../../Drivers/CMSIS/Include -I"D:/Coding/c/learn-STM32MP157-M4/mp157/CM4/DemoDriver" -O0 -ffunction-sections -fdata-sections -Wall -fstack-usage -fcyclomatic-complexity -MMD -MP -MF"Common/System/system_stm32mp1xx.d" -MT"Common/System/system_stm32mp1xx.o" --specs=nano.specs -mfpu=fpv4-sp-d16 -mfloat-abi=hard -mthumb -o "Common/System/system_stm32mp1xx.o"
arm-none-eabi-gcc -o "mp157_CM4.elf" @"objects.list"   -mcpu=cortex-m4 -T"D:\Coding\c\learn-STM32MP157-M4\mp157\CM4\STM32MP157DACX_RAM.ld" --specs=nosys.specs -Wl,-Map="mp157_CM4.map" -Wl,--gc-sections -static --specs=nano.specs -mfpu=fpv4-sp-d16 -mfloat-abi=hard -mthumb -Wl,--start-group -lc -lm -Wl,--end-group
Finished building target: mp157_CM4.elf
 
arm-none-eabi-size   mp157_CM4.elf 
arm-none-eabi-objdump -h -S  mp157_CM4.elf  > "mp157_CM4.list"
   text	   data	    bss	    dec	    hex	filename
  10944	     20	   1572	  12536	   30f8	mp157_CM4.elf
Finished building: default.size.stdout
 
Finished building: mp157_CM4.list
 
14:14:50 **** Incremental Build of configuration Debug for project mp157_CM4 ****
make -j8 all 
arm-none-eabi-size   mp157_CM4.elf 
   text	   data	    bss	    dec	    hex	filename
  10944	     20	   1572	  12536	   30f8	mp157_CM4.elf
Finished building: default.size.stdout
 
14:16:20 **** Incremental Build of configuration Debug for project mp157_CM4 ****
make -j8 all 
arm-none-eabi-size   mp157_CM4.elf 
   text	   data	    bss	    dec	    hex	filename
  10944	     20	   1572	  12536	   30f8	mp157_CM4.elf
Finished building: default.size.stdout
 
14:19:13 **** Incremental Build of configuration Debug for project mp157_CM4 ****
make -j8 all 
arm-none-eabi-gcc "../Core/Src/main.c" -mcpu=cortex-m4 -std=gnu11 -g3 -DDEBUG -DCORE_CM4 -DUSE_HAL_DRIVER -DSTM32MP157Dxx -c -I../Core/Inc -I../../Drivers/STM32MP1xx_HAL_Driver/Inc -I../../Drivers/STM32MP1xx_HAL_Driver/Inc/Legacy -I../../Drivers/CMSIS/Device/ST/STM32MP1xx/Include -I../../Drivers/CMSIS/Include -I"D:/Coding/c/learn-STM32MP157-M4/mp157/CM4/DemoDriver" -O0 -ffunction-sections -fdata-sections -Wall -fstack-usage -fcyclomatic-complexity -MMD -MP -MF"Core/Src/main.d" -MT"Core/Src/main.o" --specs=nano.specs -mfpu=fpv4-sp-d16 -mfloat-abi=hard -mthumb -o "Core/Src/main.o"
../Core/Src/main.c: In function 'main':
../Core/Src/main.c:69:19: warning: variable 'sys_freq' set but not used [-Wunused-but-set-variable]
   69 |   static uint32_t sys_freq = 0; // 定义�?个全�?变量获取系统时钟值，验证配置的时钟是否正�?
      |                   ^~~~~~~~
arm-none-eabi-gcc -o "mp157_CM4.elf" @"objects.list"   -mcpu=cortex-m4 -T"D:\Coding\c\learn-STM32MP157-M4\mp157\CM4\STM32MP157DACX_RAM.ld" --specs=nosys.specs -Wl,-Map="mp157_CM4.map" -Wl,--gc-sections -static --specs=nano.specs -mfpu=fpv4-sp-d16 -mfloat-abi=hard -mthumb -Wl,--start-group -lc -lm -Wl,--end-group
Finished building target: mp157_CM4.elf
 
arm-none-eabi-size   mp157_CM4.elf 
arm-none-eabi-objdump -h -S  mp157_CM4.elf  > "mp157_CM4.list"
   text	   data	    bss	    dec	    hex	filename
  10944	     20	   1572	  12536	   30f8	mp157_CM4.elf
Finished building: default.size.stdout
 
Finished building: mp157_CM4.list
 
14:23:06 **** Incremental Build of configuration Debug for project mp157_CM4 ****
make -j8 all 
arm-none-eabi-size   mp157_CM4.elf 
   text	   data	    bss	    dec	    hex	filename
  10944	     20	   1572	  12536	   30f8	mp157_CM4.elf
Finished building: default.size.stdout
 
